12-10 17:23:00.931 D/WindowManager( 2975): interceptKeyTq keycode=20 interactive=true keyguardActive=false policyFlags=22000000
12-10 17:23:00.931 I/power   ( 2975): release_wake_lock id='KeyEvents'
12-10 17:23:00.932 D/PowerManagerService( 2975): checkScreenSaverTimeoutLocked come 240000 reason=userActivity
12-10 17:23:00.932 D/WindowManager( 2975): interceptKeyTi keyCode=20 down=true repeatCount=0 keyguardOn=false mHomePressed=false canceled=false
12-10 17:23:00.932 I/MitvPhoneWindowManager( 2975): prepare dispatch key 20 deviceId=4 down=true to Window{4bee9f6 u0 com.mitv.tvhome/com.mitv.tvhome.NewMyAppActivity} win attr=WM.LayoutParams{(0,0)(fillxfill) sim=#110 ty=1 fl=#83810100 wanim=0x103045b vsysui=0x600 needsMenuKey=2}
12-10 17:23:00.934 D/SogouIME( 3211): [onKeyDown] keycode = 20 model = MiTV4A build_id:Build_146117_20170811 true
12-10 17:23:00.935 D/AudioManager( 3249): preDispatchKeyEvent 20repeat count: 0
12-10 17:23:00.937 V/PageRowsFragment( 3249): {com.mitv.tvhome.app.PageRowsFragment(SourceFile:23)} - new row selected position 1 subposition 1 view com.mitv.tvhome.mitvui.view.RowContainerView{55c74f8 V.E...... ........ 0,267-1920,1467 isViewGroup=true mPrivateFlags = 10088b0 mViewFlags=18000080}
12-10 17:23:00.938 D/PageRowsFragment( 3249): {com.mitv.tvhome.app.PageWithLoaderFragment(SourceFile:5)} - onRowSelected 1
12-10 17:23:00.939 D/BackgroundHelper( 3249):  clearBackground: 2
12-10 17:23:00.940 D/BackgroundHelper( 3249): enable_channel_bg_ad : false
12-10 17:23:00.940 D/BackgroundHelper( 3249): current layer not equals to clear layer
12-10 17:23:00.945 I/AudioTrack( 2975): set(): streamType 1, sampleRate 44100, format 0x1, channelMask 0x3, frameCount 0, flags #4, notificationFrames 0, sessionId 0, transferType 0, uid -1, pid -1
12-10 17:23:00.948 I/AudioPolicyManager( 2659): getOutputForAttr() device 0x280002, samplingRate 44100, format 1, channelMask 3, flags 4
12-10 17:23:00.957 D/SogouIME API( 3211): ==============num:32
12-10 17:23:00.957 D/SogouIME( 3211): mFocusedComponent:30   isHkbEnable:false
12-10 17:23:00.961 D/SogouIME( 3211): =====configKeyboard=======是否有硬件盘:false     硬件盘是否不再隐藏：false
12-10 17:23:00.962 I/AudioPolicyManager( 2659): getNewOutputDevice() selected device 280002
12-10 17:23:00.979 I/AudioMixer( 2659): setParameter(VOLUME, VOLUME0: 0000)
12-10 17:23:00.980 I/AudioMixer( 2659): setParameter(VOLUME, VOLUME1: 0000)
12-10 17:23:00.980 I/AudioMixer( 2659): Platform is: matrix
12-10 17:23:00.980 I/AudioMixer( 2659): Creating resampler: format(0x1) channels(2) trackSampleRate(44100) devSampleRate(48000) quality(0)
12-10 17:23:00.980 D/AudioMixer( 2659): process__validate, lfe mask:0x3, track name :2
12-10 17:23:00.980 D/AudioMixer( 2659): process__validate, lfe mask:0x3, track name :1
12-10 17:23:00.980 D/AudioMixer( 2659): process__validate, start set paramete [hasLFE=0]
12-10 17:23:00.998 I/hook    (25375): getting:192.168.1.122
12-10 17:23:00.998 I/hook    (25375): ai_flags:4
12-10 17:23:01.017 I/hook    (25375): getting:192.168.1.122
12-10 17:23:01.017 I/hook    (25375): ai_flags:4
12-10 17:23:01.026 I/hook    (25375): getting:192.168.1.122
12-10 17:23:01.026 I/hook    (25375): ai_flags:4
12-10 17:23:01.047 I/hook    (25375): getting:192.168.1.122
12-10 17:23:01.047 I/hook    (25375): ai_flags:4
12-10 17:23:01.059 I/Switch  (28562): No usage, return
12-10 17:23:01.063 D/AudioMixer( 2659): process__validate, lfe mask:0x3, track name :1
12-10 17:23:01.063 D/AudioMixer( 2659): process__validate, start set paramete [hasLFE=0]
12-10 17:23:01.071 I/hook    (25375): getting:192.168.1.122
12-10 17:23:01.071 I/hook    (25375): ai_flags:4
12-10 17:23:01.091 I/hook    (25375): getting:192.168.1.122
12-10 17:23:01.091 I/hook    (25375): ai_flags:4
12-10 17:23:01.098 I/power   ( 2975): acquire_wake_lock lock=1 id='KeyEvents'
12-10 17:23:01.099 D/MitvPhoneWindowManager( 2975):  keyCode 20
12-10 17:23:01.099 D/WindowManager( 2975): interceptKeyTq keycode=20 interactive=true keyguardActive=false policyFlags=22000000
12-10 17:23:01.099 I/power   ( 2975): release_wake_lock id='KeyEvents'
12-10 17:23:01.099 D/WindowManager( 2975): interceptKeyTi keyCode=20 down=false repeatCount=0 keyguardOn=false mHomePressed=false canceled=false
12-10 17:23:01.099 I/MitvPhoneWindowManager( 2975): prepare dispatch key 20 deviceId=4 down=false to Window{4bee9f6 u0 com.mitv.tvhome/com.mitv.tvhome.NewMyAppActivity} win attr=WM.LayoutParams{(0,0)(fillxfill) sim=#110 ty=1 fl=#83810100 wanim=0x103045b vsysui=0x600 needsMenuKey=2}
12-10 17:23:01.100 D/SogouIME( 3211): [onKeyUp] keycode = 20 model = MiTV4A build_id:Build_146117_20170811
12-10 17:23:01.101 D/AudioManager( 3249): preDispatchKeyEvent 20repeat count: 0
12-10 17:23:01.109 I/hook    (25375): getting:192.168.1.122
12-10 17:23:01.110 I/hook    (25375): ai_flags:4
12-10 17:23:01.117 I/hook    (25375): getting:192.168.1.122
12-10 17:23:01.117 I/hook    (25375): ai_flags:4
12-10 17:23:01.125 I/hook    (25375): getting:192.168.1.122
12-10 17:23:01.125 I/hook    (25375): ai_flags:4
12-10 17:23:01.169 I/power   ( 2659): acquire_wake_lock lock=1 id='ApmOutput'
12-10 17:23:01.170 I/AudioPolicyManager( 2659): getNewOutputDevice() selected device 280002
12-10 17:23:01.170 I/power   ( 2659): release_wake_lock id='ApmOutput'
12-10 17:23:01.438 I/MiTv-Impl-tv2_55-amlogic-SoundRecorder( 3417): onPeriodicNotification, mCount = 5370, mRecordTimeInSecond = -1, mRecorder = android.media.AudioRecord@84b965d
12-10 17:23:01.609 I/power   ( 2975): acquire_wake_lock lock=1 id='KeyEvents'
12-10 17:23:01.609 D/WindowManager( 2975): interceptKeyTq keycode=23 interactive=true keyguardActive=false policyFlags=22000000
12-10 17:23:01.610 I/power   ( 2975): release_wake_lock id='KeyEvents'
12-10 17:23:01.610 D/PowerManagerService( 2975): checkScreenSaverTimeoutLocked come 240000 reason=userActivity
12-10 17:23:01.610 D/WindowManager( 2975): interceptKeyTi keyCode=23 down=true repeatCount=0 keyguardOn=false mHomePressed=false canceled=false
12-10 17:23:01.610 I/MitvPhoneWindowManager( 2975): prepare dispatch key 23 deviceId=4 down=true to Window{4bee9f6 u0 com.mitv.tvhome/com.mitv.tvhome.NewMyAppActivity} win attr=WM.LayoutParams{(0,0)(fillxfill) sim=#110 ty=1 fl=#83810100 wanim=0x103045b vsysui=0x600 needsMenuKey=2}
12-10 17:23:01.611 D/SogouIME( 3211): [onKeyDown] keycode = 23 model = MiTV4A build_id:Build_146117_20170811 true
12-10 17:23:01.611 D/AudioManager( 3249): preDispatchKeyEvent 23repeat count: 0
12-10 17:23:01.858 I/power   ( 2975): acquire_wake_lock lock=1 id='KeyEvents'
12-10 17:23:01.858 D/MitvPhoneWindowManager( 2975):  keyCode 23
12-10 17:23:01.858 V/MitvPhoneWindowManager( 2975): ######## Clear actions key sequence ########
12-10 17:23:01.859 D/WindowManager( 2975): interceptKeyTq keycode=23 interactive=true keyguardActive=false policyFlags=22000000
12-10 17:23:01.859 I/power   ( 2975): release_wake_lock id='KeyEvents'
12-10 17:23:01.859 D/WindowManager( 2975): interceptKeyTi keyCode=23 down=false repeatCount=0 keyguardOn=false mHomePressed=false canceled=false
12-10 17:23:01.859 I/MitvPhoneWindowManager( 2975): prepare dispatch key 23 deviceId=4 down=false to Window{4bee9f6 u0 com.mitv.tvhome/com.mitv.tvhome.NewMyAppActivity} win attr=WM.LayoutParams{(0,0)(fillxfill) sim=#110 ty=1 fl=#83810100 wanim=0x103045b vsysui=0x600 needsMenuKey=2}
12-10 17:23:01.860 D/SogouIME( 3211): [onKeyUp] keycode = 23 model = MiTV4A build_id:Build_146117_20170811
12-10 17:23:01.860 D/AudioManager( 3249): preDispatchKeyEvent 23repeat count: 0
12-10 17:23:01.861 D/DisplayItemSelector( 3249): 百度电视助手 doesn't has ui_type
12-10 17:23:01.862 I/AudioTrack( 2975): set(): streamType 1, sampleRate 44100, format 0x1, channelMask 0x3, frameCount 0, flags #4, notificationFrames 0, sessionId 0, transferType 0, uid -1, pid -1
12-10 17:23:01.862 I/ActivityManager( 2975): START u0 {act=android.intent.action.MAIN cat=[android.intent.category.LAUNCHER] flg=0x10200000 cmp=com.baidu.rootv/com.baidu.roo.liboptmize.risksdisplay.EvaluateActivity} from uid 1000 on display 0
12-10 17:23:01.862 I/AudioPolicyManager( 2659): getOutputForAttr() device 0x280002, samplingRate 44100, format 1, channelMask 3, flags 4
12-10 17:23:01.863 I/ActivityManager( 2975): set sys.pip.optimize.enable false
12-10 17:23:01.866 I/AudioPolicyManager( 2659): getNewOutputDevice() selected device 280002
12-10 17:23:01.871 I/MitvPolicyDatabaseManager( 3127): updatePackageUsage com.mitv.tvhome/com.mitv.tvhome.NewMyAppActivity (0,1,2)
12-10 17:23:01.873 D/instant-stats-com.mitv.tvhome( 3249): record event, category: local, event: Launcher_item, params: {region=null, target=#Intent;action=android.intent.action.MAIN;category=android.intent.category.LAUNCHER;launchFlags=0x10200000;component=com.baidu.rootv/com.baidu.roo.liboptmize.risksdisplay.EvaluateActivity;end, title=百度电视助手}, priority: 0
12-10 17:23:01.873 I/AudioMixer( 2659): setParameter(VOLUME, VOLUME0: 0000)
12-10 17:23:01.873 I/AudioMixer( 2659): setParameter(VOLUME, VOLUME1: 0000)
12-10 17:23:01.874 I/AudioMixer( 2659): Platform is: matrix
12-10 17:23:01.874 I/AudioMixer( 2659): Creating resampler: format(0x1) channels(2) trackSampleRate(44100) devSampleRate(48000) quality(0)
12-10 17:23:01.874 D/AudioMixer( 2659): process__validate, lfe mask:0x3, track name :2
12-10 17:23:01.874 D/AudioMixer( 2659): process__validate, lfe mask:0x3, track name :1
12-10 17:23:01.874 D/AudioMixer( 2659): process__validate, start set paramete [hasLFE=0]
12-10 17:23:01.875 W/ContextImpl( 3249): Calling a method in the system process without a qualified user: android.app.ContextImpl.sendBroadcast:763 android.content.ContextWrapper.sendBroadcast:396 com.mitv.tvhome.NewMyAppActivity.a:10 com.mitv.tvhome.NewMyAppActivity.onPause:2 android.app.Activity.performPause:6363 
12-10 17:23:01.878 D/instant-stats-com.mitv.tvhome( 3249): insert event num: 1
12-10 17:23:01.878 W/ContextImpl( 3249): Calling a method in the system process without a qualified user: android.app.ContextImpl.startService:1221 android.content.ContextWrapper.startService:581 com.mitv.tvhome.PwBaseFragmentActivity.startService:2 b.f.j.c$c.a:12 b.f.j.c.a:6 
12-10 17:23:01.880 D/MiTVSystemUIService(29402): onStartCommand
12-10 17:23:01.880 D/MiTVSystemUIService(29402): onStartCommand com:-1
12-10 17:23:01.880 D/MiTVSystemUIService(29402): onStartCommand show_expand:0
12-10 17:23:01.880 D/MiTVSystemUIService(29402): onStartCommand: show_status_com:0
12-10 17:23:01.880 D/CommandDispatcher(29402): executeCommand, id:8
12-10 17:23:01.880 D/MiTVSystemUIService(29402): onStartCommand: recent_com:-1
12-10 17:23:01.902 D/WindowManager( 2975): change keyboard to KEYBOARD_NOKEYS for mShowImeWithHardKeyboard 
12-10 17:23:01.907 D/XRAY    (24823): [main(1): null:-1] - [1575969781906]enterActivityLifecycleMethod
12-10 17:23:01.907 D/XRAY    (24823): [main(1): null:-1] - target: com.baidu.roo.liboptmize.risksdisplay.EvaluateActivity@7f648f6
12-10 17:23:01.907 D/XRAY    (24823): [main(1): null:-1] - target instanceof Activity: true
12-10 17:23:01.908 D/XRAY    (24823): [main(1): null:-1] - method: onStart
12-10 17:23:01.910 D/XRAY    (24823): [main(1): null:-1] - com.baidu.roo.liboptmize.risksdisplay.EvaluateActivity【ActivityLifecycleListener.onActivityStarted】
12-10 17:23:01.910 D/XRAY    (24823): [main(1): null:-1] - [1575969781910]exitActivityLifecycleMethod
12-10 17:23:01.911 D/XRAY    (24823): [main(1): null:-1] - target: com.baidu.roo.liboptmize.risksdisplay.EvaluateActivity@7f648f6
12-10 17:23:01.911 W/ContextImpl( 3127): Calling a method in the system process without a qualified user: android.app.ContextImpl.sendBroadcast:778 android.content.ContextWrapper.sendBroadcast:401 mitv.internal.PackageUsagePolicy.handleUsageEvent:49 mitv.internal.TvServiceDefaultImpl$EventHandler.handleMessage:1598 android.os.Handler.dispatchMessage:102 
12-10 17:23:01.911 D/XRAY    (24823): [main(1): null:-1] - method: onStart
12-10 17:23:01.912 D/XRAY    (24823): [main(1): null:-1] - [1575969781911]enterActivityLifecycleMethod
12-10 17:23:01.912 D/XRAY    (24823): [main(1): null:-1] - target: com.baidu.roo.liboptmize.risksdisplay.EvaluateActivity@7f648f6
12-10 17:23:01.912 D/XRAY    (24823): [main(1): null:-1] - target instanceof Activity: true
12-10 17:23:01.913 I/MitvPolicyDatabaseManager( 3127): updatePackageUsage com.mitv.tvhome/com.mitv.tvhome.NewMyAppActivity (1,0,0)
12-10 17:23:01.913 D/XRAY    (24823): [main(1): null:-1] - method: onResume
12-10 17:23:01.913 I/Logger  ( 3935): [1] [a.onReceive] receive action : mitv.action.resume.activity
12-10 17:23:01.913 I/Logger  ( 3935): [1] [a.onReceive] top changed,package:com.baidu.rootv,component:com.baidu.roo.liboptmize.risksdisplay.EvaluateActivity
12-10 17:23:01.913 I/Logger  ( 3935): [131] [h.handleMessage] check tv
12-10 17:23:01.918 D/XRAY    (24823): [main(1): null:-1] - com.baidu.roo.liboptmize.risksdisplay.EvaluateActivity【ActivityLifecycleListener.onActivityResumed】
12-10 17:23:01.918 D/MiTv-Service-TvService-Parent( 3127): current foreground packagename is com.baidu.rootv
12-10 17:23:01.918 I/Logger  ( 3935): [131] [g.a] tv status : {"label":"百度电视助手","package":"com.baidu.rootv","status":1}
12-10 17:23:01.919 D/XRAY    (24823): [main(1): null:-1] - [1575969781918]exitActivityLifecycleMethod
12-10 17:23:01.919 D/XRAY    (24823): [QAPM_AppStateMon-1(4941): null:-1] - Application appears to be in the foreground
12-10 17:23:01.919 D/XRAY    (24823): [main(1): null:-1] - target: com.baidu.roo.liboptmize.risksdisplay.EvaluateActivity@7f648f6
12-10 17:23:01.919 D/XRAY    (24823): [QAPM_HarvestTimer-1(4923): null:-1] - DataHarvestTimer thread is running...
12-10 17:23:01.919 D/XRAY    (24823): [main(1): null:-1] - method: onResume
12-10 17:23:01.919 D/XRAY    (24823): [QAPM_HarvestTimer-1(4923): null:-1] - 插入数据库操作...size = 1
12-10 17:23:01.920 D/XRAY    (24823): [pool-5-thread-1(4965): null:-1] - getCpuRate cost time = 6 --------- cpuRate: 0
12-10 17:23:01.923 E/SurfaceFlinger( 2652): Stark: createLayer for (1920 x 1080), name=com.baidu.rootv/com.baidu.roo.liboptmize.risksdisplay.EvaluateActivity
12-10 17:23:01.923 E/SurfaceFlinger( 2652): Stark: createNormalLayer err(0), name=com.baidu.rootv/com.baidu.roo.liboptmize.risksdisplay.EvaluateActivity
12-10 17:23:01.958 I/AudioFlinger( 2659): track(0xf612c1c0) underrun,  framesReady(0) < framesDesired(944)
12-10 17:23:01.958 D/AudioMixer( 2659): process__validate, lfe mask:0x3, track name :1
12-10 17:23:01.958 D/AudioMixer( 2659): process__validate, start set paramete [hasLFE=0]
12-10 17:23:01.977 D/XRAY    (24823): [main(1): null:-1] - enterOnWindowFocusChanged
12-10 17:23:01.978 D/XRAY    (24823): [main(1): null:-1] - exitOnWindowFocusChanged
12-10 17:23:01.983 D/XRAY    (24823): [QAPM_HarvestTimer-1(4923): null:-1] - Data is collected successfully.
12-10 17:23:01.992 D/XRAY    (24823): [QAPM_HarvestTimer-1(4923): null:-1] - Base Info = ["b01bcfdfeebf398eef2aea3e6d2c2a25","284471ab78dad815","MiTV4A","Xiaomi",2,"6.0.1","23","CN","zh",-1,0,1575964313338,"百度电视助手",3850,"3.11.2.3850","com.baidu.rootv","4b1692b7ab865623cb23a9ff74681f4f","armeabi-v7a","4.1.8","N\/A"]
12-10 17:23:01.996 D/SogouIME API( 3211): ==============num:32
12-10 17:23:01.996 D/SogouIME( 3211): mFocusedComponent:30   isHkbEnable:false
12-10 17:23:01.997 D/XRAY    (24823): [QAPM_HarvestTimer-1(4923): null:-1] - 上传data[["b01bcfdfeebf398eef2aea3e6d2c2a25","284471ab78dad815","MiTV4A","Xiaomi",2,"6.0.1","23","CN","zh",-1,0,1575964313338,"百度电视助手",3850,"3.11.2.3850","com.baidu.rootv","4b1692b7ab865623cb23a9ff74681f4f","armeabi-v7a","4.1.8","N\/A"],[{"ev":[0,0,[639,39,1628],[2538,5073],"WIFI","1b3281fd-91f8-4fea-a1f3-95d4bc4e1952","N\/A","N\/A",true],"ir":["41b94a66-1b70-4d76-a578-62a5322b4393",1575969567933,"com.baidu.roo.liboptmize.risksdisplay.EvaluateActivity",17,"onStop","","",""]}]]
12-10 17:23:01.997 D/SogouIME( 3211): =====configKeyboard=======是否有硬件盘:false     硬件盘是否不再隐藏：false
12-10 17:23:02.001 D/XRAY    (24823): [QAPM_HarvestTimer-1(4923): null:-1] - [["b01bcfdfeebf398eef2aea3e6d2c2a25","284471ab78dad815","MiTV4A","Xiaomi",2,"6.0.1","23","CN","zh",-1,0,1575964313338,"百度电视助手",3850,"3.11.2.3850","com.baidu.rootv","4b1692b7ab865623cb23a9ff74681f4f","armeabi-v7a","4.1.8","N\/A"],[{"ev":[0,0,[639,39,1628],[2538,5073],"WIFI","1b3281fd-91f8-4fea-a1f3-95d4bc4e1952","N\/A","N\/A",true],"ir":["41b94a66-1b70-4d76-a578-62a5322b4393",1575969567933,"com.baidu.roo.liboptmize.risksdisplay.EvaluateActivity",17,"onStop","","",""]}]]
12-10 17:23:02.005 D/XRAY    (24823): [QAPM_HarvestTimer-1(4923): null:-1] - 压缩后一条数据的大小是：365B
12-10 17:23:02.006 I/XRAY    (24823): [QAPM_HarvestTimer-1(4923): null:-1] - 发送数据的 url is : https://qapm.baidu.com/api/mobile/upload-data
12-10 17:23:02.007 I/hook    (24823): getting:192.168.101.141
12-10 17:23:02.007 I/hook    (24823): ai_flags:4
12-10 17:23:02.048 I/hook    (24823): getting:hmma.baidu.com
12-10 17:23:02.048 I/hook    (24823): ai_flags:4
12-10 17:23:02.049 I/hook    (24823): getting:hmma.baidu.com
12-10 17:23:02.049 I/hook    (24823): ai_flags:1024
12-10 17:23:02.049 W/Switch  (24823): service not connected
12-10 17:23:02.052 I/System.out(24823): lookupHostByName() using hmma.baidu.com/106.120.159.55 DNS result addresses is /106.120.159.55 /220.181.107.215 
12-10 17:23:02.053 D/XRAY    (24823): [LogSenderThread(4931): null:-1] - IP address:106.120.159.55
12-10 17:23:02.054 D/XRAY    (24823): [LogSenderThread(4931): null:-1] - 此处设置当前threadId = 4931
12-10 17:23:02.056 I/hook    (24823): getting:192.168.101.141
12-10 17:23:02.056 I/hook    (24823): ai_flags:4
12-10 17:23:02.065 I/power   ( 2659): acquire_wake_lock lock=1 id='ApmOutput'
12-10 17:23:02.065 I/AudioPolicyManager( 2659): getNewOutputDevice() selected device 280002
12-10 17:23:02.066 I/power   ( 2659): release_wake_lock id='ApmOutput'
12-10 17:23:02.128 D/XRAY    (24823): [pool-5-thread-1(4965): null:-1] - getAppUsedMem cost time: 205
12-10 17:23:02.128 D/XRAY    (24823): [pool-5-thread-1(4965): null:-1] - ### App Used Memory = 30
12-10 17:23:02.130 D/XRAY    (24823): [pool-5-thread-1(4965): null:-1] - 插入一条数据到内存...
12-10 17:23:02.136 D/XRAY    (24823): [pool-5-thread-1(4965): null:-1] - getCpuRate cost time = 5 --------- cpuRate: 12
12-10 17:23:02.138 D/XRAY    (24823): [pool-5-thread-1(4965): null:-1] - ### App Used Memory = 30
12-10 17:23:02.141 D/XRAY    (24823): [pool-5-thread-1(4965): null:-1] - 插入一条数据到内存...
12-10 17:23:02.181 D/StageView(29402): pause
12-10 17:23:02.207 D/instant-stats-com.mitv.tvhome( 3249): record event, category: app_reserved, event: page_end, params: {page_name=NewMyAppActivity, region=null}, priority: 1
12-10 17:23:02.207 D/PageLifeCycleCallbacks( 3249): onActivityStopped: com.mitv.tvhome.NewMyAppActivity
12-10 17:23:02.207 D/instant-stats-com.mitv.tvhome( 3249): record event, category: app_reserved, event: foreground_duration, params: {region=null, foreground_duration=116050, package_name=com.mitv.tvhome}, priority: 1
12-10 17:23:02.208 D/PageLifeCycleCallbacks( 3249): onActivityStopped: in background
12-10 17:23:02.239 D/instant-stats-com.mitv.tvhome( 3249): insert event num: 1
12-10 17:23:02.249 D/instant-stats-com.mitv.tvhome( 3249): insert event num: 1
12-10 17:23:02.271 I/System.out( 3249): lookupHostByName() using data.mistat.xiaomi.com/203.100.93.112 DNS result addresses is /203.100.93.112 /118.26.252.165 
12-10 17:23:02.433 I/MiTv-Impl-tv2_55-amlogic-SoundRecorder( 3417): onPeriodicNotification, mCount = 5371, mRecordTimeInSecond = -1, mRecorder = android.media.AudioRecord@84b965d
12-10 17:23:03.441 I/MiTv-Impl-tv2_55-amlogic-SoundRecorder( 3417): onPeriodicNotification, mCount = 5372, mRecordTimeInSecond = -1, mRecorder = android.media.AudioRecord@84b965d
12-10 17:23:03.636 D/WifiStateMachine( 2975):  ConnectedState !CMD_RSSI_POLL  rt=681666176/681666176 2 0 "security_department_xiedongyue" 48:7d:2e:4a:24:aa rssi=-43 f=2412 sc=60 link=72 tx=112.4, 0.0, 0.0  rx=97.9 bcn=0 [on:0 tx:0 rx:0 period:2998] from screen [on:0 period:-283213997] gl hn rssi=-38 ag=0 hr ticks 0,0,0 ls-=0 [56,56,60,60,65] brc=0 lrc=0 offload-stopped
12-10 17:23:03.637 D/WifiStateMachine( 2975):  L2ConnectedState !CMD_RSSI_POLL  rt=681666177/681666178 2 0 "security_department_xiedongyue" 48:7d:2e:4a:24:aa rssi=-43 f=2412 sc=60 link=72 tx=112.4, 0.0, 0.0  rx=97.9 bcn=0 [on:0 tx:0 rx:0 period:2] from screen [on:0 period:-283213995] gl hn rssi=-38 ag=0 hr ticks 0,0,0 ls-=0 [56,56,60,60,65] brc=0 lrc=0 offload-stopped
12-10 17:23:03.639 I/wpa_supplicant( 3774): [CTRL_IFACE]wlan0: SIGNAL_POLL
12-10 17:23:03.645 D/MiTVNetworkController(29402): action onReceive is : android.net.wifi.RSSI_CHANGED, mitv.network.ethernet.action.ETHERNET_STATE_CHANGED
12-10 17:23:03.645 D/MiTVNetworkController(29402): updateWifiIcons mWifiConnected:true, mWifiLevel:3 mEthernetConnected false
12-10 17:23:03.645 D/NetworkStateManager(29402): changeNetworkState, type:2, flag:0, level:3, lable:security_department_xiedongyue
12-10 17:23:03.645 D/NetworkStateView(29402): changeNetworkState type:2, flag:0, level:3, label:security_department_xiedongyue, last_lable:null
12-10 17:23:03.657 I/SafeEnvPerception(24643): onStartCommand
12-10 17:23:03.878 I/hook    (25375): getting:192.168.1.122
12-10 17:23:03.881 I/hook    (25375): ai_flags:4
12-10 17:23:03.895 I/hook    (25375): getting:192.168.1.122
12-10 17:23:03.895 I/hook    (25375): ai_flags:4
12-10 17:23:03.905 I/hook    (25375): getting:192.168.1.122
12-10 17:23:03.905 I/hook    (25375): ai_flags:4
12-10 17:23:03.912 I/hook    (25375): getting:192.168.1.122
12-10 17:23:03.913 I/hook    (25375): ai_flags:4
12-10 17:23:03.916 I/hook    (25375): getting:192.168.1.122
12-10 17:23:03.916 I/hook    (25375): ai_flags:4
12-10 17:23:03.918 I/hook    (25375): getting:192.168.1.122
12-10 17:23:03.918 I/hook    (25375): ai_flags:4
12-10 17:23:03.970 I/hook    (25375): getting:192.168.1.122
12-10 17:23:03.970 I/hook    (25375): ai_flags:4
12-10 17:23:03.992 I/hook    (25375): getting:192.168.1.122
12-10 17:23:03.992 I/hook    (25375): ai_flags:4
12-10 17:23:03.994 I/hook    (25375): getting:192.168.1.122
12-10 17:23:03.994 I/hook    (25375): ai_flags:4
12-10 17:23:03.996 I/hook    (25375): getting:192.168.1.122
12-10 17:23:03.996 I/hook    (25375): ai_flags:4
12-10 17:23:04.004 I/hook    (25375): getting:192.168.1.122
12-10 17:23:04.004 I/hook    (25375): ai_flags:4
12-10 17:23:04.006 I/hook    (25375): getting:192.168.1.122
12-10 17:23:04.006 I/hook    (25375): ai_flags:4
12-10 17:23:04.440 I/MiTv-Impl-tv2_55-amlogic-SoundRecorder( 3417): onPeriodicNotification, mCount = 5373, mRecordTimeInSecond = -1, mRecorder = android.media.AudioRecord@84b965d
12-10 17:23:04.452 D/PageRowsFragment( 3249): {com.mitv.tvhome.app.PageRowsFragment$b(SourceFile:1)} - try pauseViewAdapterDelayed -- 1: 48206397
12-10 17:23:04.453 D/PageRowsFragment( 3249): {com.mitv.tvhome.app.PageRowsFragment$b(SourceFile:3)} - real pauseViewAdapterDelayed -- 1: 48206397
12-10 17:23:05.430 I/MiTv-Impl-tv2_55-amlogic-SoundRecorder( 3417): onPeriodicNotification, mCount = 5374, mRecordTimeInSecond = -1, mRecorder = android.media.AudioRecord@84b965d
12-10 17:23:06.274 I/DomainIPManager( 3249): refreshDomainIPIfNeeded, do nothing
12-10 17:23:06.280 I/System.out( 3249): lookupHostByName() using media.ptmi.gitv.tv/118.26.252.10 DNS result addresses is /118.26.252.10 /203.100.92.136 
12-10 17:23:06.280 I/DomainIPManager( 3249): selectIp, resolved ip valid. prefIp: 118.26.252.10, bakip: 123.125.102.127
12-10 17:23:06.441 I/MiTv-Impl-tv2_55-amlogic-SoundRecorder( 3417): onPeriodicNotification, mCount = 5375, mRecordTimeInSecond = -1, mRecorder = android.media.AudioRecord@84b965d
12-10 17:23:06.647 D/WifiStateMachine( 2975):  ConnectedState !CMD_RSSI_POLL  rt=681669188/681669188 2 0 "security_department_xiedongyue" 48:7d:2e:4a:24:aa rssi=-42 f=2412 sc=60 link=72 tx=133.7, 0.0, 0.0  rx=119.9 bcn=0 [on:0 tx:0 rx:0 period:3004] from screen [on:0 period:-283210985] gl hn rssi=-37 ag=0 hr ticks 0,0,0 ls-=0 [56,56,60,60,65] brc=0 lrc=0 offload-stopped
12-10 17:23:06.649 D/WifiStateMachine( 2975):  L2ConnectedState !CMD_RSSI_POLL  rt=681669189/681669189 2 0 "security_department_xiedongyue" 48:7d:2e:4a:24:aa rssi=-42 f=2412 sc=60 link=72 tx=133.7, 0.0, 0.0  rx=119.9 bcn=0 [on:0 tx:0 rx:0 period:2] from screen [on:0 period:-283210983] gl hn rssi=-37 ag=0 hr ticks 0,0,0 ls-=0 [56,56,60,60,65] brc=0 lrc=0 offload-stopped
12-10 17:23:06.650 I/wpa_supplicant( 3774): [CTRL_IFACE]wlan0: SIGNAL_POLL
12-10 17:23:06.658 D/MiTVNetworkController(29402): action onReceive is : android.net.wifi.RSSI_CHANGED, mitv.network.ethernet.action.ETHERNET_STATE_CHANGED
12-10 17:23:06.658 D/MiTVNetworkController(29402): updateWifiIcons mWifiConnected:true, mWifiLevel:3 mEthernetConnected false
12-10 17:23:06.658 D/NetworkStateManager(29402): changeNetworkState, type:2, flag:0, level:3, lable:security_department_xiedongyue
12-10 17:23:06.658 D/NetworkStateView(29402): changeNetworkState type:2, flag:0, level:3, label:security_department_xiedongyue, last_lable:null
12-10 17:23:06.665 I/SafeEnvPerception(24643): onStartCommand
12-10 17:23:06.848 I/power   ( 2975): acquire_wake_lock lock=1 id='KeyEvents'
12-10 17:23:06.849 D/WindowManager( 2975): interceptKeyTq keycode=20 interactive=true keyguardActive=false policyFlags=22000000
12-10 17:23:06.849 I/power   ( 2975): release_wake_lock id='KeyEvents'
12-10 17:23:06.849 D/PowerManagerService( 2975): checkScreenSaverTimeoutLocked come 240000 reason=userActivity
12-10 17:23:06.850 D/WindowManager( 2975): interceptKeyTi keyCode=20 down=true repeatCount=0 keyguardOn=false mHomePressed=false canceled=false
12-10 17:23:06.850 I/MitvPhoneWindowManager( 2975): prepare dispatch key 20 deviceId=4 down=true to Window{886bc95 u0 com.baidu.rootv/com.baidu.roo.liboptmize.risksdisplay.EvaluateActivity} win attr=WM.LayoutParams{(0,0)(fillxfill) sim=#110 ty=1 fl=#81810100 wanim=0x1030383 vsysui=0x600 needsMenuKey=2}
12-10 17:23:06.851 D/SogouIME( 3211): [onKeyDown] keycode = 20 model = MiTV4A build_id:Build_146117_20170811 true
12-10 17:23:06.852 D/AudioManager(24823): preDispatchKeyEvent 20repeat count: 0
12-10 17:23:06.855 I/AudioTrack( 2975): set(): streamType 1, sampleRate 44100, format 0x1, channelMask 0x3, frameCount 0, flags #4, notificationFrames 0, sessionId 0, transferType 0, uid -1, pid -1
12-10 17:23:06.855 I/AudioPolicyManager( 2659): getOutputForAttr() device 0x280002, samplingRate 44100, format 1, channelMask 3, flags 4
12-10 17:23:06.860 I/AudioPolicyManager( 2659): getNewOutputDevice() selected device 280002
12-10 17:23:06.862 D/SogouIME API( 3211): ==============num:32
12-10 17:23:06.862 D/SogouIME( 3211): mFocusedComponent:30   isHkbEnable:false
12-10 17:23:06.863 D/SogouIME( 3211): =====configKeyboard=======是否有硬件盘:false     硬件盘是否不再隐藏：false
12-10 17:23:06.865 I/AudioMixer( 2659): setParameter(VOLUME, VOLUME0: 0000)
12-10 17:23:06.865 I/AudioMixer( 2659): setParameter(VOLUME, VOLUME1: 0000)
12-10 17:23:06.865 I/AudioMixer( 2659): Platform is: matrix
12-10 17:23:38.562 I/hook    (29672): getting:qapm.baidu.com
12-10 17:23:38.562 I/hook    (29672): ai_flags:4
12-10 17:23:38.738 D/OtaManagerService(29728): judge is to deal with
12-10 17:23:38.739 D/OtaManagerService(29728): state empty: 6650 
12-10 17:23:38.739 D/OtaManagerService(29728): running empty: 6650 
12-10 17:23:38.814 D/XRAY    (29672): [PullConfigThread(5014): null:-1] - responseResult:{"code":0,"msg":"Success","requestId":"14189732241764573194121017","retData":[60,1,1,1,1,0,0,0,0,10000,0,0,"","",0,0,0,[],0],"exec":6.914}
12-10 17:23:38.814 D/XRAY    (29672): [PullConfigThread(5014): null:-1] - responseResultConfig:{"code":0,"msg":"Success","requestId":"14189732241764573194121017","retData":[60,1,1,1,1,0,0,0,0,10000,0,0,"","",0,0,0,[],0],"exec":6.914}
12-10 17:23:38.814 D/XRAY    (29672): [PullConfigThread(5014): null:-1] - 拉取配置成功!!
12-10 17:23:38.816 D/XRAY    (29672): [PullConfigThread(5014): null:-1] - interval = 60; web = 1; net = 1; behavior = 1; openQapm = 1; JSON = 0; bitmap = 0; sqlite = 0; logPeriod= 0; sampling = 10000; isHit = 0; strategy = 0; regular = ; slowSqlite = 0; battery = 0; video = 0; autoCrash = 0
12-10 17:23:38.816 D/XRAY    (29672): [PullConfigThread(5014): null:-1] - domainToFilter = 
12-10 17:23:38.819 V/report  (29728): thread_end
12-10 17:23:38.819 D/XRAY    (29672): [PullConfigThread(5014): null:-1] - sampling:10000 res:6566
12-10 17:23:39.309 V/report  (29637): thread_end
12-10 17:23:39.431 I/MiTv-Impl-tv2_55-amlogic-SoundRecorder( 3417): onPeriodicNotification, mCount = 5408, mRecordTimeInSecond = -1, mRecorder = android.media.AudioRecord@84b965d
12-10 17:23:39.432 I/        ( 2663): sensord didn't find fd
12-10 17:23:39.553 I/hook    (29728): getting:qapm.baidu.com
12-10 17:23:39.554 I/hook    (29728): ai_flags:4
12-10 17:23:39.554 I/hook    (29728): getting:qapm.baidu.com
12-10 17:23:39.554 I/hook    (29728): ai_flags:1024
12-10 17:23:39.554 W/Switch  (29728): service not connected
12-10 17:23:39.554 I/hook    (29728): safehttp enabled
12-10 17:23:39.554 I/DnsHelper(29728): method get called, url:qapm.baidu.com
12-10 17:23:39.557 V/BDHttpDns(29728): Hosts for httpdns request is (qapm.baidu.com) 
12-10 17:23:39.559 I/hook    (29728): getting:qapm.baidu.com
12-10 17:23:39.559 I/hook    (29728): ai_flags:4
12-10 17:23:39.559 I/hook    (29728): getting:qapm.baidu.com
12-10 17:23:39.560 I/hook    (29728): ai_flags:1024
12-10 17:23:39.560 W/Switch  (29728): service not connected
12-10 17:23:39.560 I/hook    (29728): safehttp enabled
12-10 17:23:39.565 I/System.out(29728): lookupHostByName() using qapm.baidu.com/220.181.107.169 DNS result addresses is /220.181.107.169 
12-10 17:23:39.566 V/BDHttpDns(29728): Dns resolve successful, host(qapm.baidu.com), ipv4List([220.181.107.169]), ipv6List([])
12-10 17:23:39.566 V/BDHttpDns(29728): Set entry to DNS cache, host(qapm.baidu.com), ipv4List([220.181.107.169]), ipv6List([]), ttl(60)
12-10 17:23:39.566 V/BDHttpDns(29728): Sync resolve successful, host(qapm.baidu.com) ipList([220.181.107.169]) ipv6List([]) resolveType(RESOLVE_FROM_DNS)
12-10 17:23:39.566 I/DnsHelper(29728): result:220.181.107.169
12-10 17:23:39.566 I/DnsHelper(29728): get finish
12-10 17:23:39.566 I/hook    (29728): result:0
12-10 17:23:39.566 I/System.out(29728): lookupHostByName() using qapm.baidu.com/220.181.107.169 DNS result addresses is /220.181.107.169 
12-10 17:23:39.571 V/BDHttpDns(29728): Using BGPServerIp(180.76.76.200)
12-10 17:23:39.571 I/hook    (29728): getting:180.76.76.200
12-10 17:23:39.571 I/hook    (29728): ai_flags:4
12-10 17:23:39.572 D/XRAY    (29728): [pool-13-thread-3(5045): null:-1] - IP address:180.76.76.200
12-10 17:23:39.573 D/XRAY    (29728): [pool-13-thread-3(5045): null:-1] - 此处设置当前threadId = 5045
12-10 17:23:39.573 I/hook    (29728): getting:180.76.76.200
12-10 17:23:39.573 I/hook    (29728): ai_flags:4
12-10 17:23:39.574 I/hook    (29728): getting:192.168.101.141
12-10 17:23:39.574 I/hook    (29728): ai_flags:4
12-10 17:23:39.621 I/hook    (29728): getting:qapm.baidu.com
12-10 17:23:39.621 I/hook    (29728): ai_flags:4
12-10 17:23:39.769 D/WifiStateMachine( 2975):  ConnectedState !CMD_RSSI_POLL  rt=681702310/681702310 2 0 "security_department_xiedongyue" 48:7d:2e:4a:24:aa rssi=-37 f=2412 sc=60 link=72 tx=113.3, 0.0, 0.0  rx=88.5 bcn=0 [on:0 tx:0 rx:0 period:3002] from screen [on:0 period:-283177863] gl hn rssi=-32 ag=0 hr ticks 0,0,0 ls-=0 [56,56,60,60,65] brc=0 lrc=0 offload-stopped
12-10 17:23:39.770 D/WifiStateMachine( 2975):  L2ConnectedState !CMD_RSSI_POLL  rt=681702311/681702311 2 0 "security_department_xiedongyue" 48:7d:2e:4a:24:aa rssi=-37 f=2412 sc=60 link=72 tx=113.3, 0.0, 0.0  rx=88.5 bcn=0 [on:0 tx:0 rx:0 period:1] from screen [on:0 period:-283177862] gl hn rssi=-32 ag=0 hr ticks 0,0,0 ls-=0 [56,56,60,60,65] brc=0 lrc=0 offload-stopped
12-10 17:23:39.771 I/wpa_supplicant( 3774): [CTRL_IFACE]wlan0: SIGNAL_POLL
12-10 17:23:39.774 D/MiTVNetworkController(29402): action onReceive is : android.net.wifi.RSSI_CHANGED, mitv.network.ethernet.action.ETHERNET_STATE_CHANGED
12-10 17:23:39.774 D/MiTVNetworkController(29402): updateWifiIcons mWifiConnected:true, mWifiLevel:3 mEthernetConnected false
12-10 17:23:39.774 D/NetworkStateManager(29402): changeNetworkState, type:2, flag:0, level:3, lable:security_department_xiedongyue
12-10 17:23:39.774 D/NetworkStateView(29402): changeNetworkState type:2, flag:0, level:3, label:security_department_xiedongyue, last_lable:null
12-10 17:23:39.780 I/SafeEnvPerception(29655): onStartCommand
12-10 17:23:39.818 D/OtaManagerService(29728): judge is to deal with
12-10 17:23:39.818 D/OtaManagerService(29728): state empty: 6650 
12-10 17:23:39.818 D/OtaManagerService(29728): running empty: 6650 
12-10 17:23:39.829 D/XRAY    (29728): [PullConfigThread(5019): null:-1] - responseResult:{"code":0,"msg":"Success","requestId":"14199880573167642378121017","retData":[60,1,1,1,1,0,0,0,0,10000,0,0,"","",0,0,0,[],0],"exec":8.58}
12-10 17:23:39.830 D/XRAY    (29728): [PullConfigThread(5019): null:-1] - responseResultConfig:{"code":0,"msg":"Success","requestId":"14199880573167642378121017","retData":[60,1,1,1,1,0,0,0,0,10000,0,0,"","",0,0,0,[],0],"exec":8.58}
12-10 17:23:39.830 D/XRAY    (29728): [PullConfigThread(5019): null:-1] - 拉取配置成功!!
12-10 17:23:39.831 D/XRAY    (29728): [PullConfigThread(5019): null:-1] - interval = 60; web = 1; net = 1; behavior = 1; openQapm = 1; JSON = 0; bitmap = 0; sqlite = 0; logPeriod= 0; sampling = 10000; isHit = 0; strategy = 0; regular = ; slowSqlite = 0; battery = 0; video = 0; autoCrash = 0
12-10 17:23:39.831 D/XRAY    (29728): [PullConfigThread(5019): null:-1] - domainToFilter = 
12-10 17:23:39.833 D/XRAY    (29728): [PullConfigThread(5019): null:-1] - sampling:10000 res:5155
12-10 17:23:40.265 I/power   ( 2975): acquire_wake_lock lock=1 id='KeyEvents'
12-10 17:23:40.266 D/WindowManager( 2975): interceptKeyTq keycode=20 interactive=true keyguardActive=false policyFlags=22000000
12-10 17:23:40.266 I/power   ( 2975): release_wake_lock id='KeyEvents'
12-10 17:23:40.266 D/PowerManagerService( 2975): checkScreenSaverTimeoutLocked come 240000 reason=userActivity
12-10 17:23:40.266 D/WindowManager( 2975): interceptKeyTi keyCode=20 down=true repeatCount=0 keyguardOn=false mHomePressed=false canceled=false
12-10 17:23:40.267 I/MitvPhoneWindowManager( 2975): prepare dispatch key 20 deviceId=4 down=true to Window{4bee9f6 u0 com.mitv.tvhome/com.mitv.tvhome.NewMyAppActivity} win attr=WM.LayoutParams{(0,0)(fillxfill) sim=#110 ty=1 fl=#83810100 wanim=0x103045b vsysui=0x600 needsMenuKey=2}
12-10 17:23:40.268 D/SogouIME( 3211): [onKeyDown] keycode = 20 model = MiTV4A build_id:Build_146117_20170811 true
12-10 17:23:40.268 D/AudioManager( 3249): preDispatchKeyEvent 20repeat count: 0
12-10 17:23:40.270 V/PageRowsFragment( 3249): {com.mitv.tvhome.app.PageRowsFragment(SourceFile:23)} - new row selected position 1 subposition 2 view com.mitv.tvhome.mitvui.view.RowContainerView{55c74f8 V.E...... .......D 0,267-1920,1467 isViewGroup=true mPrivateFlags = 12008b0 mViewFlags=18000080}
12-10 17:23:40.271 D/PageRowsFragment( 3249): {com.mitv.tvhome.app.PageWithLoaderFragment(SourceFile:5)} - onRowSelected 1
12-10 17:23:40.272 D/BackgroundHelper( 3249):  clearBackground: 2
12-10 17:23:40.272 D/BackgroundHelper( 3249): enable_channel_bg_ad : false
12-10 17:23:40.272 D/BackgroundHelper( 3249): current layer not equals to clear layer
12-10 17:23:40.273 I/AudioTrack( 2975): set(): streamType 1, sampleRate 44100, format 0x1, channelMask 0x3, frameCount 0, flags #4, notificationFrames 0, sessionId 0, transferType 0, uid -1, pid -1
12-10 17:23:40.274 I/AudioPolicyManager( 2659): getOutputForAttr() device 0x280002, samplingRate 44100, format 1, channelMask 3, flags 4
12-10 17:23:40.277 W/ContextImpl( 3249): Calling a method in the system process without a qualified user: android.app.ContextImpl.startService:1221 android.content.ContextWrapper.startService:581 b.f.j.c$c.a:12 b.f.j.c.a:6 com.mitv.tvhome.NewMyAppActivity$h.onScrolled:8 
12-10 17:23:40.277 I/AudioPolicyManager( 2659): getNewOutputDevice() selected device 280002
12-10 17:23:40.279 D/MiTVSystemUIService(29402): onStartCommand
12-10 17:23:40.279 D/MiTVSystemUIService(29402): onStartCommand com:-1
12-10 17:23:40.279 D/MiTVSystemUIService(29402): onStartCommand show_expand:0
12-10 17:23:40.279 D/MiTVSystemUIService(29402): onStartCommand: show_status_com:0
12-10 17:23:40.279 D/CommandDispatcher(29402): executeCommand, id:8
12-10 17:23:40.279 D/MiTVSystemUIService(29402): onStartCommand: recent_com:-1
12-10 17:23:40.284 D/SogouIME API( 3211): ==============num:32
12-10 17:23:40.284 D/SogouIME( 3211): mFocusedComponent:30   isHkbEnable:false
12-10 17:23:40.284 D/SogouIME( 3211): =====configKeyboard=======是否有硬件盘:false     硬件盘是否不再隐藏：false
12-10 17:23:40.294 W/ContextImpl( 3249): Calling a method in the system process without a qualified user: android.app.ContextImpl.startService:1221 android.content.ContextWrapper.startService:581 b.f.j.c$c.a:12 b.f.j.c.a:6 com.mitv.tvhome.NewMyAppActivity$h.onScrolled:8 
12-10 17:23:40.295 I/AudioMixer( 2659): setParameter(VOLUME, VOLUME0: 0000)
12-10 17:23:40.295 I/AudioMixer( 2659): setParameter(VOLUME, VOLUME1: 0000)
12-10 17:23:40.295 I/AudioMixer( 2659): Platform is: matrix
12-10 17:23:40.295 I/AudioMixer( 2659): Creating resampler: format(0x1) channels(2) trackSampleRate(44100) devSampleRate(48000) quality(0)
12-10 17:23:40.295 D/AudioMixer( 2659): process__validate, lfe mask:0x3, track name :2
12-10 17:23:40.295 D/AudioMixer( 2659): process__validate, lfe mask:0x3, track name :1
12-10 17:23:40.295 D/AudioMixer( 2659): process__validate, start set paramete [hasLFE=0]
12-10 17:23:40.297 D/MiTVSystemUIService(29402): onStartCommand
12-10 17:23:40.297 D/MiTVSystemUIService(29402): onStartCommand com:-1
12-10 17:23:40.297 D/MiTVSystemUIService(29402): onStartCommand show_expand:0
12-10 17:23:40.297 D/MiTVSystemUIService(29402): onStartCommand: show_status_com:0
12-10 17:23:40.297 D/CommandDispatcher(29402): executeCommand, id:8
12-10 17:23:40.297 D/MiTVSystemUIService(29402): onStartCommand: recent_com:-1
12-10 17:23:40.311 W/ContextImpl( 3249): Calling a method in the system process without a qualified user: android.app.ContextImpl.startService:1221 android.content.ContextWrapper.startService:581 b.f.j.c$c.a:12 b.f.j.c.a:6 com.mitv.tvhome.NewMyAppActivity$h.onScrolled:8 
12-10 17:23:40.313 D/MiTVSystemUIService(29402): onStartCommand
12-10 17:23:40.313 D/MiTVSystemUIService(29402): onStartCommand com:-1
12-10 17:23:40.313 D/MiTVSystemUIService(29402): onStartCommand show_expand:0
12-10 17:23:40.313 D/MiTVSystemUIService(29402): onStartCommand: show_status_com:0
12-10 17:23:40.313 D/CommandDispatcher(29402): executeCommand, id:8
12-10 17:23:40.313 D/MiTVSystemUIService(29402): onStartCommand: recent_com:-1
12-10 17:23:40.320 V/report  (29655): thread_end
12-10 17:23:40.327 W/ContextImpl( 3249): Calling a method in the system process without a qualified user: android.app.ContextImpl.startService:1221 android.content.ContextWrapper.startService:581 b.f.j.c$c.a:12 b.f.j.c.a:6 com.mitv.tvhome.NewMyAppActivity$h.onScrolled:8 
12-10 17:23:40.330 D/MiTVSystemUIService(29402): onStartCommand
12-10 17:23:40.330 D/MiTVSystemUIService(29402): onStartCommand com:-1
12-10 17:23:40.330 D/MiTVSystemUIService(29402): onStartCommand show_expand:0
12-10 17:23:40.330 D/MiTVSystemUIService(29402): onStartCommand: show_status_com:0
12-10 17:23:40.330 D/CommandDispatcher(29402): executeCommand, id:8
12-10 17:23:40.330 D/MiTVSystemUIService(29402): onStartCommand: recent_com:-1
12-10 17:23:40.344 W/ContextImpl( 3249): Calling a method in the system process without a qualified user: android.app.ContextImpl.startService:1221 android.content.ContextWrapper.startService:581 b.f.j.c$c.a:12 b.f.j.c.a:6 com.mitv.tvhome.NewMyAppActivity$h.onScrolled:8 
12-10 17:23:40.346 D/MiTVSystemUIService(29402): onStartCommand
12-10 17:23:40.346 D/MiTVSystemUIService(29402): onStartCommand com:-1
12-10 17:23:40.346 D/MiTVSystemUIService(29402): onStartCommand show_expand:0
12-10 17:23:40.346 D/MiTVSystemUIService(29402): onStartCommand: show_status_com:0
12-10 17:23:40.346 D/CommandDispatcher(29402): executeCommand, id:8
12-10 17:23:40.346 D/MiTVSystemUIService(29402): onStartCommand: recent_com:-1
12-10 17:23:40.360 W/ContextImpl( 3249): Calling a method in the system process without a qualified user: android.app.ContextImpl.startService:1221 android.content.ContextWrapper.startService:581 b.f.j.c$c.a:12 b.f.j.c.a:6 com.mitv.tvhome.NewMyAppActivity$h.onScrolled:8 
12-10 17:23:40.363 D/MiTVSystemUIService(29402): onStartCommand
12-10 17:23:40.363 D/MiTVSystemUIService(29402): onStartCommand com:-1
12-10 17:23:40.363 D/MiTVSystemUIService(29402): onStartCommand show_expand:0
12-10 17:23:40.363 D/MiTVSystemUIService(29402): onStartCommand: show_status_com:0
12-10 17:23:40.363 D/CommandDispatcher(29402): executeCommand, id:8
12-10 17:23:40.363 D/MiTVSystemUIService(29402): onStartCommand: recent_com:-1
12-10 17:23:40.377 W/ContextImpl( 3249): Calling a method in the system process without a qualified user: android.app.ContextImpl.startService:1221 android.content.ContextWrapper.startService:581 b.f.j.c$c.a:12 b.f.j.c.a:6 com.mitv.tvhome.NewMyAppActivity$h.onScrolled:8 
12-10 17:23:40.379 D/MiTVSystemUIService(29402): onStartCommand
12-10 17:23:40.379 D/MiTVSystemUIService(29402): onStartCommand com:-1
12-10 17:23:40.379 D/MiTVSystemUIService(29402): onStartCommand show_expand:0
12-10 17:23:40.379 D/MiTVSystemUIService(29402): onStartCommand: show_status_com:0
12-10 17:23:40.379 D/CommandDispatcher(29402): executeCommand, id:8
12-10 17:23:40.379 D/MiTVSystemUIService(29402): onStartCommand: recent_com:-1
12-10 17:23:40.380 D/AudioMixer( 2659): process__validate, lfe mask:0x3, track name :1
12-10 17:23:40.380 D/AudioMixer( 2659): process__validate, start set paramete [hasLFE=0]
12-10 17:23:40.394 W/ContextImpl( 3249): Calling a method in the system process without a qualified user: android.app.ContextImpl.startService:1221 android.content.ContextWrapper.startService:581 b.f.j.c$c.a:12 b.f.j.c.a:6 com.mitv.tvhome.NewMyAppActivity$h.onScrolled:8 
12-10 17:23:40.396 D/MiTVSystemUIService(29402): onStartCommand
12-10 17:23:40.396 D/MiTVSystemUIService(29402): onStartCommand com:-1
12-10 17:23:40.396 D/MiTVSystemUIService(29402): onStartCommand show_expand:0
12-10 17:23:40.396 D/MiTVSystemUIService(29402): onStartCommand: show_status_com:0
12-10 17:23:40.396 D/CommandDispatcher(29402): executeCommand, id:8
12-10 17:23:40.396 D/MiTVSystemUIService(29402): onStartCommand: recent_com:-1
12-10 17:23:40.410 W/ContextImpl( 3249): Calling a method in the system process without a qualified user: android.app.ContextImpl.startService:1221 android.content.ContextWrapper.startService:581 b.f.j.c$c.a:12 b.f.j.c.a:6 com.mitv.tvhome.NewMyAppActivity$h.onScrolled:8 
12-10 17:23:40.413 D/MiTVSystemUIService(29402): onStartCommand
12-10 17:23:40.413 D/MiTVSystemUIService(29402): onStartCommand com:-1
12-10 17:23:40.413 D/MiTVSystemUIService(29402): onStartCommand show_expand:0
12-10 17:23:40.413 D/MiTVSystemUIService(29402): onStartCommand: show_status_com:0
12-10 17:23:40.413 D/CommandDispatcher(29402): executeCommand, id:8
12-10 17:23:40.413 D/MiTVSystemUIService(29402): onStartCommand: recent_com:-1
12-10 17:23:40.428 W/ContextImpl( 3249): Calling a method in the system process without a qualified user: android.app.ContextImpl.startService:1221 android.content.ContextWrapper.startService:581 b.f.j.c$c.a:12 b.f.j.c.a:6 com.mitv.tvhome.NewMyAppActivity$h.onScrolled:8 
12-10 17:23:40.428 I/power   ( 2975): acquire_wake_lock lock=1 id='KeyEvents'
12-10 17:23:40.429 D/MitvPhoneWindowManager( 2975):  keyCode 20
12-10 17:23:40.429 D/WindowManager( 2975): interceptKeyTq keycode=20 interactive=true keyguardActive=false policyFlags=22000000
12-10 17:23:40.429 I/power   ( 2975): release_wake_lock id='KeyEvents'
12-10 17:23:40.429 D/WindowManager( 2975): interceptKeyTi keyCode=20 down=false repeatCount=0 keyguardOn=false mHomePressed=false canceled=false
12-10 17:23:40.429 I/MitvPhoneWindowManager( 2975): prepare dispatch key 20 deviceId=4 down=false to Window{4bee9f6 u0 com.mitv.tvhome/com.mitv.tvhome.NewMyAppActivity} win attr=WM.LayoutParams{(0,0)(fillxfill) sim=#110 ty=1 fl=#83810100 wanim=0x103045b vsysui=0x600 needsMenuKey=2}
12-10 17:23:40.431 D/MiTVSystemUIService(29402): onStartCommand
12-10 17:23:40.431 D/MiTVSystemUIService(29402): onStartCommand com:-1
12-10 17:23:40.431 D/MiTVSystemUIService(29402): onStartCommand show_expand:0
12-10 17:23:40.431 D/MiTVSystemUIService(29402): onStartCommand: show_status_com:0
12-10 17:23:40.431 D/CommandDispatcher(29402): executeCommand, id:8
12-10 17:23:40.431 D/MiTVSystemUIService(29402): onStartCommand: recent_com:-1
12-10 17:23:40.433 D/SogouIME( 3211): [onKeyUp] keycode = 20 model = MiTV4A build_id:Build_146117_20170811
12-10 17:23:40.433 D/AudioManager( 3249): preDispatchKeyEvent 20repeat count: 0
12-10 17:23:40.439 I/MiTv-Impl-tv2_55-amlogic-SoundRecorder( 3417): onPeriodicNotification, mCount = 5409, mRecordTimeInSecond = -1, mRecorder = android.media.AudioRecord@84b965d
12-10 17:23:40.443 W/ContextImpl( 3249): Calling a method in the system process without a qualified user: android.app.ContextImpl.startService:1221 android.content.ContextWrapper.startService:581 b.f.j.c$c.a:12 b.f.j.c.a:6 com.mitv.tvhome.NewMyAppActivity$h.onScrolled:8 
12-10 17:23:40.447 D/MiTVSystemUIService(29402): onStartCommand
12-10 17:23:40.447 D/MiTVSystemUIService(29402): onStartCommand com:-1
12-10 17:23:40.447 D/MiTVSystemUIService(29402): onStartCommand show_expand:0
12-10 17:23:40.447 D/MiTVSystemUIService(29402): onStartCommand: show_status_com:0
12-10 17:23:40.447 D/CommandDispatcher(29402): executeCommand, id:8
12-10 17:23:40.447 D/MiTVSystemUIService(29402): onStartCommand: recent_com:-1
12-10 17:23:40.460 W/ContextImpl( 3249): Calling a method in the system process without a qualified user: android.app.ContextImpl.startService:1221 android.content.ContextWrapper.startService:581 b.f.j.c$c.a:12 b.f.j.c.a:6 com.mitv.tvhome.NewMyAppActivity$h.onScrolled:8 
12-10 17:23:40.463 D/MiTVSystemUIService(29402): onStartCommand
12-10 17:23:40.463 D/MiTVSystemUIService(29402): onStartCommand com:-1
12-10 17:23:40.463 D/MiTVSystemUIService(29402): onStartCommand show_expand:0
12-10 17:23:40.463 D/MiTVSystemUIService(29402): onStartCommand: show_status_com:0
12-10 17:23:40.463 D/CommandDispatcher(29402): executeCommand, id:8
12-10 17:23:40.463 D/MiTVSystemUIService(29402): onStartCommand: recent_com:-1
12-10 17:23:40.477 W/ContextImpl( 3249): Calling a method in the system process without a qualified user: android.app.ContextImpl.startService:1221 android.content.ContextWrapper.startService:581 b.f.j.c$c.a:12 b.f.j.c.a:6 com.mitv.tvhome.NewMyAppActivity$h.onScrolled:8 
12-10 17:23:40.480 D/MiTVSystemUIService(29402): onStartCommand
12-10 17:23:40.480 D/MiTVSystemUIService(29402): onStartCommand com:-1
12-10 17:23:40.480 D/MiTVSystemUIService(29402): onStartCommand show_expand:0
12-10 17:23:40.480 D/MiTVSystemUIService(29402): onStartCommand: show_status_com:0
12-10 17:23:40.480 D/CommandDispatcher(29402): executeCommand, id:8
12-10 17:23:40.480 D/MiTVSystemUIService(29402): onStartCommand: recent_com:-1
12-10 17:23:40.487 I/power   ( 2659): acquire_wake_lock lock=1 id='ApmOutput'
12-10 17:23:40.487 I/AudioPolicyManager( 2659): getNewOutputDevice() selected device 280002
12-10 17:23:40.488 I/power   ( 2659): release_wake_lock id='ApmOutput'
12-10 17:23:40.494 W/ContextImpl( 3249): Calling a method in the system process without a qualified user: android.app.ContextImpl.startService:1221 android.content.ContextWrapper.startService:581 b.f.j.c$c.a:12 b.f.j.c.a:6 com.mitv.tvhome.NewMyAppActivity$h.onScrolled:8 
12-10 17:23:40.496 D/MiTVSystemUIService(29402): onStartCommand
12-10 17:23:40.496 D/MiTVSystemUIService(29402): onStartCommand com:-1
12-10 17:23:40.496 D/MiTVSystemUIService(29402): onStartCommand show_expand:0
12-10 17:23:40.496 D/MiTVSystemUIService(29402): onStartCommand: show_status_com:0
12-10 17:23:40.496 D/CommandDispatcher(29402): executeCommand, id:8
12-10 17:23:40.496 D/MiTVSystemUIService(29402): onStartCommand: recent_com:-1
12-10 17:23:40.510 W/ContextImpl( 3249): Calling a method in the system process without a qualified user: android.app.ContextImpl.startService:1221 android.content.ContextWrapper.startService:581 b.f.j.c$c.a:12 b.f.j.c.a:6 com.mitv.tvhome.NewMyAppActivity$h.onScrolled:8 
12-10 17:23:40.512 D/MiTVSystemUIService(29402): onStartCommand
12-10 17:23:40.513 D/MiTVSystemUIService(29402): onStartCommand com:-1
12-10 17:23:40.513 D/MiTVSystemUIService(29402): onStartCommand show_expand:0
12-10 17:23:40.513 D/MiTVSystemUIService(29402): onStartCommand: show_status_com:0
12-10 17:23:40.513 D/CommandDispatcher(29402): executeCommand, id:8
12-10 17:23:40.513 D/MiTVSystemUIService(29402): onStartCommand: recent_com:-1
12-10 17:23:40.527 W/ContextImpl( 3249): Calling a method in the system process without a qualified user: android.app.ContextImpl.startService:1221 android.content.ContextWrapper.startService:581 b.f.j.c$c.a:12 b.f.j.c.a:6 com.mitv.tvhome.NewMyAppActivity$h.onScrolled:8 
12-10 17:23:40.529 D/MiTVSystemUIService(29402): onStartCommand
12-10 17:23:40.529 D/MiTVSystemUIService(29402): onStartCommand com:-1
12-10 17:23:40.530 D/MiTVSystemUIService(29402): onStartCommand show_expand:0
12-10 17:23:40.530 D/MiTVSystemUIService(29402): onStartCommand: show_status_com:0
