12-10 17:23:43.102 D/instant-stats-com.mitv.tvhome( 3249): insert event num: 1
12-10 17:23:43.123 D/report  (29990): load cache-delay[16]sec
12-10 17:23:43.123 D/report  (29990): submit_string
12-10 17:23:43.125 D/MiuiPerfServiceClient( 3234): interceptAndQueuing:29892|com.baidu.rootv|516|177|restricted|null
12-10 17:23:43.152 I/ips     (29990): {"3350":1575969809796,"3300":{"time":1575969809815,"count":4},"3352":1575969810952}
12-10 17:23:43.152 I/ips     (29990): {"3350":1575969809796,"3300":{"time":1575969809815,"count":4},"3352":1575969810952}
12-10 17:23:43.153 I/SILOG_Reporter(29990): ignore the report, exceeding the reporting frequency limit
12-10 17:23:43.153 I/SILOG_PluginLogic(29990): init
12-10 17:23:43.160 I/SILOG_Reporter(29990): 3300begin-----------
12-10 17:23:43.160 I/SILOG_Reporter(29990): Reporting adid:72fc2b3563907f97
12-10 17:23:43.160 I/SILOG_Reporter(29990): Reporting cuid:zb6UfMRvjQ/j3G4BXoBR181sSMlJB5ypdlNRvogUGrgwB3qFiw+JHAPeT7oV+v6A
12-10 17:23:43.160 I/SILOG_Reporter(29990): Reporting tm:2019-12-10-17-23-43
12-10 17:23:43.160 I/SILOG_Reporter(29990): Reporting type:APP
12-10 17:23:43.160 I/SILOG_Reporter(29990): Reporting startmachineID:ffffffff-f2a6-f2ab-2cd8-4a5556760663
12-10 17:23:43.161 I/SILOG_Reporter(29990): Reporting sv:6.0.1
12-10 17:23:43.161 I/SILOG_Reporter(29990): Reporting mac:3c:bd:3e:01:3f:ee
12-10 17:23:43.161 I/SILOG_Reporter(29990): 3300end-------------
12-10 17:23:43.161 D/report  (29990): submit_content:3300
12-10 17:23:43.165 V/report  (29990): thread_starting
12-10 17:23:43.167 V/report  (29990): thread_start
12-10 17:23:43.185 D/SILOG_FuseUtils(29990): sdk:,tvVersion:3.11.2.3850
12-10 17:23:43.186 D/SILOG_FuseUtils(29990): lastsdk:,lastTvVersion:3.11.2.3850
12-10 17:23:43.201 D/SILOG_ws001(29990): built-in plugins config: item: PInfo { <discovery:2886(4)> [BUILTIN] processes=[] js={ver=2886, verv=2814792716782406, type=2, path=plugins/discovery.jar, high=10, frm_ver=4, low=10, pkgname=com.baidu.discoveryplugin, name=discovery, ali=discovery} dex=/data/user/0/com.baidu.rootv/app_plugins_v3_odex/discovery-10-10-2886.dex nlib=/data/user/0/com.baidu.rootv/app_plugins_v3_libs/discovery-10-10-2886 }
12-10 17:23:43.207 D/SILOG_ws001(29990): built-in plugins config: item: PInfo { <dlna:2766(4)> [BUILTIN] processes=[] js={ver=2766, verv=2814792716782286, type=2, path=plugins/dlna.jar, high=10, frm_ver=4, low=10, pkgname=com.baidu.dlnaplugin, name=dlna, ali=dlna} dex=/data/user/0/com.baidu.rootv/app_plugins_v3_odex/dlna-10-10-2766.dex nlib=/data/user/0/com.baidu.rootv/app_plugins_v3_libs/dlna-10-10-2766 }
12-10 17:23:43.240 I/SILOG_Utility(29990): mDeviceId : 72fc2b3563907f97
12-10 17:23:43.255 I/System.out(29990): lookupHostByName() using ota.baidu.com/180.97.104.211 DNS result addresses is /180.97.104.211 
12-10 17:23:43.228 I/SILOG_ShiledWrapper(29672): process 100059 not init 1 times
12-10 17:23:43.281 I/SILOG_ShiledWrapper(29672): trash 100059 not init 1times
12-10 17:23:43.324 I/XRAY-INIT(29990): [main(1): null:-1] - Xray start version = 4.1.8
12-10 17:23:43.331 D/RePlugin.ws001(29655): plugin process has died: plugin=null index=-2147483648 pid=29728
12-10 17:23:43.333 D/PluginProcessMain(29655): com.qihoo360.loader2.PluginProcessMain.handleBinderDiedLocked(PluginProcessMain.java:740)(0ms@Thread[Binder_2,5,main]) WRITING
12-10 17:23:43.333 D/PluginProcessMain(29655): com.qihoo360.loader2.PluginProcessMain.handleBinderDiedLocked(PluginProcessMain.java:740)(1ms@Thread[Binder_2,5,main]) WRITING DONE
12-10 17:23:43.334 D/RePlugin.PluginManagerServer(29655): onClientProcessKilled: Killed! process=com.baidu.rootv:otasdk; remains={}
12-10 17:23:43.347 I/ActivityManager( 2975): Process com.baidu.rootv:otasdk (pid 29728) has died
12-10 17:23:43.347 D/ActivityManager( 2975): cleanUpApplicationRecord -- 29728
12-10 17:23:43.348 D/ProcessRecordInjector( 2975): Begin to report kill process events...
12-10 17:23:43.348 I/MQSEventManagerDelegate( 2975): reportKillProcessEvents
12-10 17:23:43.390 I/XRAY-INIT(29990): [main(1): null:-1] - Anr Monitor is enabled.
12-10 17:23:43.403 I/XRAY-INIT(29990): [main(1): null:-1] - Crash Monitor is enabled.
12-10 17:23:43.406 I/XRAY-INIT(29990): [main(1): null:-1] - Xray is enabled. Rewriter version is 4.5
12-10 17:23:43.440 I/MiTv-Impl-tv2_55-amlogic-SoundRecorder( 3417): onPeriodicNotification, mCount = 5412, mRecordTimeInSecond = -1, mRecorder = android.media.AudioRecord@84b965d
12-10 17:23:43.452 D/AudioFlinger( 2659): mixer(0xf3b80000) throttle end: throttle time(14)
12-10 17:23:43.454 I/XRAY-INIT(29990): [main(1): null:-1] - Xray init costs: 130
12-10 17:23:43.462 I/SILOG_ShiledWrapper(29672): 100060 not init 2
12-10 17:23:43.468 I/SILOG_ShiledWrapper(29672): 100009 not init : 2
12-10 17:23:43.477 I/XRAY-INIT(29990): [main(1): null:-1] - Native Crash Monitor is enabled.
12-10 17:23:43.478 D/XRAY    (29990): [main(1): null:-1] - 加载系统库，调用native接口
12-10 17:23:43.489 I/XRAY-CRAB-NA(29990): Crab Native Monitor JNI_Onload
12-10 17:23:43.489 I/XRAY-CRAB-NA(29990): Current process id is: 29990.
12-10 17:23:43.489 I/XRAY-CRAB-NA(29990): Native save dir: /data/user/0/com.baidu.rootv/files
12-10 17:23:43.489 I/XRAY-CRAB-NA(29990): Install crab native crash handler success.
12-10 17:23:43.490 I/XRAY    (29990): [main(1): null:-1] - NativeCrashHandler openNativeCrashHandler success!  CPU_ABI is armeabi-v7a
12-10 17:23:43.493 D/XRAY    (29990): [main(1): null:-1] - 开始遍历.../data/app/com.baidu.rootv-1/lib/arm
12-10 17:23:43.494 D/XRAY    (29990): [main(1): null:-1] - libmesalink-jni.so$libxray_native.so$libdaemon_api20.so$libdaemon_api21.so$libdaemon_api24.so$libtvshield.so$libliftaban.so$libacs.so$libcrab_native.so$libacs_sdk.so$
12-10 17:23:43.499 I/XRAY-CRAB-NA(29990): C++ 函数 native 接口函数 -> nRequiredVarParams
12-10 17:23:43.500 D/XRAY    (29990): [main(1): null:-1] - uploadNativeCrash 距离初始化上次上传的间隔是：1579
12-10 17:23:43.503 D/XRAY    (29990): [main(1): null:-1] - setLastInitTime cost time = 2
12-10 17:23:43.504 I/System.out(29990): Loading mesalink library...
12-10 17:23:43.519 I/System.out(29990): mesalink successfully initialized.
12-10 17:23:43.519 I/SafeHttp(29990): init
12-10 17:23:43.520 I/DnsHelper(29990): init
12-10 17:23:43.525 V/BDHttpDns(29990): Set debug log enabled to true
12-10 17:23:43.526 V/BDHttpDns(29990): Set account id to 174301
12-10 17:23:43.532 V/BDHttpDns(29990): isIPv4Reachable(true), isIPv6Reachable(false)
12-10 17:23:43.537 V/BDHttpDns(29990): Set secret to Aa2**************qUL
12-10 17:23:43.537 V/BDHttpDns(29990): Set cache policy to POLICY_TOLERANT
12-10 17:23:43.540 I/hook    (29990): System version > 5.0
12-10 17:23:43.548 I/hook    (29990): offset:24925
12-10 17:23:43.548 I/hook    (29990): libc base:0xf6d59000
12-10 17:23:43.548 I/hook    (29990): gethostbyname_internal:0xf6d7d925
12-10 17:23:43.560 I/Switch  (29990): No usage, return
12-10 17:23:43.572 I/SILOG_ReportHelp(29990): init
12-10 17:23:43.621 I/hook    (29990): getting:10.0.0.172
12-10 17:23:43.621 I/hook    (29990): ai_flags:4
12-10 17:23:43.622 I/hook    (29990): getting:10.0.0.200
12-10 17:23:43.622 I/hook    (29990): ai_flags:4
12-10 17:23:43.622 I/SILOG_Avp(29990): init : yes
12-10 17:23:43.626 I/SILOG_Avp(29990): initd
12-10 17:23:43.632 D/BluetoothManagerService( 2975): Message: 20
12-10 17:23:43.632 D/BluetoothManagerService( 2975): Added callback: android.bluetooth.IBluetoothManagerCallback$Stub$Proxy@c463525:true
12-10 17:23:43.632 D/SILOG_AvpWrapper(29990): AvpProcessService onBind  
12-10 17:23:43.632 D/BluetoothManagerService( 2975): checkIfCallerIsForegroundUser: valid=true callingUser=0 parentUser=-10000 foregroundUser=0
12-10 17:23:43.641 D/BluetoothManagerService( 2975): checkIfCallerIsForegroundUser: valid=true callingUser=0 parentUser=-10000 foregroundUser=0
12-10 17:23:43.647 D/SILOG_AvpWrapper(29892): onServiceConnected 
12-10 17:23:43.651 D/report  (29990): submit_string
12-10 17:23:43.652 V/avpsdk  (29990): [thread : pool-10-thread-1 : 5039] [avpsdk] AvpScanEngineFactory debug : true ; AvpFeatureConfig.DEBUG : true
12-10 17:23:43.652 V/avpsdk  (29990): [thread : pool-10-thread-1 : 5039] [avpsdk] AvpScanEngineFactory avpConfigParam : YXZwX3NjYW5fZW5naW5lX2ltcGw9Y29tLmJhaWR1LnNlY3VyaXR5LmF2cC5FbnRlcnByaXNlRWRpdGlvbkF2cFNjYW5FbmdpbmUKYXZwX3J1bnR5cGU9c3RhdGljCmF2cF9jbG91ZHNjYW5fdXNlX2NlYz0zCmF2cF9zZGtfdm5hbWU9Ni4zLjMuNAphdnBfc2RrX3Zjb2RlPTE0NApkZWJ1Z2FibGU9dHJ1ZQpkb21haW5fYWxsPWh0dHBzOi8vbXNjLmJhaWR1LmNvbS8=
12-10 17:23:43.652 V/avpsdk  (29990): [thread : pool-10-thread-1 : 5039] [avpsdk] AvpScanEngineFactory mEnableLibUpdateAlarm : false
12-10 17:23:43.652 V/avpsdk  (29990): [thread : pool-10-thread-1 : 5039] [avpsdk] AvpScanEngineFactory runType : static
12-10 17:23:43.652 V/avpsdk  (29990): [thread : pool-10-thread-1 : 5039] [avpsdk] AvpScanEngineFactory runType static, currentAvpSdkPath : /data/app/com.baidu.rootv-1/base.apk
12-10 17:23:43.653 I/SILOG_Avp(29990): startFastScan
12-10 17:23:43.653 I/SILOG_Avp(29990): not ready
12-10 17:23:43.655 V/avpsdk  (29990): [thread : pool-10-thread-1 : 5039] [AvpFileTools]  unzipSoAndInitAcsLib apkPath : /data/app/com.baidu.rootv-1/base.apk
12-10 17:23:43.657 V/avpsdk  (29990): [thread : pool-10-thread-1 : 5039] [AvpFileTools] cpu abi = armeabi-v7a
12-10 17:23:43.657 V/avpsdk  (29990): [thread : pool-10-thread-1 : 5039] [AvpFileTools] cpu result = armeabi-v7a
12-10 17:23:43.657 V/avpsdk  (29990): [thread : pool-10-thread-1 : 5039] [AvpFileTools] common unzip abi matched so, abi : armeabi-v7a
12-10 17:23:43.731 I/System  (29990): Failed to destroy process 30051
12-10 17:23:43.732 I/System  (29990): android.system.ErrnoException: kill failed: ESRCH (No such process)
12-10 17:23:43.732 I/System  (29990): 	at libcore.io.Posix.kill(Native Method)
12-10 17:23:43.732 I/System  (29990): 	at libcore.io.ForwardingOs.kill(ForwardingOs.java:105)
12-10 17:23:43.732 I/System  (29990): 	at java.lang.ProcessManager$ProcessImpl.destroy(ProcessManager.java:260)
12-10 17:23:43.732 I/System  (29990): 	at com.baidu.mobstat.ff.a(SourceFile:997)
12-10 17:23:43.732 I/System  (29990): 	at com.baidu.mobstat.ff.b(SourceFile:955)
12-10 17:23:43.732 I/System  (29990): 	at com.baidu.mobstat.HeadObject.a(SourceFile:185)
12-10 17:23:43.732 I/System  (29990): 	at com.baidu.mobstat.HeadObject.installHeader(SourceFile:59)
12-10 17:23:43.732 I/System  (29990): 	at com.baidu.mobstat.DataCore.installHeader(SourceFile:167)
12-10 17:23:43.732 I/System  (29990): 	at com.baidu.mobstat.DataCore.init(SourceFile:74)
12-10 17:23:43.732 I/System  (29990): 	at com.baidu.mobstat.SessionAnalysis.onSessionStart(SourceFile:120)
12-10 17:23:43.732 I/System  (29990): 	at com.baidu.mobstat.bk.run(SourceFile:147)
12-10 17:23:43.732 I/System  (29990): 	at android.os.Handler.handleCallback(Handler.java:742)
12-10 17:23:43.732 I/System  (29990): 	at android.os.Handler.dispatchMessage(Handler.java:95)
12-10 17:23:43.732 I/System  (29990): 	at android.os.Looper.loop(Looper.java:157)
12-10 17:23:43.732 I/System  (29990): 	at android.os.HandlerThread.run(HandlerThread.java:61)
12-10 17:23:43.831 I/SILOG_ShiledWrapper(29672): process 100059 not init 2 times
12-10 17:23:43.832 I/SILOG_ShiledWrapper(29672): trash 100059 not init 2times
12-10 17:23:43.990 W/DeviceId(29990): galaxy lib host missing meta-data,make sure you know the right way to integrate galaxy
12-10 17:23:43.990 W/DeviceId(29990): galaxy lib host missing meta-data,make sure you know the right way to integrate galaxy
12-10 17:23:43.990 W/DeviceId(29990): galaxy lib host missing meta-data,make sure you know the right way to integrate galaxy
12-10 17:23:44.004 I/SILOG_ShiledWrapper(29672): 100060 not init 3
12-10 17:23:44.012 I/SILOG_ShiledWrapper(29672): 100009 not init : 3
12-10 17:23:44.096 D/BtGatt.GattService( 3165): stopScan() - queue size =1
12-10 17:23:44.096 D/BtGatt.GattService( 3165): unregisterClient() - clientIf=5
12-10 17:23:44.096 D/BtGatt.ScanManager( 3165): stop scan
12-10 17:23:44.097 D/BtGatt.ScanManager( 3165): configureRegularScanParams() - queue=0
12-10 17:23:44.097 D/BtGatt.ScanManager( 3165): configureRegularScanParams() - ScanSetting Scan mode=-2147483648 mLastConfiguredScanSetting=2
12-10 17:23:44.097 D/BtGatt.ScanManager( 3165): configureRegularScanParams() - queue emtpy, scan stopped
12-10 17:23:44.120 I/hook    (29990): getting:hmma.baidu.com
12-10 17:23:44.120 I/hook    (29990): ai_flags:4
12-10 17:23:44.120 I/hook    (29990): getting:hmma.baidu.com
12-10 17:23:44.120 I/hook    (29990): ai_flags:1024
12-10 17:23:44.120 W/Switch  (29990): service not connected
12-10 17:23:44.120 I/hook    (29990): safehttp enabled
12-10 17:23:44.121 I/DnsHelper(29990): method get called, url:hmma.baidu.com
12-10 17:23:44.125 V/BDHttpDns(29990): Hosts for httpdns request is (hmma.baidu.com) 
12-10 17:23:44.132 I/hook    (29990): getting:hmma.baidu.com
12-10 17:23:44.132 I/hook    (29990): ai_flags:4
12-10 17:23:44.132 I/hook    (29990): getting:hmma.baidu.com
12-10 17:23:44.133 I/hook    (29990): ai_flags:1024
12-10 17:23:44.133 W/Switch  (29990): service not connected
12-10 17:23:44.133 I/hook    (29990): safehttp enabled
12-10 17:23:44.142 V/BDHttpDns(29990): Using BGPServerIp(180.76.76.200)
12-10 17:23:44.143 I/hook    (29990): getting:180.76.76.200
12-10 17:23:44.143 I/hook    (29990): ai_flags:4
12-10 17:23:44.144 D/XRAY    (29990): [pool-11-thread-1(5046): null:-1] - IP address:180.76.76.200
12-10 17:23:44.145 D/XRAY    (29990): [pool-11-thread-1(5046): null:-1] - 此处设置当前threadId = 5046
12-10 17:23:44.145 I/hook    (29990): getting:180.76.76.200
12-10 17:23:44.145 I/hook    (29990): ai_flags:4
12-10 17:23:44.154 I/System.out(29990): lookupHostByName() using hmma.baidu.com/220.181.107.215 DNS result addresses is /220.181.107.215 /106.120.159.55 
12-10 17:23:44.157 I/hook    (29990): getting:192.168.101.141
12-10 17:23:44.157 I/hook    (29990): ai_flags:4
12-10 17:23:44.158 D/XRAY    (29990): [pool-11-thread-1(5046): null:-1] - XraySocketImplFactory23->createSocketImpl
12-10 17:23:44.160 V/BDHttpDns(29990): Dns resolve successful, host(hmma.baidu.com), ipv4List([220.181.107.215, 106.120.159.55]), ipv6List([])
12-10 17:23:44.160 D/XRAY    (29990): [pool-11-thread-1(5046): null:-1] - connect3:1575969824159
12-10 17:23:44.161 V/BDHttpDns(29990): Set entry to DNS cache, host(hmma.baidu.com), ipv4List([220.181.107.215, 106.120.159.55]), ipv6List([]), ttl(60)
12-10 17:23:44.161 V/BDHttpDns(29990): Sync resolve successful, host(hmma.baidu.com) ipList([220.181.107.215, 106.120.159.55]) ipv6List([]) resolveType(RESOLVE_FROM_DNS)
12-10 17:23:44.162 I/DnsHelper(29990): result:220.181.107.215
12-10 17:23:44.162 I/DnsHelper(29990): result:106.120.159.55
12-10 17:23:44.162 I/DnsHelper(29990): get finish
12-10 17:23:44.162 I/hook    (29990): result:0
12-10 17:23:44.162 I/System.out(29990): lookupHostByName() using hmma.baidu.com/220.181.107.215 DNS result addresses is /220.181.107.215 /106.120.159.55 
12-10 17:23:44.163 D/XRAY    (29990): [LogSenderThread(5044): null:-1] - IP address:220.181.107.215
12-10 17:23:44.164 D/XRAY    (29990): [LogSenderThread(5044): null:-1] - 此处设置当前threadId = 5044
12-10 17:23:44.169 I/hook    (29990): getting:192.168.101.141
12-10 17:23:44.169 I/hook    (29990): ai_flags:4
12-10 17:23:44.170 D/XRAY    (29990): [LogSenderThread(5044): null:-1] - XraySocketImplFactory23->createSocketImpl
12-10 17:23:44.171 D/XRAY    (29990): [LogSenderThread(5044): null:-1] - connect3:1575969824171
12-10 17:23:44.213 D/ProcessCpuTracker( 3234): Skipping kernel process pid 29538 name kworker/0:1
12-10 17:23:44.214 D/ProcessCpuTracker( 3234): Skipping kernel process pid 29538 name kworker/0:1
12-10 17:23:44.239 W/HandlerThread( 3680): type=1400 audit(0.0:20995): avc: denied { search } for name="29874" dev="proc" ino=33446601 scontext=u:r:system_app:s0 tcontext=u:r:shell:s0 tclass=dir permissive=0
12-10 17:23:44.239 W/HandlerThread( 3680): type=1400 audit(0.0:20996): avc: denied { search } for name="29874" dev="proc" ino=33446601 scontext=u:r:system_app:s0 tcontext=u:r:shell:s0 tclass=dir permissive=0
12-10 17:23:44.254 W/Process ( 3234): Unable to open /proc/29874/status
12-10 17:23:44.254 D/ProcessCpuTracker( 3234): Skipping unknown process pid 29874
12-10 17:23:44.255 W/Process ( 3234): Unable to open /proc/29884/status
12-10 17:23:44.256 D/ProcessCpuTracker( 3234): Skipping unknown process pid 29884
12-10 17:23:44.239 W/HandlerThread( 3680): type=1400 audit(0.0:20997): avc: denied { search } for name="29874" dev="proc" ino=33446601 scontext=u:r:system_app:s0 tcontext=u:r:shell:s0 tclass=dir permissive=0
12-10 17:23:44.239 W/HandlerThread( 3680): type=1400 audit(0.0:20998): avc: denied { search } for name="29874" dev="proc" ino=33446601 scontext=u:r:system_app:s0 tcontext=u:r:shell:s0 tclass=dir permissive=0
12-10 17:23:44.239 W/HandlerThread( 3680): type=1400 audit(0.0:20999): avc: denied { search } for name="29874" dev="proc" ino=33446601 scontext=u:r:system_app:s0 tcontext=u:r:shell:s0 tclass=dir permissive=0
12-10 17:23:44.239 W/HandlerThread( 3680): type=1400 audit(0.0:21000): avc: denied { search } for name="29884" dev="proc" ino=33446651 scontext=u:r:system_app:s0 tcontext=u:r:shell:s0 tclass=dir permissive=0
12-10 17:23:44.239 W/HandlerThread( 3680): type=1400 audit(0.0:21001): avc: denied { search } for name="29884" dev="proc" ino=33446651 scontext=u:r:system_app:s0 tcontext=u:r:shell:s0 tclass=dir permissive=0
12-10 17:23:44.239 W/HandlerThread( 3680): type=1400 audit(0.0:21002): avc: denied { search } for name="29884" dev="proc" ino=33446651 scontext=u:r:system_app:s0 tcontext=u:r:shell:s0 tclass=dir permissive=0
12-10 17:23:44.239 W/HandlerThread( 3680): type=1400 audit(0.0:21003): avc: denied { search } for name="29884" dev="proc" ino=33446651 scontext=u:r:system_app:s0 tcontext=u:r:shell:s0 tclass=dir permissive=0
12-10 17:23:44.239 W/HandlerThread( 3680): type=1400 audit(0.0:21004): avc: denied { search } for name="29884" dev="proc" ino=33446651 scontext=u:r:system_app:s0 tcontext=u:r:shell:s0 tclass=dir permissive=0
12-10 17:23:44.374 I/SILOG_ShiledWrapper(29672): trash 100059 not init 3times
12-10 17:23:44.377 I/SILOG_ShiledWrapper(29672): process 100059 not init 3 times
12-10 17:23:44.386 V/avpsdk  (29990): [thread : pool-10-thread-1 : 5039] [AvpFileTools] common armeabi match entry：assets/init.tgs
12-10 17:23:44.387 V/avpsdk  (29990): [thread : pool-10-thread-1 : 5039] [AvpFileTools] common armeabi cp to dest fileDir : /data/user/0/com.baidu.rootv/app_avpSdkDir ; name : init.tgs
12-10 17:23:44.392 I/ActivityManager( 2975): Waited long enough for: ServiceRecord{8933a83 u0 com.baidu.rootv/.deamon.DaemonService}
12-10 17:23:44.439 I/MiTv-Impl-tv2_55-amlogic-SoundRecorder( 3417): onPeriodicNotification, mCount = 5413, mRecordTimeInSecond = -1, mRecorder = android.media.AudioRecord@84b965d
12-10 17:23:44.545 I/SILOG_ShiledWrapper(29672): 100060 not init 4
12-10 17:23:44.577 I/SILOG_ShiledWrapper(29672): 100009 not init : 4
12-10 17:23:44.618 D/BtGatt.GattService( 3165): registerClient() - UUID=9359ff7f-807e-4b29-a7db-ce66bfd9dd1c
12-10 17:23:44.619 D/BtGatt.GattService( 3165): onClientRegistered() - UUID=9359ff7f-807e-4b29-a7db-ce66bfd9dd1c, clientIf=5
12-10 17:23:44.619 D/BtGatt.GattService( 3165): start scan with filters
12-10 17:23:44.621 D/BtGatt.ScanManager( 3165): handling starting scan
12-10 17:23:44.629 D/BtGatt.ScanManager( 3165): configureRegularScanParams() - queue=1
12-10 17:23:44.629 D/BtGatt.ScanManager( 3165): configureRegularScanParams() - ScanSetting Scan mode=2 mLastConfiguredScanSetting=-2147483648
12-10 17:23:44.640 I/art     ( 3909): Background sticky concurrent mark sweep GC freed 370094(14MB) AllocSpace objects, 0(0B) LOS objects, 71% free, 6MB/21MB, paused 1.542ms total 148.295ms
12-10 17:23:44.811 I/hook    (29892): getting:ota.baidu.com
12-10 17:23:44.811 I/hook    (29892): ai_flags:4
12-10 17:23:44.811 I/hook    (29892): getting:ota.baidu.com
12-10 17:23:44.811 I/hook    (29892): ai_flags:1024
12-10 17:23:44.811 W/Switch  (29892): service not connected
12-10 17:23:44.811 I/hook    (29892): safehttp enabled
12-10 17:23:44.812 I/DnsHelper(29892): method get called, url:ota.baidu.com
12-10 17:23:44.812 V/BDHttpDns(29892): Hosts for httpdns request is (ota.baidu.com) 
12-10 17:23:44.815 I/hook    (29892): getting:ota.baidu.com
12-10 17:23:44.815 I/hook    (29892): ai_flags:4
12-10 17:23:44.816 I/hook    (29892): getting:ota.baidu.com
12-10 17:23:44.816 I/hook    (29892): ai_flags:1024
12-10 17:23:44.816 W/Switch  (29892): service not connected
12-10 17:23:44.816 I/hook    (29892): safehttp enabled
12-10 17:23:44.818 V/BDHttpDns(29892): Using BGPServerIp(180.76.76.200)
12-10 17:23:44.819 I/hook    (29892): getting:180.76.76.200
12-10 17:23:44.819 I/hook    (29892): ai_flags:4
12-10 17:23:44.820 D/XRAY    (29892): [pool-10-thread-4(5072): null:-1] - IP address:180.76.76.200
12-10 17:23:44.820 I/System.out(29892): lookupHostByName() using ota.baidu.com/180.97.104.211 DNS result addresses is /180.97.104.211 
12-10 17:23:44.821 V/BDHttpDns(29892): Dns resolve successful, host(ota.baidu.com), ipv4List([180.97.104.211]), ipv6List([])
12-10 17:23:44.822 V/BDHttpDns(29892): Set entry to DNS cache, host(ota.baidu.com), ipv4List([180.97.104.211]), ipv6List([]), ttl(60)
12-10 17:23:44.822 V/BDHttpDns(29892): Sync resolve successful, host(ota.baidu.com) ipList([180.97.104.211]) ipv6List([]) resolveType(RESOLVE_FROM_DNS)
12-10 17:23:44.822 D/XRAY    (29892): [pool-10-thread-4(5072): null:-1] - 此处设置当前threadId = 5072
12-10 17:23:44.822 I/DnsHelper(29892): result:180.97.104.211
12-10 17:23:44.822 I/DnsHelper(29892): get finish
12-10 17:23:44.822 I/hook    (29892): result:0
12-10 17:23:44.822 I/System.out(29892): lookupHostByName() using ota.baidu.com/180.97.104.211 DNS result addresses is /180.97.104.211 
12-10 17:23:44.822 I/hook    (29892): getting:180.76.76.200
12-10 17:23:44.822 I/hook    (29892): ai_flags:4
12-10 17:23:44.823 D/XRAY    (29892): [pool-2-thread-1(5021): null:-1] - XraySocketImplFactory23->createSocketImpl
12-10 17:23:44.823 I/hook    (29892): getting:192.168.101.141
12-10 17:23:44.823 I/hook    (29892): ai_flags:4
12-10 17:23:44.823 D/XRAY    (29892): [pool-10-thread-4(5072): null:-1] - XraySocketImplFactory23->createSocketImpl
12-10 17:23:44.824 D/XRAY    (29892): [pool-2-thread-1(5021): null:-1] - connect3:1575969824823
12-10 17:23:44.824 D/XRAY    (29892): [pool-10-thread-4(5072): null:-1] - connect3:1575969824824
12-10 17:23:44.855 D/XRAY    (29892): [pool-2-thread-1(5021): null:-1] - PlainSocketImpl:host = ota.baidu.com
12-10 17:23:44.855 D/XRAY    (29892):  ip = 180.97.104.211
12-10 17:23:44.857 D/XRAY    (29892): [pool-2-thread-1(5021): null:-1] - XraySocketImplFactory23->createSocketImpl
12-10 17:23:44.866 I/hook    (29892): getting:ota.baidu.com
12-10 17:23:44.866 I/hook    (29892): ai_flags:4
12-10 17:23:44.917 I/SILOG_dove(29892): InOrderProc postStart
12-10 17:23:44.929 I/SILOG_ShiledWrapper(29672): trash 100059 not init 4times
12-10 17:23:44.930 I/SILOG_ShiledWrapper(29672): process 100059 not init 4 times
12-10 17:23:44.992 E/XRAY    (29892): [pool-7-thread-1(5033): null:-1] - TCP连接失败
12-10 17:23:45.004 D/XRAY    (29892): [pool-7-thread-1(5033): null:-1] - 堆栈信息是：java.net.SocketTimeoutException
12-10 17:23:45.004 D/XRAY    (29892): failed to connect to /192.168.101.141 (port 8888) after 3000ms
12-10 17:23:45.004 D/XRAY    (29892): 
12-10 17:23:45.004 D/XRAY    (29892): libcore.io.IoBridge.connectErrno(IoBridge.java:169)
12-10 17:23:45.004 D/XRAY    (29892): libcore.io.IoBridge.connect(IoBridge.java:122)
12-10 17:23:45.004 D/XRAY    (29892): java.net.PlainSocketImpl.connect(PlainSocketImpl.java:183)
12-10 17:23:45.004 D/XRAY    (29892): java.net.PlainSocketImpl.connect(PlainSocketImpl.java:452)
12-10 17:23:45.004 D/XRAY    (29892): com.baidu.xray.agent.socket.b.b.connect(Unknown Source)
12-10 17:23:45.004 D/XRAY    (29892): java.net.Socket.connect(Socket.java:884)
12-10 17:23:45.004 D/XRAY    (29892): com.android.okhttp.internal.Platform.connectSocket(Platform.java:117)
12-10 17:23:45.004 D/XRAY    (29892): com.android.okhttp.internal.http.SocketConnector.connectRawSocket(SocketConnector.java:160)
12-10 17:23:45.004 D/XRAY    (29892): com.android.okhttp.internal.http.SocketConnector.connectTls(SocketConnector.java:79)
12-10 17:23:45.004 D/XRAY    (29892): com.android.okhttp.Connection.connect(Connection.java:143)
12-10 17:23:45.004 D/XRAY    (29892): com.android.okhttp.Connection.connectAndSetOwner(Connection.java:185)
12-10 17:23:45.004 D/XRAY    (29892): com.android.okhttp.OkHttpClient$1.connectAndSetOwner(OkHttpClient.java:128)
12-10 17:23:45.004 D/XRAY    (29892): com.android.okhttp.internal.http.HttpEngine.nextConnection(HttpEngine.java:341)
12-10 17:23:45.004 D/XRAY    (29892): com.android.okhttp.internal.http.HttpEngine.connect(HttpEngine.java:330)
12-10 17:23:45.004 D/XRAY    (29892): com.android.okhttp.internal.http.HttpEngine.sendRequest(HttpEngine.java:248)
12-10 17:23:45.004 D/XRAY    (29892): com.android.okhttp.internal.huc.HttpURLConnectionImpl.execute(HttpURLConnectionImpl.java:437)
12-10 17:23:45.004 D/XRAY    (29892): com.android.okhttp.internal.huc.HttpURLConnectionImpl.connect(HttpURLConnectionImpl.java:114)
12-10 17:23:45.004 D/XRAY    (29892): com.android.okhttp.internal.huc.HttpURLConnectionImpl.getOutputStream(HttpURLConnectionImpl.java:245)
12-10 17:23:45.004 D/XRAY    (29892): com.android.okhttp.internal.huc.DelegatingHttpsURLConnection.getOutputStream(DelegatingHttpsURLConnection.java:218)
12-10 17:23:45.004 D/XRAY    (29892): com.android.okhttp.internal.huc.HttpsURLConnectionImpl.getOutputStream(HttpsURLConnectionImpl.java)
12-10 17:23:45.004 D/XRAY    (29892): com.baidu.xray.agent.a.b.a(Unknown Source)
12-10 17:23:45.004 D/XRAY    (29892): com.baidu.xray.agent.a.b.d(Unknown Source)
12-10 17:23:45.004 D/XRAY    (29892): com.baidu.xray.agent.a.b.G(Unknown Source)
12-10 17:23:45.004 D/XRAY    (29892): com.baidu.xray.agent.crab.d$5.run(Unknown Source)
12-10 17:23:45.004 D/XRAY    (29892): java.util.concurrent.Executors$RunnableAdapter.call(Executors.java:423)
12-10 17:23:45.004 D/XRAY    (29892): java.util.concurrent.FutureTask.run(FutureTask.java:237)
12-10 17:23:45.004 D/XRAY    (29892): java.util.concurrent.ScheduledThreadPoolExecutor$ScheduledFutureTask.run(ScheduledThreadPoolExecutor.java:269)
12-10 17:23:45.004 D/XRAY    (29892): java.util.concurrent.ThreadPoolExecutor.runWorker(ThreadPoolExecutor.java:1113)
12-10 17:23:45.004 D/XRAY    (29892): java.util.concurrent.ThreadPoolExecutor$Worker.run(ThreadPoolExecutor.java:588)
12-10 17:23:45.004 D/XRAY    (29892): java.lang.Thread.run(Thread.java:818)
12-10 17:23:45.006 E/XRAY    (29892): [pool-7-thread-1(5033): null:-1] - aps error 保存数据成功：
12-10 17:23:45.006 E/XRAY    (29892): ["066a8fea-0b16-4048-8ac8-7d2f7f81517a",1575969825001,"http:\/\/192.168.101.141",0,-1014,"java.net.SocketTimeoutException\nfailed to connect to \/192.168.101.141 (port 8888) after 3000ms\n\nlibcore.io.IoBridge.connectErrno(IoBridge.java:169)\nlibcore.io.IoBridge.connect(IoBridge.java:122)\njava.net.PlainSocketImpl.connect(PlainSocketImpl.java:183)\njava.net.PlainSocketImpl.connect(PlainSocketImpl.java:452)\ncom.baidu.xray.agent.socket.b.b.connect(Unknown Source)\njava.net.Socket.connect(Socket.java:884)\ncom.android.okhttp.internal.Platform.connectSocket(Platform.java:117)\ncom.android.okhttp.internal.http.SocketConnector.connectRawSocket(SocketConnector.java:160)\ncom.android.okhttp.internal.http.SocketConnector.connectTls(SocketConnector.java:79)\ncom.android.okhttp.Connection.connect(Connection.java:143)\ncom.android.okhttp.Connection.connectAndSetOwner(Connection.java:185)\ncom.android.okhttp.OkHttpClient$1.connectAndSetOwner(OkHttpClient.java:128)\ncom.android.okhttp.internal.http.HttpEngine.nextConnection(HttpEngine.java:341)\ncom.android.okhttp.internal.http.HttpEngine.connect(HttpEngine.java:330)\ncom.android.okhttp.internal.http.HttpEngine.sendRequest(HttpEngine.java:248)\ncom.android.okhttp.internal.huc.HttpURLConnectionImpl.execute(HttpURLConnectionImpl.java:437)\ncom.android.okhttp.internal.huc.HttpURLConnectionImpl.connect(HttpURLConnectionImpl.java:114)\ncom.android.okhttp.internal.huc.HttpURLConnectionImpl.getOutputStream(HttpURLConnectionImpl.java:245)\ncom.android.okhttp.internal.huc.DelegatingHttpsURLConnection.getOutputStream(DelegatingHttpsURLConnection.java:218)\ncom.android.okhttp.internal.huc.HttpsURLConnectionImpl.getOutputStream(HttpsURLConnectionImpl.java)\ncom.baidu.xray.agent.a.b.a(Unknown Source)\ncom.baidu.xray.agent.a.b.d(Unknown Source)\ncom.baidu.xray.agent.a.b.G(Unknown Source)\ncom.baidu.xray.agent.crab.d$5.run(Unknown Source)\njava.util.concurrent.Executors$RunnableAdapter.call(Executors.java:423)\njava.util.concurrent.FutureTask.run(FutureTask.java:237)\njava.util.concurrent.ScheduledThreadPoolExecutor$ScheduledFutureTask.run(ScheduledThreadPoolExecutor.java:269)\njava.util.concurrent.ThreadPoolExecutor.runWorker(ThreadPoolExecutor.java:1113)\njava.util.concurrent.ThreadPoolExecutor$Worker.run(ThreadPoolExecutor.java:588)\njava.lang.Thread.run(Thread.java:818)","","",""]
12-10 17:23:45.010 I/hook    (29892): getting:crab.baidu.com
12-10 17:23:45.010 I/hook    (29892): ai_flags:4
12-10 17:23:45.010 I/hook    (29892): getting:crab.baidu.com
12-10 17:23:45.010 I/hook    (29892): ai_flags:1024
12-10 17:23:45.010 W/Switch  (29892): service not connected
12-10 17:23:45.010 I/hook    (29892): safehttp enabled
12-10 17:23:45.011 I/DnsHelper(29892): method get called, url:crab.baidu.com
12-10 17:23:45.012 V/BDHttpDns(29892): Hosts for httpdns request is (crab.baidu.com) 
12-10 17:23:45.015 I/hook    (29892): getting:crab.baidu.com
12-10 17:23:45.016 I/hook    (29892): ai_flags:4
12-10 17:23:45.016 I/hook    (29892): getting:crab.baidu.com
12-10 17:23:45.016 I/hook    (29892): ai_flags:1024
12-10 17:23:45.016 W/Switch  (29892): service not connected
12-10 17:23:45.016 I/hook    (29892): safehttp enabled
12-10 17:23:45.019 I/System.out(29892): lookupHostByName() using crab.baidu.com/111.206.37.242 DNS result addresses is /111.206.37.242 
12-10 17:23:45.020 V/BDHttpDns(29892): Dns resolve successful, host(crab.baidu.com), ipv4List([111.206.37.242]), ipv6List([])
12-10 17:23:45.020 V/BDHttpDns(29892): Set entry to DNS cache, host(crab.baidu.com), ipv4List([111.206.37.242]), ipv6List([]), ttl(60)
12-10 17:23:45.020 V/BDHttpDns(29892): Sync resolve successful, host(crab.baidu.com) ipList([111.206.37.242]) ipv6List([]) resolveType(RESOLVE_FROM_DNS)
12-10 17:23:45.020 I/DnsHelper(29892): result:111.206.37.242
12-10 17:23:45.020 I/DnsHelper(29892): get finish
12-10 17:23:45.020 I/hook    (29892): result:0
12-10 17:23:45.020 I/System.out(29892): lookupHostByName() using crab.baidu.com/111.206.37.242 DNS result addresses is /111.206.37.242 
12-10 17:23:45.021 D/XRAY    (29892): [pool-7-thread-1(5033): null:-1] - XraySocketImplFactory23->createSocketImpl
12-10 17:23:45.022 D/XRAY    (29892): [pool-7-thread-1(5033): null:-1] - connect3:1575969825022
12-10 17:23:45.023 V/BDHttpDns(29892): Using BGPServerIp(180.76.76.200)
12-10 17:23:45.024 I/hook    (29892): getting:180.76.76.200
12-10 17:23:45.025 I/hook    (29892): ai_flags:4
12-10 17:23:45.026 D/XRAY    (29892): [pool-10-thread-5(5074): null:-1] - IP address:180.76.76.200
12-10 17:23:45.027 D/XRAY    (29892): [pool-10-thread-5(5074): null:-1] - 此处设置当前threadId = 5074
12-10 17:23:45.028 I/hook    (29892): getting:180.76.76.200
12-10 17:23:45.028 I/hook    (29892): ai_flags:4
12-10 17:23:45.030 I/hook    (29892): getting:192.168.101.141
12-10 17:23:45.037 I/hook    (29892): ai_flags:4
12-10 17:23:45.037 D/XRAY    (29892): [pool-10-thread-5(5074): null:-1] - XraySocketImplFactory23->createSocketImpl
12-10 17:23:45.039 D/XRAY    (29892): [pool-10-thread-5(5074): null:-1] - connect3:1575969825038
12-10 17:23:45.083 I/SILOG_ShiledWrapper(29672): 100060 not init 5
12-10 17:23:45.096 D/XRAY    (29892): [pool-7-thread-1(5033): null:-1] - PlainSocketImpl:host = crab.baidu.com
12-10 17:23:45.096 D/XRAY    (29892):  ip = 111.206.37.242
12-10 17:23:45.096 D/XRAY    (29892): [pool-7-thread-1(5033): null:-1] - XraySocketImplFactory23->createSocketImpl
12-10 17:23:45.101 I/hook    (29892): getting:crab.baidu.com
12-10 17:23:45.101 I/hook    (29892): ai_flags:4
12-10 17:23:45.125 I/SILOG_ShiledWrapper(29672): 100009 not init : 5
12-10 17:23:45.132 D/UDTJmDNSThread( 3909): Wifi is active connectivity
12-10 17:23:45.133 D/UDTJmDNSThread( 3909): get wifi IP: /192.168.1.123
12-10 17:23:45.133 D/UDTJmDNSThread( 3909): JmDNS address:/192.168.1.123
12-10 17:23:45.133 I/UDTDiscoverManager( 3909): UDTJmDNSThread now available, no operation
12-10 17:23:45.143 D/report  (29892): report result:code=200,msg={"errno":0, "msg":"suc"}
12-10 17:23:45.144 D/report  (29892): report success:344
12-10 17:23:45.145 D/report  (29892): RandomSleepTime:5000 ms
12-10 17:23:45.175 V/avpsdk  (29990): [thread : pool-10-thread-1 : 5039] [AvpFileTools] common unzipSoAndInitAcsLib from /data/app/com.baidu.rootv-1/base.apk success
12-10 17:23:45.176 V/avpsdk  (29990): [thread : pool-10-thread-1 : 5039] [AvpFileTools] cpu abi = armeabi-v7a
12-10 17:23:45.176 V/avpsdk  (29990): [thread : pool-10-thread-1 : 5039] [AvpFileTools] cpu result = armeabi-v7a
12-10 17:23:45.176 V/avpsdk  (29990): [thread : pool-10-thread-1 : 5039] [AvpFileTools] unique unzip abi matched so, abi : armeabi-v7a
12-10 17:23:45.293 D/XRAY    (29892): [pool-7-thread-1(5033): null:-1] - XrayOpenSSLSocketImplWrapper ssl time：192; increase:192
12-10 17:23:45.294 D/XRAY    (29892): [pool-7-thread-1(5033): null:-1] - XrayOpenSSLSocketImplWrapper ssl time：192; increase:0
12-10 17:23:45.295 D/XRAY    (29892): [pool-7-thread-1(5033): null:-1] - XrayOpenSSLSocketImplWrapper->new InputStream here
12-10 17:23:45.295 D/XRAY-NET(29892): [pool-7-thread-1(5033): null:-1] - input:newStreamBuffer()
12-10 17:23:45.302 D/XRAY    (29892): [pool-7-thread-1(5033): null:-1] - XrayOpenSSLSocketImplWrapper ssl time：192; increase:0
12-10 17:23:45.302 D/XRAY    (29892): [pool-7-thread-1(5033): null:-1] - XrayOpenSSLSocketImplWrapper->new OutputStream here
12-10 17:23:45.303 D/XRAY-NET(29892): [pool-7-thread-1(5033): null:-1] - output:newStreamBuffer
12-10 17:23:45.306 D/XRAY-NET(29892): [pool-7-thread-1(5033): null:-1] - output:streamCustomWrite
12-10 17:23:45.306 D/XRAY-NET(29892): [pool-7-thread-1(5033): null:-1] - output:customWrite
12-10 17:23:45.307 D/XRAY-NET(29892): [pool-7-thread-1(5033): null:-1] - output:getMethodPath: POST； path = /api/newsync2
12-10 17:23:45.308 D/XRAY    (29892): [pool-7-thread-1(5033): null:-1] - create connection stats
12-10 17:23:45.317 D/XRAY-NET(29892): [pool-7-thread-1(5033): null:-1] - output:setAStreamBufferFormat
12-10 17:23:45.317 D/XRAY-NET(29892): [pool-7-thread-1(5033): null:-1] - output:getAStreamBufferFormat
12-10 17:23:45.318 D/XRAY-NET(29892): [pool-7-thread-1(5033): null:-1] - output:contentType(String contentType): application/json; charset=UTF-8
12-10 17:23:45.319 D/XRAY-NET(29892): [pool-7-thread-1(5033): null:-1] - output:headerParam(String key, String value): Content-Type; application/json; charset=UTF-8
12-10 17:23:45.319 D/XRAY-NET(29892): [pool-7-thread-1(5033): null:-1] - output:headerParam(String key, String value): User-Agent; {"batvn":"4.1.8","appkey":"284471ab78dad815","appvn":"3.11.2.3850","apiType":"sync","ndkVN":"4.0.0"}
12-10 17:23:45.320 D/XRAY-NET(29892): [pool-7-thread-1(5033): null:-1] - output:outHost(String host): crab.baidu.com
12-10 17:23:45.321 D/XRAY-NET(29892): [pool-7-thread-1(5033): null:-1] - output:headerParam(String key, String value): Host; crab.baidu.com
12-10 17:23:45.321 D/XRAY-NET(29892): [pool-7-thread-1(5033): null:-1] - output:headerParam(String key, String value): Connection; Keep-Alive
12-10 17:23:45.322 D/XRAY-NET(29892): [pool-7-thread-1(5033): null:-1] - output:headerParam(String key, String value): Accept-Encoding; gzip
12-10 17:23:45.322 D/XRAY-NET(29892): [pool-7-thread-1(5033): null:-1] - output:headerParam(String key, String value): Content-Length; 184
12-10 17:23:45.324 D/XRAY-NET(29892): [pool-7-thread-1(5033): null:-1] - output:setAStreamBufferFormat
12-10 17:23:45.324 D/XRAY-NET(29892): [pool-7-thread-1(5033): null:-1] - output:getAStreamBufferFormat
12-10 17:23:45.325 D/XRAY-NET(29892): [pool-7-thread-1(5033): null:-1] - output:streamContent(String content){"os":"android","uid":"88f816b0-b7d1-4bce-95ce-4678ab1f0c28","appVN":"3.11.2.3850","channel":"guanfang","pkgName":"284471ab78dad815","sdkVN":"4.1.8","ndkVN":"4.0.0","appUsedCount":"2"}
12-10 17:23:45.325 D/XRAY-NET(29892): [pool-7-thread-1(5033): null:-1] - output:streamBytes(int bytes): 466
12-10 17:23:45.326 D/XRAY-NET(29892): [pool-7-thread-1(5033): null:-1] - output:newStreamBuffer
12-10 17:23:45.326 D/XRAY-NET(29892): [pool-7-thread-1(5033): null:-1] - output:setAStreamBufferFormat
12-10 17:23:45.346 D/MiuiPerfServiceClient( 3234): 29892|com.baidu.rootv|516|177|restricted|Process(com.baidu.rootv:avp|92|com.baidu.rootv)
12-10 17:23:45.400 D/XRAY-NET(29892): [pool-7-thread-1(5033): null:-1] - input:streamCustomRead
12-10 17:23:45.401 D/XRAY-NET(29892): [pool-7-thread-1(5033): null:-1] - input:customRead
12-10 17:23:45.401 D/XRAY-NET(29892): [pool-7-thread-1(5033): null:-1] - input:inStatusCode: 200
12-10 17:23:45.402 D/XRAY-NET(29892): [pool-7-thread-1(5033): null:-1] - url = https://crab.baidu.com/api/newsync2
12-10 17:23:45.403 D/XRAY-NET(29892): [pool-7-thread-1(5033): null:-1] - input: setAStreamBufferFormat(AStreamBufferFormat impl)
12-10 17:23:45.406 D/XRAY-NET(29892): [pool-7-thread-1(5033): null:-1] - input: setAStreamBufferFormat()
12-10 17:23:45.407 D/XRAY-NET(29892): [pool-7-thread-1(5033): null:-1] - input:headerParam(String key, String value)
12-10 17:23:45.408 D/XRAY-NET(29892): [pool-7-thread-1(5033): null:-1] - input:contentType(String contentType): application/octet-stream
12-10 17:23:45.411 D/XRAY-NET(29892): [pool-7-thread-1(5033): null:-1] - content-type found:application/octet-stream
12-10 17:23:45.412 D/XRAY-NET(29892): [pool-7-thread-1(5033): null:-1] - input:headerParam(String key, String value)
12-10 17:23:45.414 D/XRAY-NET(29892): [pool-7-thread-1(5033): null:-1] - input:headerParam(String key, String value)
12-10 17:23:45.415 D/XRAY-NET(29892): [pool-7-thread-1(5033): null:-1] - input:headerParam(String key, String value)
12-10 17:23:45.415 D/XRAY-NET(29892): [pool-7-thread-1(5033): null:-1] - input:headerParam(String key, String value)
12-10 17:23:45.416 D/XRAY-NET(29892): [pool-7-thread-1(5033): null:-1] - input:headerParam(String key, String value)
12-10 17:23:45.416 D/XRAY-NET(29892): [pool-7-thread-1(5033): null:-1] - input:getRequestMethod(): POST
12-10 17:23:45.417 D/XRAY-NET(29892): [pool-7-thread-1(5033): null:-1] - input:streamBytes(int bytes): 194
12-10 17:23:45.418 D/XRAY-NET(29892): [pool-7-thread-1(5033): null:-1] - input inSaveData! byteReceived = 194; var2 = -1
12-10 17:23:45.419 E/XRAY-NET(29892): [pool-7-thread-1(5033): null:-1] - header里的起始时间为0 ！
12-10 17:23:45.420 D/XRAY-NET(29892): [pool-7-thread-1(5033): null:-1] - input:newStreamBuffer()
12-10 17:23:45.420 D/XRAY-NET(29892): [pool-7-thread-1(5033): null:-1] - input: setAStreamBufferFormat(AStreamBufferFormat impl)
12-10 17:23:45.421 D/XRAY    (29892): [pool-7-thread-1(5033): null:-1] - crab upload appLife successed.
12-10 17:23:45.425 D/XRAY    (29892): [pool-7-thread-1(5033): null:-1] - 上传日活参数：["284471ab78dad815","3.11.2.3850","4.1.8",2,"4b1692b7ab865623cb23a9ff74681f4f","88f816b0-b7d1-4bce-95ce-4678ab1f0c28"]
12-10 17:23:45.426 I/XRAY    (29892): [pool-7-thread-1(5033): null:-1] - 上传日活的 url is : https://qapm.baidu.com/api/mobile/sync
12-10 17:23:45.427 I/XRAY    (29892): [pool-7-thread-1(5033): null:-1] - agent is {"batvn":"4.1.8","appkey":"284471ab78dad815","appvn":"3.11.2.3850","apiType":"sync","ndkVN":"4.0.0"}
12-10 17:23:45.430 I/hook    (29892): getting:192.168.101.141
12-10 17:23:45.430 I/hook    (29892): ai_flags:4
12-10 17:23:45.431 D/XRAY    (29892): [pool-7-thread-1(5033): null:-1] - XraySocketImplFactory23->createSocketImpl
12-10 17:23:45.432 D/XRAY    (29892): [pool-7-thread-1(5033): null:-1] - connect3:1575969825432
12-10 17:23:45.435 I/MiTv-Impl-tv2_55-amlogic-SoundRecorder( 3417): onPeriodicNotification, mCount = 5414, mRecordTimeInSecond = -1, mRecorder = android.media.AudioRecord@84b965d
12-10 17:23:45.472 I/SILOG_ShiledWrapper(29672): trash 100059 not init 5times
12-10 17:23:45.475 I/SILOG_ShiledWrapper(29672): process 100059 not init 5 times
12-10 17:23:45.595 I/SILOG_dove(29892): start
12-10 17:23:45.595 I/SILOG_dove(29892): CheckView start()
12-10 17:23:45.625 I/SILOG_ShiledWrapper(29672): 100060 not init 6
12-10 17:23:45.671 I/SILOG_ShiledWrapper(29672): 100009 not init : 6
12-10 17:23:45.785 D/WifiStateMachine( 2975):  ConnectedState !CMD_RSSI_POLL  rt=681708325/681708325 2 0 "security_department_xiedongyue" 48:7d:2e:4a:24:aa rssi=-26 f=2412 sc=60 link=65 tx=307.6, 0.0, 0.0  rx=245.1 bcn=0 [on:0 tx:0 rx:0 period:3004] from screen [on:0 period:-283171847] gl hn rssi=-21 ag=0 hr ticks 0,0,0 ls-=0 [56,56,60,60,65] brc=0 lrc=0 offload-stopped
12-10 17:23:45.786 D/WifiStateMachine( 2975):  L2ConnectedState !CMD_RSSI_POLL  rt=681708327/681708327 2 0 "security_department_xiedongyue" 48:7d:2e:4a:24:aa rssi=-26 f=2412 sc=60 link=65 tx=307.6, 0.0, 0.0  rx=245.1 bcn=0 [on:0 tx:0 rx:0 period:1] from screen [on:0 period:-283171846] gl hn rssi=-21 ag=0 hr ticks 0,0,0 ls-=0 [56,56,60,60,65] brc=0 lrc=0 offload-stopped
12-10 17:23:45.787 I/wpa_supplicant( 3774): [CTRL_IFACE]wlan0: SIGNAL_POLL
12-10 17:23:45.797 D/MiTVNetworkController(29402): action onReceive is : android.net.wifi.RSSI_CHANGED, mitv.network.ethernet.action.ETHERNET_STATE_CHANGED
12-10 17:23:45.797 D/MiTVNetworkController(29402): updateWifiIcons mWifiConnected:true, mWifiLevel:3 mEthernetConnected false
12-10 17:23:45.797 D/NetworkStateManager(29402): changeNetworkState, type:2, flag:0, level:3, lable:security_department_xiedongyue
12-10 17:23:45.797 D/NetworkStateView(29402): changeNetworkState type:2, flag:0, level:3, label:security_department_xiedongyue, last_lable:null
12-10 17:23:45.819 I/SafeEnvPerception(29655): onStartCommand
12-10 17:23:46.014 I/SILOG_ShiledWrapper(29672): process 100059 not init 6 times
12-10 17:23:46.023 I/SILOG_ShiledWrapper(29672): trash 100059 not init 6times
12-10 17:23:46.169 I/SILOG_ShiledWrapper(29672): 100060 not init 7
12-10 17:23:46.211 I/SILOG_ShiledWrapper(29672): 100009 not init : 7
12-10 17:23:46.268 I/hook    (29990): getting:ota.baidu.com
12-10 17:23:46.268 I/hook    (29990): ai_flags:4
12-10 17:23:46.269 I/hook    (29990): getting:ota.baidu.com
12-10 17:23:46.269 I/hook    (29990): ai_flags:1024
12-10 17:23:46.269 W/Switch  (29990): service not connected
12-10 17:23:46.269 I/hook    (29990): safehttp enabled
12-10 17:23:46.270 I/DnsHelper(29990): method get called, url:ota.baidu.com
12-10 17:23:46.272 V/BDHttpDns(29990): Hosts for httpdns request is (ota.baidu.com) 
12-10 17:23:46.273 I/hook    (29990): getting:ota.baidu.com
12-10 17:23:46.273 I/hook    (29990): ai_flags:4
12-10 17:23:46.273 I/hook    (29990): getting:ota.baidu.com
12-10 17:23:46.273 I/hook    (29990): ai_flags:1024
12-10 17:23:46.273 W/Switch  (29990): service not connected
12-10 17:23:46.273 I/hook    (29990): safehttp enabled
12-10 17:23:46.276 V/BDHttpDns(29990): Using BGPServerIp(180.76.76.200)
12-10 17:23:46.276 I/hook    (29990): getting:180.76.76.200
12-10 17:23:46.276 I/hook    (29990): ai_flags:4
12-10 17:23:46.277 D/XRAY    (29990): [pool-11-thread-2(5047): null:-1] - IP address:180.76.76.200
12-10 17:23:46.278 D/XRAY    (29990): [pool-11-thread-2(5047): null:-1] - 此处设置当前threadId = 5047
12-10 17:23:46.280 I/hook    (29990): getting:180.76.76.200
12-10 17:23:46.280 I/hook    (29990): ai_flags:4
12-10 17:23:46.281 I/hook    (29990): getting:192.168.101.141
12-10 17:23:46.281 I/System.out(29990): lookupHostByName() using ota.baidu.com/180.97.104.211 DNS result addresses is /180.97.104.211 
12-10 17:23:46.281 I/hook    (29990): ai_flags:4
12-10 17:23:46.281 V/BDHttpDns(29990): Dns resolve successful, host(ota.baidu.com), ipv4List([180.97.104.211]), ipv6List([])
12-10 17:23:46.281 D/XRAY    (29990): [pool-11-thread-2(5047): null:-1] - XraySocketImplFactory23->createSocketImpl
12-10 17:23:46.281 V/BDHttpDns(29990): Set entry to DNS cache, host(ota.baidu.com), ipv4List([180.97.104.211]), ipv6List([]), ttl(60)
12-10 17:23:46.281 V/BDHttpDns(29990): Sync resolve successful, host(ota.baidu.com) ipList([180.97.104.211]) ipv6List([]) resolveType(RESOLVE_FROM_DNS)
12-10 17:23:46.282 I/DnsHelper(29990): result:180.97.104.211
12-10 17:23:46.282 I/DnsHelper(29990): get finish
12-10 17:23:46.282 I/hook    (29990): result:0
12-10 17:23:46.282 D/XRAY    (29990): [pool-11-thread-2(5047): null:-1] - connect3:1575969826281
12-10 17:23:46.282 I/System.out(29990): lookupHostByName() using ota.baidu.com/180.97.104.211 DNS result addresses is /180.97.104.211 
12-10 17:23:46.284 D/XRAY    (29990): [pool-2-thread-1(5017): null:-1] - XraySocketImplFactory23->createSocketImpl
12-10 17:23:46.285 D/XRAY    (29990): [pool-2-thread-1(5017): null:-1] - connect3:1575969826284
12-10 17:23:46.356 V/avpsdk  (29990): [thread : pool-10-thread-1 : 5039] [AvpFileTools] cpu abi = armeabi-v7a
12-10 17:23:46.356 V/avpsdk  (29990): [thread : pool-10-thread-1 : 5039] [AvpFileTools] cpu result = armeabi-v7a
12-10 17:23:46.356 V/avpsdk  (29990): [thread : pool-10-thread-1 : 5039] [AvpFileTools] unique armeabi match entry：lib/armeabi-v7a/libacs_sdk.so
12-10 17:23:46.356 V/avpsdk  (29990): [thread : pool-10-thread-1 : 5039] [AvpFileTools] unique armeabi cp to dest fileDir : /data/user/0/com.baidu.rootv/app_avpSdkDir ; name : libacs_sdk.so
12-10 17:23:46.358 D/XRAY    (29990): [pool-2-thread-1(5017): null:-1] - PlainSocketImpl:host = ota.baidu.com
12-10 17:23:46.358 D/XRAY    (29990):  ip = 180.97.104.211
12-10 17:23:46.359 D/XRAY    (29990): [pool-2-thread-1(5017): null:-1] - XraySocketImplFactory23->createSocketImpl
12-10 17:23:46.363 I/hook    (29990): getting:ota.baidu.com
12-10 17:23:46.363 I/hook    (29990): ai_flags:4
12-10 17:23:46.434 I/MiTv-Impl-tv2_55-amlogic-SoundRecorder( 3417): onPeriodicNotification, mCount = 5415, mRecordTimeInSecond = -1, mRecorder = android.media.AudioRecord@84b965d
12-10 17:23:46.473 V/avpsdk  (29990): [thread : pool-10-thread-1 : 5039] [AvpFileTools] cpu abi = armeabi-v7a
12-10 17:23:46.473 V/avpsdk  (29990): [thread : pool-10-thread-1 : 5039] [AvpFileTools] cpu result = armeabi-v7a
12-10 17:23:46.473 V/avpsdk  (29990): [thread : pool-10-thread-1 : 5039] [AvpFileTools] unique armeabi match entry：lib/armeabi-v7a/libacs.so
12-10 17:23:46.473 V/avpsdk  (29990): [thread : pool-10-thread-1 : 5039] [AvpFileTools] unique armeabi cp to dest fileDir : /data/user/0/com.baidu.rootv/app_avpSdkDir ; name : libacs.so
12-10 17:23:46.487 V/avpsdk  (29990): [thread : pool-10-thread-1 : 5039] [AvpFileTools] unique unzipSoAndInitAcsLib from /data/app/com.baidu.rootv-1/base.apk success
12-10 17:23:46.487 V/avpsdk  (29990): [thread : pool-10-thread-1 : 5039] [avpsdk] AvpScanEngineFactory currentAvpSdkPath : /data/app/com.baidu.rootv-1/base.apk
12-10 17:23:46.489 V/avpsdk  (29990): [thread : pool-10-thread-1 : 5039] [avpsdk] com.baidu.security.avp.api.AvpScanEngineFactory createAvpEngine
12-10 17:23:46.489 V/avpsdk  (29990): [thread : pool-10-thread-1 : 5039] [avpsdk] createAvpEngine isAvpSdkInit : false , currentPluginPath : /data/app/com.baidu.rootv-1/base.apk
12-10 17:23:46.498 V/avpsdk  (29990): [thread : pool-10-thread-1 : 5039] [avpsdk] checkAppCoverInstall hostVCode : 3850 , last hostVCode : 3850
12-10 17:23:46.500 V/avpsdk  (29990): [thread : pool-10-thread-1 : 5039] [avpsdk] createAvpEngine config_avp_scanengine_impl : com.baidu.security.avp.EnterpriseEditionAvpScanEngine , currentPluginPath : /data/app/com.baidu.rootv-1/base.apk , runType : static
12-10 17:23:46.514 I/avpsdk  (29990): [thread : pool-10-thread-1 : 5039] [AvscanThreadPool] CPU Count: 4
12-10 17:23:46.518 I/avpsdk  (29990): [thread : pool-10-thread-1 : 5039] [AvscanThreadPool] CPU Count: 4
12-10 17:23:46.522 I/avpsdk  (29990): [thread : pool-12-thread-1 : 5051] [avpsdk] SecurityCapalityManager sendInstallInfoSuccess() : false ; current time gap : 1575969826522
12-10 17:23:46.523 I/avpsdk  (29990): [thread : pool-12-thread-1 : 5051] [TrafficStatsUtils] set tag 0x20008 for pool-12-thread-1
12-10 17:23:46.531 I/avpsdk  (29990): [thread : pool-12-thread-1 : 5051] [DeviceUtil] check permission Build.VERSION.SDK_INT : 23
12-10 17:23:46.533 I/avpsdk  (29990): [thread : pool-12-thread-1 : 5051] [DeviceUtil] check permission READ_PHONE_STATE granted : true
12-10 17:23:46.533 I/avpsdk  (29990): [thread : pool-12-thread-1 : 5051] [DeviceUtil] check permission, return id : 
12-10 17:23:46.537 I/avpsdk  (29990): [thread : pool-12-thread-1 : 5051] [DeviceUtil] check permission Build.VERSION.SDK_INT : 23
12-10 17:23:46.538 I/avpsdk  (29990): [thread : pool-12-thread-1 : 5051] [DeviceUtil] check permission READ_PHONE_STATE granted : true
12-10 17:23:46.539 I/avpsdk  (29990): [thread : pool-10-thread-1 : 5039] [AcsEngine] AcsEngine constructor AcsNative 
12-10 17:23:46.539 I/avpsdk  (29990): [thread : pool-12-thread-1 : 5051] [DeviceUtil] check permission, return id : 
12-10 17:23:46.540 I/avpsdk  (29990): [thread : pool-10-thread-1 : 5039] [AcsNative]  load acs so from lib by default order 
