--------- beginning of main
12-10 17:21:49.088 I/hook    (25375): ai_flags:4
12-10 17:21:49.372 I/        ( 2663): sensord didn't find fd
12-10 17:21:49.378 D/android.support.v7.widget.GridLayout( 3249): horizontal constraints: x1-x0>=518, x2-x1>=518, x2-x0<=1035 are inconsistent; permanently removing: x2-x0<=1035. 
12-10 17:21:49.439 I/MiTv-Impl-tv2_55-amlogic-SoundRecorder( 3417): onPeriodicNotification, mCount = 5298, mRecordTimeInSecond = -1, mRecorder = android.media.AudioRecord@84b965d
--------- beginning of system
12-10 17:21:50.084 D/PerfShielderService( 2975): com.mitv.tvhome|com.mitv.tvhome/com.mitv.tvhome.MainActivityUserMode|402|681592335949864|91|6
12-10 17:21:50.089 D/MiuiPerfServiceClient( 3234): interceptAndQueuing:3249|com.mitv.tvhome|402|91|gpufence|null
12-10 17:21:50.430 I/MiTv-Impl-tv2_55-amlogic-SoundRecorder( 3417): onPeriodicNotification, mCount = 5299, mRecordTimeInSecond = -1, mRecorder = android.media.AudioRecord@84b965d
12-10 17:21:50.689 W/logcat  (29582): type=1400 audit(0.0:20975): avc: denied { syslog_mod } for scontext=u:r:shell:s0 tcontext=u:r:kernel:s0 tclass=system permissive=0
12-10 17:21:50.699 W/logcat  (29582): type=1400 audit(0.0:20976): avc: denied { syslog_mod } for scontext=u:r:shell:s0 tcontext=u:r:kernel:s0 tclass=system permissive=0
12-10 17:21:50.699 W/logcat  (29582): type=1400 audit(0.0:20977): avc: denied { syslog_mod } for scontext=u:r:shell:s0 tcontext=u:r:kernel:s0 tclass=system permissive=0
12-10 17:21:50.768 I/SILOG_PluginLogic(24643): queryRunnable
12-10 17:21:50.770 I/SILOG_PluginLogic(24643): installedPackages size:2
12-10 17:21:50.779 I/SILOG_HttpUtil(24643): queryOtaPlugins
12-10 17:21:50.779 I/SILOG_HttpUtil(24643): postOta
12-10 17:21:50.779 E/SILOG_http:// httputils:(24643): channel:app_test
12-10 17:21:50.780 I/SILOG_HttpUtil(24643): posthttps://ota.baidu.com/config_delivery?pid=7168&ch=app_test&ver=3.11.2.3850&name=plugins{"pt":1,"pid":7168,"chs":"tv","clientver":"3.11.2.3850","channel":"app_test","deviceid":"3c:bd:3e:01:3f:ee","name":"plugins","model":"XiaomiMiTV4A","sv":"6.0.1","te":"true","sys":"false","ram":"1628","rom":"5073"}
12-10 17:21:50.824 I/System.out(24643): lookupHostByName() using ota.baidu.com/180.97.104.211 DNS result addresses is /180.97.104.211 
12-10 17:21:50.825 D/XRAY    (24643): [roo_pool : 8(4936): null:-1] - IP address:180.97.104.211
12-10 17:21:50.826 D/XRAY    (24643): [roo_pool : 8(4936): null:-1] - 此处设置当前threadId = 4936
12-10 17:21:51.242 I/SILOG_ShiledWrapper(24643): MainProcessRunning TvShiledWrapper trash do not to detect
12-10 17:21:51.286 I/SILOG_ShellExecUtil(24643): command : getprop net.dns1==========================================feedback : 218.90.152.210
12-10 17:21:51.332 I/SILOG_ShellExecUtil(24643): command : getprop net.dns2==========================================feedback : 60.173.110.157
12-10 17:21:51.431 I/MiTv-Impl-tv2_55-amlogic-SoundRecorder( 3417): onPeriodicNotification, mCount = 5300, mRecordTimeInSecond = -1, mRecorder = android.media.AudioRecord@84b965d
12-10 17:21:51.435 D/WifiStateMachine( 2975):  ConnectedState !CMD_RSSI_POLL  rt=681593976/681593976 2 0 "security_department_xiedongyue" 48:7d:2e:4a:24:aa rssi=-43 f=2412 sc=60 link=72 tx=45.7, 0.0, 0.0  rx=45.5 bcn=0 [on:0 tx:0 rx:0 period:2998] from screen [on:0 period:-283286197] gl hn rssi=-38 ag=0 hr ticks 0,0,0 ls-=0 [56,56,60,60,65] brc=0 lrc=0 offload-stopped
12-10 17:21:51.436 D/WifiStateMachine( 2975):  L2ConnectedState !CMD_RSSI_POLL  rt=681593977/681593977 2 0 "security_department_xiedongyue" 48:7d:2e:4a:24:aa rssi=-43 f=2412 sc=60 link=72 tx=45.7, 0.0, 0.0  rx=45.5 bcn=0 [on:0 tx:0 rx:0 period:1] from screen [on:0 period:-283286196] gl hn rssi=-38 ag=0 hr ticks 0,0,0 ls-=0 [56,56,60,60,65] brc=0 lrc=0 offload-stopped
12-10 17:21:51.437 I/wpa_supplicant( 3774): [CTRL_IFACE]wlan0: SIGNAL_POLL
12-10 17:21:51.441 D/MiTVNetworkController(29402): action onReceive is : android.net.wifi.RSSI_CHANGED, mitv.network.ethernet.action.ETHERNET_STATE_CHANGED
12-10 17:21:51.441 D/MiTVNetworkController(29402): updateWifiIcons mWifiConnected:true, mWifiLevel:3 mEthernetConnected false
12-10 17:21:51.441 D/NetworkStateManager(29402): changeNetworkState, type:2, flag:0, level:3, lable:security_department_xiedongyue
12-10 17:21:51.441 D/NetworkStateView(29402): changeNetworkState type:2, flag:0, level:3, label:security_department_xiedongyue, last_lable:null
12-10 17:21:51.444 I/SafeEnvPerception(24643): onStartCommand
12-10 17:21:51.914 I/hook    (25375): getting:192.168.1.122
12-10 17:21:51.914 I/hook    (25375): ai_flags:4
12-10 17:21:51.919 I/hook    (25375): getting:192.168.1.122
12-10 17:21:51.919 I/hook    (25375): ai_flags:4
12-10 17:21:51.938 I/hook    (25375): getting:192.168.1.122
12-10 17:21:51.938 I/hook    (25375): ai_flags:4
12-10 17:21:51.940 I/hook    (25375): getting:192.168.1.122
12-10 17:21:51.940 I/hook    (25375): ai_flags:4
12-10 17:21:51.941 I/hook    (25375): getting:192.168.1.122
12-10 17:21:51.941 I/hook    (25375): ai_flags:4
12-10 17:21:51.997 I/hook    (25375): getting:192.168.1.122
12-10 17:21:51.997 I/hook    (25375): ai_flags:4
12-10 17:21:52.011 I/hook    (25375): getting:192.168.1.122
12-10 17:21:52.011 I/hook    (25375): ai_flags:4
12-10 17:21:52.014 I/hook    (25375): getting:192.168.1.122
12-10 17:21:52.014 I/hook    (25375): ai_flags:4
12-10 17:21:52.019 I/hook    (25375): getting:192.168.1.122
12-10 17:21:52.019 I/hook    (25375): ai_flags:4
12-10 17:21:52.020 I/hook    (25375): getting:192.168.1.122
12-10 17:21:52.020 I/hook    (25375): ai_flags:4
12-10 17:21:52.440 I/MiTv-Impl-tv2_55-amlogic-SoundRecorder( 3417): onPeriodicNotification, mCount = 5301, mRecordTimeInSecond = -1, mRecorder = android.media.AudioRecord@84b965d
12-10 17:21:52.650 I/power   ( 2975): acquire_wake_lock lock=1 id='KeyEvents'
12-10 17:21:52.650 I/power   ( 2975): release_wake_lock id='KeyEvents'
12-10 17:21:53.429 I/MiTv-Impl-tv2_55-amlogic-SoundRecorder( 3417): onPeriodicNotification, mCount = 5302, mRecordTimeInSecond = -1, mRecorder = android.media.AudioRecord@84b965d
12-10 17:21:54.377 D/android.support.v7.widget.GridLayout( 3249): horizontal constraints: x1-x0>=518, x2-x1>=518, x2-x0<=1035 are inconsistent; permanently removing: x2-x0<=1035. 
12-10 17:21:54.430 I/MiTv-Impl-tv2_55-amlogic-SoundRecorder( 3417): onPeriodicNotification, mCount = 5303, mRecordTimeInSecond = -1, mRecorder = android.media.AudioRecord@84b965d
12-10 17:21:54.441 D/WifiStateMachine( 2975):  ConnectedState !CMD_RSSI_POLL  rt=681596982/681596982 2 0 "security_department_xiedongyue" 48:7d:2e:4a:24:aa rssi=-42 f=2412 sc=60 link=72 tx=50.3, 0.0, 0.0  rx=53.7 bcn=0 [on:0 tx:0 rx:0 period:3001] from screen [on:0 period:-283283191] gl hn rssi=-37 ag=0 hr ticks 0,0,0 ls-=0 [56,56,60,60,65] brc=0 lrc=0 offload-stopped
12-10 17:21:54.443 D/WifiStateMachine( 2975):  L2ConnectedState !CMD_RSSI_POLL  rt=681596983/681596983 2 0 "security_department_xiedongyue" 48:7d:2e:4a:24:aa rssi=-42 f=2412 sc=60 link=72 tx=50.3, 0.0, 0.0  rx=53.7 bcn=0 [on:0 tx:0 rx:0 period:2] from screen [on:0 period:-283283189] gl hn rssi=-37 ag=0 hr ticks 0,0,0 ls-=0 [56,56,60,60,65] brc=0 lrc=0 offload-stopped
12-10 17:21:54.444 I/wpa_supplicant( 3774): [CTRL_IFACE]wlan0: SIGNAL_POLL
12-10 17:21:54.448 D/MiTVNetworkController(29402): action onReceive is : android.net.wifi.RSSI_CHANGED, mitv.network.ethernet.action.ETHERNET_STATE_CHANGED
12-10 17:21:54.449 D/MiTVNetworkController(29402): updateWifiIcons mWifiConnected:true, mWifiLevel:3 mEthernetConnected false
12-10 17:21:54.449 D/NetworkStateManager(29402): changeNetworkState, type:2, flag:0, level:3, lable:security_department_xiedongyue
12-10 17:21:54.449 D/NetworkStateView(29402): changeNetworkState type:2, flag:0, level:3, label:security_department_xiedongyue, last_lable:null
12-10 17:21:54.457 I/SafeEnvPerception(24643): onStartCommand
12-10 17:21:54.937 I/hook    (25375): getting:192.168.1.122
12-10 17:21:54.937 I/hook    (25375): ai_flags:4
12-10 17:21:54.954 I/hook    (25375): getting:192.168.1.122
12-10 17:21:54.954 I/hook    (25375): ai_flags:4
12-10 17:21:54.973 I/hook    (25375): getting:192.168.1.122
12-10 17:21:54.973 I/hook    (25375): ai_flags:4
12-10 17:21:54.988 I/hook    (25375): getting:192.168.1.122
12-10 17:21:54.988 I/hook    (25375): ai_flags:4
12-10 17:21:54.995 I/hook    (25375): getting:192.168.1.122
12-10 17:21:54.995 I/hook    (25375): ai_flags:4
12-10 17:21:55.002 I/hook    (25375): getting:192.168.1.122
12-10 17:21:55.002 I/hook    (25375): ai_flags:4
12-10 17:21:55.003 I/hook    (25375): getting:192.168.1.122
12-10 17:21:55.003 I/hook    (25375): ai_flags:4
12-10 17:21:55.011 I/hook    (25375): getting:192.168.1.122
12-10 17:21:55.011 I/hook    (25375): ai_flags:4
12-10 17:21:55.012 I/hook    (25375): getting:192.168.1.122
12-10 17:21:55.012 I/hook    (25375): ai_flags:4
12-10 17:21:55.014 I/hook    (25375): getting:192.168.1.122
12-10 17:21:55.014 I/hook    (25375): ai_flags:4
12-10 17:21:55.062 D/BtGatt.GattService( 3165): stopScan() - queue size =1
12-10 17:21:55.063 D/BtGatt.GattService( 3165): unregisterClient() - clientIf=5
12-10 17:21:55.063 D/BtGatt.ScanManager( 3165): stop scan
12-10 17:21:55.063 D/BtGatt.ScanManager( 3165): configureRegularScanParams() - queue=0
12-10 17:21:55.063 D/BtGatt.ScanManager( 3165): configureRegularScanParams() - ScanSetting Scan mode=-2147483648 mLastConfiguredScanSetting=2
12-10 17:21:55.063 D/BtGatt.ScanManager( 3165): configureRegularScanParams() - queue emtpy, scan stopped
12-10 17:21:55.132 D/PerfShielderService( 2975): com.mitv.tvhome|com.mitv.tvhome/com.mitv.tvhome.MainActivityUserMode|319|681597270322074|58|6
12-10 17:21:55.135 D/MiuiPerfServiceClient( 3234): interceptAndQueuing:3249|com.mitv.tvhome|319|58|gpufence|null
12-10 17:21:55.438 I/MiTv-Impl-tv2_55-amlogic-SoundRecorder( 3417): onPeriodicNotification, mCount = 5304, mRecordTimeInSecond = -1, mRecorder = android.media.AudioRecord@84b965d
12-10 17:21:55.568 D/BtGatt.GattService( 3165): registerClient() - UUID=8cc6e0d8-e09e-4cfe-adac-3f8f2da40f2e
12-10 17:21:55.568 D/BtGatt.GattService( 3165): onClientRegistered() - UUID=8cc6e0d8-e09e-4cfe-adac-3f8f2da40f2e, clientIf=5
12-10 17:21:55.568 D/BtGatt.GattService( 3165): start scan with filters
12-10 17:21:55.570 D/BtGatt.ScanManager( 3165): handling starting scan
12-10 17:21:55.572 D/BtGatt.ScanManager( 3165): configureRegularScanParams() - queue=1
12-10 17:21:55.572 D/BtGatt.ScanManager( 3165): configureRegularScanParams() - ScanSetting Scan mode=2 mLastConfiguredScanSetting=-2147483648
12-10 17:21:55.680 I/Switch  (24823): No usage, return
12-10 17:21:56.432 I/MiTv-Impl-tv2_55-amlogic-SoundRecorder( 3417): onPeriodicNotification, mCount = 5305, mRecordTimeInSecond = -1, mRecorder = android.media.AudioRecord@84b965d
12-10 17:21:57.414 W/ContextImpl( 4130): Calling a method in the system process without a qualified user: android.app.ContextImpl.startService:1221 android.content.ContextWrapper.startService:581 android.content.ContextWrapper.startService:581 com.xiaomi.push.service.receivers.PingReceiver.onReceive:-1 android.app.ActivityThread.handleReceiver:2747 
12-10 17:21:57.423 W/ContextImpl( 6636): Calling a method in the system process without a qualified user: android.app.ContextImpl.startService:1221 android.content.ContextWrapper.startService:581 android.content.ContextWrapper.startService:581 com.xiaomi.push.service.receivers.PingReceiver.onReceive:-1 android.app.ActivityThread.handleReceiver:2747 
12-10 17:21:57.429 D/SmartShareApplication( 6636): [Thread:333] JOB: Handle intent action = com.xiaomi.push.timer
12-10 17:21:57.429 D/SmartShareApplication( 6636): [Thread:333] Service called on timer
12-10 17:21:57.430 D/SmartShareApplication( 6636): [Thread:333] [Slim] SND ping id=0
12-10 17:21:57.434 D/MIPushSDK( 4130): [Thread:146] JOB: Handle intent action = com.xiaomi.push.timer
12-10 17:21:57.434 D/MIPushSDK( 4130): [Thread:146] Service called on timer
12-10 17:21:57.436 D/MIPushSDK( 4130): [Thread:146] [Slim] SND ping id=0
12-10 17:21:57.438 I/MiTv-Impl-tv2_55-amlogic-SoundRecorder( 3417): onPeriodicNotification, mCount = 5306, mRecordTimeInSecond = -1, mRecorder = android.media.AudioRecord@84b965d
12-10 17:21:57.449 D/WifiStateMachine( 2975):  ConnectedState !CMD_RSSI_POLL  rt=681599990/681599990 2 0 "security_department_xiedongyue" 48:7d:2e:4a:24:aa rssi=-43 f=2412 sc=60 link=72 tx=41.7, 0.0, 0.0  rx=42.9 bcn=0 [on:0 tx:0 rx:0 period:3000] from screen [on:0 period:-283280183] gl hn rssi=-38 ag=0 hr ticks 0,0,0 ls-=0 [56,56,60,60,65] brc=0 lrc=0 offload-stopped
12-10 17:21:57.450 D/WifiStateMachine( 2975):  L2ConnectedState !CMD_RSSI_POLL  rt=681599991/681599991 2 0 "security_department_xiedongyue" 48:7d:2e:4a:24:aa rssi=-43 f=2412 sc=60 link=72 tx=41.7, 0.0, 0.0  rx=42.9 bcn=0 [on:0 tx:0 rx:0 period:1] from screen [on:0 period:-283280182] gl hn rssi=-38 ag=0 hr ticks 0,0,0 ls-=0 [56,56,60,60,65] brc=0 lrc=0 offload-stopped
12-10 17:21:57.451 I/wpa_supplicant( 3774): [CTRL_IFACE]wlan0: SIGNAL_POLL
12-10 17:21:57.454 D/MiTVNetworkController(29402): action onReceive is : android.net.wifi.RSSI_CHANGED, mitv.network.ethernet.action.ETHERNET_STATE_CHANGED
12-10 17:21:57.455 D/MiTVNetworkController(29402): updateWifiIcons mWifiConnected:true, mWifiLevel:3 mEthernetConnected false
12-10 17:21:57.455 D/NetworkStateManager(29402): changeNetworkState, type:2, flag:0, level:3, lable:security_department_xiedongyue
12-10 17:21:57.455 D/NetworkStateView(29402): changeNetworkState type:2, flag:0, level:3, label:security_department_xiedongyue, last_lable:null
12-10 17:21:57.459 I/SafeEnvPerception(24643): onStartCommand
12-10 17:21:57.507 D/SmartShareApplication( 6636): [Thread:2191] read Blob err :index=0, limit=0, size of type=2
12-10 17:21:57.507 D/SmartShareApplication( 6636): [Thread:2191] [Slim] read Blob [C2FE000500000000] Err:Malformed Input
12-10 17:21:57.509 D/MIPushSDK( 4130): [Thread:162] [Slim] RCV ping id=0
12-10 17:21:57.512 D/SmartShareApplication( 6636): [Thread:333] JOB: shutdown the connection. 9, java.io.IOException: Malformed Input
12-10 17:21:57.512 D/SmartShareApplication( 6636): [Thread:333] disconnect 157695227, 216625509
12-10 17:21:57.514 D/SmartShareApplication( 6636): [Thread:333] update the connection status. connected -> disconnected : ERROR_READ_ERROR 
12-10 17:21:57.520 D/SmartShareApplication( 6636): [Thread:333] schedule reconnect in 0ms
12-10 17:21:57.520 D/SmartShareApplication( 6636): [Thread:333] update the client 5 status. binded->unbind CLOSE ERROR_READ_ERROR null null
12-10 17:21:57.520 D/SmartShareApplication( 6636): [Thread:333] JOB: do reconnect..
12-10 17:21:57.522 D/SmartShareApplication( 6636): [Thread:333] update the connection status. disconnected -> connecting : ERROR_OK 
12-10 17:21:57.526 D/SmartShareApplication( 6636): [Thread:333] begin to connect to 111.202.1.250:443
12-10 17:21:57.645 D/SmartShareApplication( 6636): [Thread:333] tcp connected
12-10 17:21:57.648 D/SmartShareApplication( 6636): [Thread:333] [slim] open conn: andver=23 sdk=36 hash=I3yA1PvLyznnauNH tz=8:0 Model=MiTV4A os=1275
12-10 17:21:57.649 D/SmartShareApplication( 6636): [Thread:333] connected to 111.202.1.250:443 in 122
12-10 17:21:57.661 D/SmartShareApplication( 6636): [Thread:333] JOB: notify job
12-10 17:21:57.692 D/SmartShareApplication( 6636): [Thread:2192] setChallenge hash = 9b938fb3
12-10 17:21:57.692 D/SmartShareApplication( 6636): [Thread:2192] update the connection status. connecting -> connected : ERROR_OK 
12-10 17:21:57.696 W/ContextImpl( 6636): Calling a method in the system process without a qualified user: android.app.ContextImpl.sendBroadcast:763 android.content.ContextWrapper.sendBroadcast:396 com.xiaomi.push.service.XMPushService.c:-1 com.xiaomi.push.service.XMPushService.a:-1 com.xiaomi.smack.a.a:-1 
12-10 17:21:57.698 D/SmartShareApplication( 6636): [Thread:2192] [Slim] CONN: host = 61a3
12-10 17:21:57.698 D/SmartShareApplication( 6636): [Thread:333] JOB: bind the client. 5
12-10 17:21:57.698 D/SmartShareApplication( 6636): [Thread:333] update the client 5 status. unbind->binding unknown ERROR_OK null null
12-10 17:21:57.698 D/SmartShareApplication( 6636): [Thread:333] [Slim]: bind id=fiTnI-3044
12-10 17:21:57.774 D/SmartShareApplication( 6636): [Thread:333] SMACK: channel bind succeeded, chid=5
12-10 17:21:57.774 D/SmartShareApplication( 6636): [Thread:333] update the client 5 status. binding->binded OPEN ERROR_OK null null
12-10 17:21:57.776 D/SmartShareApplication( 6636): [Thread:333] JOB: notify job
12-10 17:21:57.910 I/hook    (25375): getting:192.168.1.122
12-10 17:21:57.910 I/hook    (25375): ai_flags:4
12-10 17:21:57.946 I/hook    (25375): getting:192.168.1.122
12-10 17:21:57.946 I/hook    (25375): ai_flags:4
12-10 17:21:57.949 I/hook    (25375): getting:192.168.1.122
12-10 17:21:57.949 I/hook    (25375): ai_flags:4
12-10 17:21:57.953 I/hook    (25375): getting:192.168.1.122
12-10 17:21:57.953 I/hook    (25375): ai_flags:4
12-10 17:21:57.965 I/hook    (25375): getting:192.168.1.122
12-10 17:21:57.965 I/hook    (25375): ai_flags:4
12-10 17:21:57.997 I/hook    (25375): getting:192.168.1.122
12-10 17:21:57.997 I/hook    (25375): ai_flags:4
12-10 17:21:58.006 I/hook    (25375): getting:192.168.1.122
12-10 17:21:58.006 I/hook    (25375): ai_flags:4
12-10 17:21:58.023 I/hook    (25375): getting:192.168.1.122
12-10 17:21:58.023 I/hook    (25375): ai_flags:4
12-10 17:21:58.029 I/hook    (25375): getting:192.168.1.122
12-10 17:21:58.030 I/hook    (25375): ai_flags:4
12-10 17:21:58.031 I/hook    (25375): getting:192.168.1.122
12-10 17:21:58.031 I/hook    (25375): ai_flags:4
12-10 17:21:58.433 I/MiTv-Impl-tv2_55-amlogic-SoundRecorder( 3417): onPeriodicNotification, mCount = 5307, mRecordTimeInSecond = -1, mRecorder = android.media.AudioRecord@84b965d
12-10 17:21:59.377 I/        ( 2663): sensord didn't find fd
12-10 17:21:59.377 D/android.support.v7.widget.GridLayout( 3249): horizontal constraints: x1-x0>=518, x2-x1>=518, x2-x0<=1035 are inconsistent; permanently removing: x2-x0<=1035. 
12-10 17:21:59.439 I/MiTv-Impl-tv2_55-amlogic-SoundRecorder( 3417): onPeriodicNotification, mCount = 5308, mRecordTimeInSecond = -1, mRecorder = android.media.AudioRecord@84b965d
12-10 17:21:59.978 I/Switch  (24934): No usage, return
12-10 17:21:59.984 D/PerfShielderService( 2975): com.mitv.tvhome|com.mitv.tvhome/com.mitv.tvhome.MainActivityUserMode|284|681602218360993|51|6
12-10 17:21:59.989 D/MiuiPerfServiceClient( 3234): interceptAndQueuing:3249|com.mitv.tvhome|284|51|gpufence|null
12-10 17:22:00.435 I/MiTv-Impl-tv2_55-amlogic-SoundRecorder( 3417): onPeriodicNotification, mCount = 5309, mRecordTimeInSecond = -1, mRecorder = android.media.AudioRecord@84b965d
12-10 17:22:00.456 D/WifiStateMachine( 2975):  ConnectedState !CMD_RSSI_POLL  rt=681602997/681602997 2 0 "security_department_xiedongyue" 48:7d:2e:4a:24:aa rssi=-42 f=2412 sc=60 link=72 tx=39.3, 0.0, 0.0  rx=39.9 bcn=0 [on:0 tx:0 rx:0 period:3001] from screen [on:0 period:-283277176] gl hn rssi=-37 ag=0 hr ticks 0,0,0 ls-=0 [56,56,60,60,65] brc=0 lrc=0 offload-stopped
12-10 17:22:00.457 D/WifiStateMachine( 2975):  L2ConnectedState !CMD_RSSI_POLL  rt=681602998/681602998 2 0 "security_department_xiedongyue" 48:7d:2e:4a:24:aa rssi=-42 f=2412 sc=60 link=72 tx=39.3, 0.0, 0.0  rx=39.9 bcn=0 [on:0 tx:0 rx:0 period:1] from screen [on:0 period:-283277175] gl hn rssi=-37 ag=0 hr ticks 0,0,0 ls-=0 [56,56,60,60,65] brc=0 lrc=0 offload-stopped
12-10 17:22:00.458 I/wpa_supplicant( 3774): [CTRL_IFACE]wlan0: SIGNAL_POLL
12-10 17:22:00.462 D/MiTVNetworkController(29402): action onReceive is : android.net.wifi.RSSI_CHANGED, mitv.network.ethernet.action.ETHERNET_STATE_CHANGED
12-10 17:22:00.462 D/MiTVNetworkController(29402): updateWifiIcons mWifiConnected:true, mWifiLevel:3 mEthernetConnected false
12-10 17:22:00.462 D/NetworkStateManager(29402): changeNetworkState, type:2, flag:0, level:3, lable:security_department_xiedongyue
12-10 17:22:00.462 D/NetworkStateView(29402): changeNetworkState type:2, flag:0, level:3, label:security_department_xiedongyue, last_lable:null
12-10 17:22:00.466 I/SafeEnvPerception(24643): onStartCommand
12-10 17:22:00.942 I/hook    (25375): getting:192.168.1.122
12-10 17:22:00.942 I/hook    (25375): ai_flags:4
12-10 17:22:00.958 I/hook    (25375): getting:192.168.1.122
12-10 17:22:00.958 I/hook    (25375): ai_flags:4
12-10 17:22:00.973 I/hook    (25375): getting:192.168.1.122
12-10 17:22:00.973 I/hook    (25375): ai_flags:4
12-10 17:22:00.978 I/Switch  (28562): No usage, return
12-10 17:22:00.983 I/hook    (25375): getting:192.168.1.122
12-10 17:22:00.983 I/hook    (25375): ai_flags:4
12-10 17:22:00.996 I/hook    (25375): getting:192.168.1.122
12-10 17:22:00.996 I/hook    (25375): ai_flags:4
12-10 17:22:01.003 I/hook    (25375): getting:192.168.1.122
12-10 17:22:01.003 I/hook    (25375): ai_flags:4
12-10 17:22:01.011 I/hook    (25375): getting:192.168.1.122
12-10 17:22:01.012 I/hook    (25375): ai_flags:4
12-10 17:22:01.014 I/hook    (25375): getting:192.168.1.122
12-10 17:22:01.014 I/hook    (25375): ai_flags:4
12-10 17:22:01.023 I/hook    (25375): getting:192.168.1.122
12-10 17:22:01.023 I/hook    (25375): ai_flags:4
12-10 17:22:01.026 I/hook    (25375): getting:192.168.1.122
12-10 17:22:01.026 I/hook    (25375): ai_flags:4
12-10 17:22:01.029 I/hook    (25375): getting:192.168.1.122
12-10 17:22:01.029 I/hook    (25375): ai_flags:4
12-10 17:22:01.432 I/MiTv-Impl-tv2_55-amlogic-SoundRecorder( 3417): onPeriodicNotification, mCount = 5310, mRecordTimeInSecond = -1, mRecorder = android.media.AudioRecord@84b965d
12-10 17:22:02.440 I/MiTv-Impl-tv2_55-amlogic-SoundRecorder( 3417): onPeriodicNotification, mCount = 5311, mRecordTimeInSecond = -1, mRecorder = android.media.AudioRecord@84b965d
12-10 17:22:03.432 I/MiTv-Impl-tv2_55-amlogic-SoundRecorder( 3417): onPeriodicNotification, mCount = 5312, mRecordTimeInSecond = -1, mRecorder = android.media.AudioRecord@84b965d
12-10 17:22:03.463 D/WifiStateMachine( 2975):  ConnectedState !CMD_RSSI_POLL  rt=681606004/681606004 2 0 "security_department_xiedongyue" 48:7d:2e:4a:24:aa rssi=-42 f=2412 sc=60 link=72 tx=44.2, 0.0, 0.0  rx=45.0 bcn=0 [on:0 tx:0 rx:0 period:3002] from screen [on:0 period:-283274169] gl hn rssi=-37 ag=0 hr ticks 0,0,0 ls-=0 [56,56,60,60,65] brc=0 lrc=0 offload-stopped
12-10 17:22:03.464 D/WifiStateMachine( 2975):  L2ConnectedState !CMD_RSSI_POLL  rt=681606005/681606005 2 0 "security_department_xiedongyue" 48:7d:2e:4a:24:aa rssi=-42 f=2412 sc=60 link=72 tx=44.2, 0.0, 0.0  rx=45.0 bcn=0 [on:0 tx:0 rx:0 period:1] from screen [on:0 period:-283274168] gl hn rssi=-37 ag=0 hr ticks 0,0,0 ls-=0 [56,56,60,60,65] brc=0 lrc=0 offload-stopped
12-10 17:22:03.467 I/wpa_supplicant( 3774): [CTRL_IFACE]wlan0: SIGNAL_POLL
12-10 17:22:03.473 D/MiTVNetworkController(29402): action onReceive is : android.net.wifi.RSSI_CHANGED, mitv.network.ethernet.action.ETHERNET_STATE_CHANGED
12-10 17:22:03.473 D/MiTVNetworkController(29402): updateWifiIcons mWifiConnected:true, mWifiLevel:3 mEthernetConnected false
12-10 17:22:03.473 D/NetworkStateManager(29402): changeNetworkState, type:2, flag:0, level:3, lable:security_department_xiedongyue
12-10 17:22:03.473 D/NetworkStateView(29402): changeNetworkState type:2, flag:0, level:3, label:security_department_xiedongyue, last_lable:null
12-10 17:22:03.477 I/SafeEnvPerception(24643): onStartCommand
12-10 17:22:03.919 I/hook    (25375): getting:192.168.1.122
12-10 17:22:03.919 I/hook    (25375): ai_flags:4
12-10 17:22:03.922 I/hook    (25375): getting:192.168.1.122
12-10 17:22:03.922 I/hook    (25375): ai_flags:4
12-10 17:22:03.927 I/hook    (25375): getting:192.168.1.122
12-10 17:22:03.927 I/hook    (25375): ai_flags:4
12-10 17:22:03.930 I/hook    (25375): getting:192.168.1.122
12-10 17:22:03.930 I/hook    (25375): ai_flags:4
12-10 17:22:03.941 I/hook    (25375): getting:192.168.1.122
12-10 17:22:03.941 I/hook    (25375): ai_flags:4
12-10 17:22:03.943 I/hook    (25375): getting:192.168.1.122
12-10 17:22:03.943 I/hook    (25375): ai_flags:4
12-10 17:22:03.991 I/hook    (25375): getting:192.168.1.122
12-10 17:22:03.991 I/hook    (25375): ai_flags:4
12-10 17:22:04.002 I/hook    (25375): getting:192.168.1.122
12-10 17:22:04.002 I/hook    (25375): ai_flags:4
12-10 17:22:04.009 I/hook    (25375): getting:192.168.1.122
12-10 17:22:04.009 I/hook    (25375): ai_flags:4
12-10 17:22:04.014 I/hook    (25375): getting:192.168.1.122
12-10 17:22:04.014 I/hook    (25375): ai_flags:4
12-10 17:22:04.019 I/hook    (25375): getting:192.168.1.122
12-10 17:22:04.019 I/hook    (25375): ai_flags:4
12-10 17:22:04.020 I/hook    (25375): getting:192.168.1.122
12-10 17:22:04.020 I/hook    (25375): ai_flags:4
12-10 17:22:04.377 D/android.support.v7.widget.GridLayout( 3249): horizontal constraints: x1-x0>=518, x2-x1>=518, x2-x0<=1035 are inconsistent; permanently removing: x2-x0<=1035. 
12-10 17:22:04.439 I/MiTv-Impl-tv2_55-amlogic-SoundRecorder( 3417): onPeriodicNotification, mCount = 5313, mRecordTimeInSecond = -1, mRecorder = android.media.AudioRecord@84b965d
12-10 17:22:05.430 I/MiTv-Impl-tv2_55-amlogic-SoundRecorder( 3417): onPeriodicNotification, mCount = 5314, mRecordTimeInSecond = -1, mRecorder = android.media.AudioRecord@84b965d
12-10 17:22:06.236 I/DomainIPManager( 3249): refreshDomainIPIfNeeded, do nothing
12-10 17:22:06.239 I/System.out( 3249): lookupHostByName() using media.ptmi.gitv.tv/118.26.252.10 DNS result addresses is /118.26.252.10 /203.100.92.136 
12-10 17:22:06.239 I/DomainIPManager( 3249): selectIp, resolved ip valid. prefIp: 118.26.252.10, bakip: 123.125.102.127
12-10 17:22:06.430 I/MiTv-Impl-tv2_55-amlogic-SoundRecorder( 3417): onPeriodicNotification, mCount = 5315, mRecordTimeInSecond = -1, mRecorder = android.media.AudioRecord@84b965d
12-10 17:22:06.470 D/WifiStateMachine( 2975):  ConnectedState !CMD_RSSI_POLL  rt=681609011/681609011 2 0 "security_department_xiedongyue" 48:7d:2e:4a:24:aa rssi=-39 f=2412 sc=60 link=72 tx=31.6, 0.0, 0.0  rx=36.5 bcn=0 [on:0 tx:0 rx:0 period:3000] from screen [on:0 period:-283271162] gl hn rssi=-34 ag=0 hr ticks 0,0,0 ls-=0 [56,56,60,60,65] brc=0 lrc=0 offload-stopped
12-10 17:22:06.471 D/WifiStateMachine( 2975):  L2ConnectedState !CMD_RSSI_POLL  rt=681609012/681609012 2 0 "security_department_xiedongyue" 48:7d:2e:4a:24:aa rssi=-39 f=2412 sc=60 link=72 tx=31.6, 0.0, 0.0  rx=36.5 bcn=0 [on:0 tx:0 rx:0 period:1] from screen [on:0 period:-283271161] gl hn rssi=-34 ag=0 hr ticks 0,0,0 ls-=0 [56,56,60,60,65] brc=0 lrc=0 offload-stopped
12-10 17:22:06.473 I/wpa_supplicant( 3774): [CTRL_IFACE]wlan0: SIGNAL_POLL
12-10 17:22:06.477 D/MiTVNetworkController(29402): action onReceive is : android.net.wifi.RSSI_CHANGED, mitv.network.ethernet.action.ETHERNET_STATE_CHANGED
12-10 17:22:06.477 D/MiTVNetworkController(29402): updateWifiIcons mWifiConnected:true, mWifiLevel:3 mEthernetConnected false
12-10 17:22:06.477 D/NetworkStateManager(29402): changeNetworkState, type:2, flag:0, level:3, lable:security_department_xiedongyue
12-10 17:22:06.477 D/NetworkStateView(29402): changeNetworkState type:2, flag:0, level:3, label:security_department_xiedongyue, last_lable:null
12-10 17:22:06.481 I/SafeEnvPerception(24643): onStartCommand
12-10 17:22:07.018 I/hook    (25375): getting:192.168.1.122
12-10 17:22:07.018 I/hook    (25375): ai_flags:4
12-10 17:22:07.027 I/hook    (25375): getting:192.168.1.122
12-10 17:22:07.027 I/hook    (25375): ai_flags:4
12-10 17:22:07.036 I/hook    (25375): getting:192.168.1.122
12-10 17:22:07.036 I/hook    (25375): ai_flags:4
12-10 17:22:07.038 I/hook    (25375): getting:192.168.1.122
12-10 17:22:07.038 I/hook    (25375): ai_flags:4
12-10 17:22:07.046 I/hook    (25375): getting:192.168.1.122
12-10 17:22:07.046 I/hook    (25375): ai_flags:4
12-10 17:22:07.052 I/hook    (25375): getting:192.168.1.122
12-10 17:22:07.052 I/hook    (25375): ai_flags:4
12-10 17:22:07.053 I/hook    (25375): getting:192.168.1.122
12-10 17:22:07.053 I/hook    (25375): ai_flags:4
12-10 17:22:07.070 I/hook    (25375): getting:192.168.1.122
12-10 17:22:07.070 I/hook    (25375): ai_flags:4
12-10 17:22:07.071 I/hook    (25375): getting:192.168.1.122
12-10 17:22:07.071 I/hook    (25375): ai_flags:4
12-10 17:22:07.074 I/hook    (25375): getting:192.168.1.122
12-10 17:22:07.074 I/hook    (25375): ai_flags:4
12-10 17:22:07.077 I/hook    (25375): getting:192.168.1.122
12-10 17:22:07.077 I/hook    (25375): ai_flags:4
12-10 17:22:07.439 I/MiTv-Impl-tv2_55-amlogic-SoundRecorder( 3417): onPeriodicNotification, mCount = 5316, mRecordTimeInSecond = -1, mRecorder = android.media.AudioRecord@84b965d
12-10 17:22:07.471 D/SmartShareApplication( 6636): [Thread:333] JOB: check the ping-pong.1575969717430
12-10 17:22:07.482 D/MIPushSDK( 4130): [Thread:146] JOB: check the ping-pong.1575969717436
12-10 17:22:08.219 I/Switch  (25375): No usage, return
12-10 17:22:08.402 D/instant-stats-com.mitv.tvhome( 3249): since there is no high-level event, try to upload normal events when num-level matched or time-level matched.
12-10 17:22:08.403 D/instant-stats-com.mitv.tvhome( 3249): match result: false, num-level: false, time-level: false
12-10 17:22:08.436 I/MiTv-Impl-tv2_55-amlogic-SoundRecorder( 3417): onPeriodicNotification, mCount = 5317, mRecordTimeInSecond = -1, mRecorder = android.media.AudioRecord@84b965d
12-10 17:22:09.377 D/android.support.v7.widget.GridLayout( 3249): horizontal constraints: x1-x0>=518, x2-x1>=518, x2-x0<=1035 are inconsistent; permanently removing: x2-x0<=1035. 
12-10 17:22:09.385 I/        ( 2663): sensord didn't find fd
12-10 17:22:09.437 I/MiTv-Impl-tv2_55-amlogic-SoundRecorder( 3417): onPeriodicNotification, mCount = 5318, mRecordTimeInSecond = -1, mRecorder = android.media.AudioRecord@84b965d
12-10 17:22:09.476 D/WifiStateMachine( 2975):  ConnectedState !CMD_RSSI_POLL  rt=681612017/681612017 2 0 "security_department_xiedongyue" 48:7d:2e:4a:24:aa rssi=-42 f=2412 sc=60 link=72 tx=31.3, 0.0, 0.0  rx=34.7 bcn=0 [on:0 tx:0 rx:0 period:2999] from screen [on:0 period:-283268156] gl hn rssi=-37 ag=0 hr ticks 0,0,0 ls-=0 [56,56,60,60,65] brc=0 lrc=0 offload-stopped
12-10 17:22:09.477 D/WifiStateMachine( 2975):  L2ConnectedState !CMD_RSSI_POLL  rt=681612018/681612018 2 0 "security_department_xiedongyue" 48:7d:2e:4a:24:aa rssi=-42 f=2412 sc=60 link=72 tx=31.3, 0.0, 0.0  rx=34.7 bcn=0 [on:0 tx:0 rx:0 period:1] from screen [on:0 period:-283268155] gl hn rssi=-37 ag=0 hr ticks 0,0,0 ls-=0 [56,56,60,60,65] brc=0 lrc=0 offload-stopped
12-10 17:22:09.478 I/wpa_supplicant( 3774): [CTRL_IFACE]wlan0: SIGNAL_POLL
12-10 17:22:09.484 D/MiTVNetworkController(29402): action onReceive is : android.net.wifi.RSSI_CHANGED, mitv.network.ethernet.action.ETHERNET_STATE_CHANGED
12-10 17:22:09.484 D/MiTVNetworkController(29402): updateWifiIcons mWifiConnected:true, mWifiLevel:3 mEthernetConnected false
12-10 17:22:09.484 D/NetworkStateManager(29402): changeNetworkState, type:2, flag:0, level:3, lable:security_department_xiedongyue
12-10 17:22:09.484 D/NetworkStateView(29402): changeNetworkState type:2, flag:0, level:3, label:security_department_xiedongyue, last_lable:null
12-10 17:22:09.489 I/SafeEnvPerception(24643): onStartCommand
12-10 17:22:09.919 I/hook    (25375): getting:192.168.1.122
12-10 17:22:09.919 I/hook    (25375): ai_flags:4
12-10 17:22:09.941 I/hook    (25375): getting:192.168.1.122
12-10 17:22:09.941 I/hook    (25375): ai_flags:4
12-10 17:22:09.964 I/hook    (25375): getting:192.168.1.122
12-10 17:22:09.964 I/hook    (25375): ai_flags:4
12-10 17:22:09.971 I/hook    (25375): getting:192.168.1.122
12-10 17:22:09.971 I/hook    (25375): ai_flags:4
12-10 17:22:09.973 I/hook    (25375): getting:192.168.1.122
12-10 17:22:09.974 I/hook    (25375): ai_flags:4
12-10 17:22:09.991 I/hook    (25375): getting:192.168.1.122
12-10 17:22:09.991 I/hook    (25375): ai_flags:4
12-10 17:22:10.001 I/hook    (25375): getting:192.168.1.122
12-10 17:22:10.001 I/hook    (25375): ai_flags:4
12-10 17:22:10.002 I/hook    (25375): getting:192.168.1.122
12-10 17:22:10.002 I/hook    (25375): ai_flags:4
12-10 17:22:10.008 I/hook    (25375): getting:192.168.1.122
12-10 17:22:10.008 I/hook    (25375): ai_flags:4
12-10 17:22:10.014 I/hook    (25375): getting:192.168.1.122
12-10 17:22:10.014 I/hook    (25375): ai_flags:4
12-10 17:22:10.016 I/hook    (25375): getting:192.168.1.122
12-10 17:22:10.016 I/hook    (25375): ai_flags:4
12-10 17:22:10.132 D/PerfShielderService( 2975): com.mitv.tvhome|com.mitv.tvhome/com.mitv.tvhome.MainActivityUserMode|545|681612496307582|57|6
12-10 17:22:10.136 D/MiuiPerfServiceClient( 3234): interceptAndQueuing:3249|com.mitv.tvhome|545|57|gpufence|null
12-10 17:22:10.433 I/MiTv-Impl-tv2_55-amlogic-SoundRecorder( 3417): onPeriodicNotification, mCount = 5319, mRecordTimeInSecond = -1, mRecorder = android.media.AudioRecord@84b965d
12-10 17:22:10.568 D/BtGatt.GattService( 3165): stopScan() - queue size =1
12-10 17:22:10.568 D/BtGatt.ScanManager( 3165): stop scan
12-10 17:22:10.568 D/BtGatt.GattService( 3165): unregisterClient() - clientIf=5
12-10 17:22:10.569 D/BtGatt.ScanManager( 3165): configureRegularScanParams() - queue=0
12-10 17:22:10.569 D/BtGatt.ScanManager( 3165): configureRegularScanParams() - ScanSetting Scan mode=-2147483648 mLastConfiguredScanSetting=2
12-10 17:22:10.569 D/BtGatt.ScanManager( 3165): configureRegularScanParams() - queue emtpy, scan stopped
12-10 17:22:10.908 I/power   ( 2975): acquire_wake_lock lock=1 id='KeyEvents'
12-10 17:22:10.909 D/WindowManager( 2975): interceptKeyTq keycode=20 interactive=true keyguardActive=false policyFlags=22000000
12-10 17:22:10.909 I/power   ( 2975): release_wake_lock id='KeyEvents'
12-10 17:22:10.909 D/PowerManagerService( 2975): checkScreenSaverTimeoutLocked come 240000 reason=userActivity
12-10 17:22:10.910 D/WindowManager( 2975): interceptKeyTi keyCode=20 down=true repeatCount=0 keyguardOn=false mHomePressed=false canceled=false
12-10 17:22:10.910 I/MitvPhoneWindowManager( 2975): prepare dispatch key 20 deviceId=4 down=true to Window{c8ce847 u0 com.mitv.tvhome/com.mitv.tvhome.MainActivityUserMode} win attr=WM.LayoutParams{(0,0)(fillxfill) sim=#110 ty=1 fl=#83810100 fmt=-3 wanim=0x103045b vsysui=0x600 needsMenuKey=2}
12-10 17:22:10.911 D/SogouIME( 3211): [onKeyDown] keycode = 20 model = MiTV4A build_id:Build_146117_20170811 true
12-10 17:22:10.911 D/AudioManager( 3249): preDispatchKeyEvent 20repeat count: 0
12-10 17:22:10.912 W/UserMode( 3249): android.provider.Settings$SettingNotFoundException: user_mode
12-10 17:22:10.912 D/MainActivity( 3249): {com.mitv.tvhome.MainActivity(SourceFile:1)} - dispatchKeyEvent KeyEvent { action=ACTION_DOWN, keyCode=KEYCODE_DPAD_DOWN, scanCode=108, metaState=0, flags=0x8, repeatCount=0, eventTime=681613450, downTime=681613450, deviceId=4, source=0x301 }
12-10 17:22:10.915 I/AudioTrack( 2975): set(): streamType 1, sampleRate 44100, format 0x1, channelMask 0x3, frameCount 0, flags #4, notificationFrames 0, sessionId 0, transferType 0, uid -1, pid -1
12-10 17:22:10.915 I/AudioPolicyManager( 2659): getOutputForAttr() device 0x280002, samplingRate 44100, format 1, channelMask 3, flags 4
12-10 17:22:10.919 I/AudioPolicyManager( 2659): getNewOutputDevice() selected device 280002
12-10 17:22:10.929 I/AudioMixer( 2659): setParameter(VOLUME, VOLUME0: 0000)
12-10 17:22:10.929 I/AudioMixer( 2659): setParameter(VOLUME, VOLUME1: 0000)
12-10 17:22:10.929 I/AudioMixer( 2659): Platform is: matrix
12-10 17:22:10.929 I/AudioMixer( 2659): Creating resampler: format(0x1) channels(2) trackSampleRate(44100) devSampleRate(48000) quality(0)
12-10 17:22:10.929 D/AudioMixer( 2659): process__validate, lfe mask:0x3, track name :2
12-10 17:22:10.929 D/AudioMixer( 2659): process__validate, lfe mask:0x3, track name :1
12-10 17:22:10.929 D/AudioMixer( 2659): process__validate, start set paramete [hasLFE=0]
12-10 17:22:10.936 D/SogouIME API( 3211): ==============num:32
12-10 17:22:10.936 D/SogouIME( 3211): mFocusedComponent:30   isHkbEnable:false
12-10 17:22:10.937 D/SogouIME( 3211): =====configKeyboard=======是否有硬件盘:false     硬件盘是否不再隐藏：false
12-10 17:22:11.014 D/AudioMixer( 2659): process__validate, lfe mask:0x3, track name :1
12-10 17:22:11.014 D/AudioMixer( 2659): process__validate, start set paramete [hasLFE=0]
12-10 17:22:11.075 D/BtGatt.GattService( 3165): registerClient() - UUID=9eefd733-7adf-4254-aa08-c3ea33f6133b
12-10 17:22:11.076 D/BtGatt.GattService( 3165): onClientRegistered() - UUID=9eefd733-7adf-4254-aa08-c3ea33f6133b, clientIf=5
12-10 17:22:11.076 D/BtGatt.GattService( 3165): start scan with filters
12-10 17:22:11.077 D/BtGatt.ScanManager( 3165): handling starting scan
12-10 17:22:11.081 D/BtGatt.ScanManager( 3165): configureRegularScanParams() - queue=1
12-10 17:22:11.081 D/BtGatt.ScanManager( 3165): configureRegularScanParams() - ScanSetting Scan mode=2 mLastConfiguredScanSetting=-2147483648
12-10 17:22:11.121 I/power   ( 2659): acquire_wake_lock lock=1 id='ApmOutput'
12-10 17:22:11.121 I/AudioPolicyManager( 2659): getNewOutputDevice() selected device 280002
12-10 17:22:11.122 I/power   ( 2659): release_wake_lock id='ApmOutput'
12-10 17:22:11.138 I/power   ( 2975): acquire_wake_lock lock=1 id='KeyEvents'
12-10 17:22:11.139 D/MitvPhoneWindowManager( 2975):  keyCode 20
12-10 17:22:11.139 D/WindowManager( 2975): interceptKeyTq keycode=20 interactive=true keyguardActive=false policyFlags=22000000
12-10 17:22:11.139 I/power   ( 2975): release_wake_lock id='KeyEvents'
12-10 17:22:11.140 D/WindowManager( 2975): interceptKeyTi keyCode=20 down=false repeatCount=0 keyguardOn=false mHomePressed=false canceled=false
12-10 17:22:11.140 I/MitvPhoneWindowManager( 2975): prepare dispatch key 20 deviceId=4 down=false to Window{c8ce847 u0 com.mitv.tvhome/com.mitv.tvhome.MainActivityUserMode} win attr=WM.LayoutParams{(0,0)(fillxfill) sim=#110 ty=1 fl=#83810100 fmt=-3 wanim=0x103045b vsysui=0x600 needsMenuKey=2}
12-10 17:22:11.141 D/SogouIME( 3211): [onKeyUp] keycode = 20 model = MiTV4A build_id:Build_146117_20170811
12-10 17:22:11.141 D/AudioManager( 3249): preDispatchKeyEvent 20repeat count: 0
12-10 17:22:11.142 W/UserMode( 3249): android.provider.Settings$SettingNotFoundException: user_mode
12-10 17:22:11.143 D/MainActivity( 3249): {com.mitv.tvhome.MainActivity(SourceFile:1)} - dispatchKeyEvent KeyEvent { action=ACTION_UP, keyCode=KEYCODE_DPAD_DOWN, scanCode=108, metaState=0, flags=0x8, repeatCount=0, eventTime=681613680, downTime=681613450, deviceId=4, source=0x301 }
12-10 17:22:11.439 I/MiTv-Impl-tv2_55-amlogic-SoundRecorder( 3417): onPeriodicNotification, mCount = 5320, mRecordTimeInSecond = -1, mRecorder = android.media.AudioRecord@84b965d
12-10 17:22:11.537 I/power   ( 2975): acquire_wake_lock lock=1 id='KeyEvents'
12-10 17:22:11.538 D/WindowManager( 2975): interceptKeyTq keycode=20 interactive=true keyguardActive=false policyFlags=22000000
12-10 17:22:11.538 I/power   ( 2975): release_wake_lock id='KeyEvents'
12-10 17:22:11.539 D/PowerManagerService( 2975): checkScreenSaverTimeoutLocked come 240000 reason=userActivity
12-10 17:22:11.539 D/WindowManager( 2975): interceptKeyTi keyCode=20 down=true repeatCount=0 keyguardOn=false mHomePressed=false canceled=false
12-10 17:22:11.539 I/MitvPhoneWindowManager( 2975): prepare dispatch key 20 deviceId=4 down=true to Window{c8ce847 u0 com.mitv.tvhome/com.mitv.tvhome.MainActivityUserMode} win attr=WM.LayoutParams{(0,0)(fillxfill) sim=#110 ty=1 fl=#83810100 fmt=-3 wanim=0x103045b vsysui=0x600 needsMenuKey=2}
12-10 17:22:11.541 D/SogouIME( 3211): [onKeyDown] keycode = 20 model = MiTV4A build_id:Build_146117_20170811 true
12-10 17:22:11.542 D/AudioManager( 3249): preDispatchKeyEvent 20repeat count: 0
12-10 17:22:11.542 W/UserMode( 3249): android.provider.Settings$SettingNotFoundException: user_mode
12-10 17:22:11.543 D/MainActivity( 3249): {com.mitv.tvhome.MainActivity(SourceFile:1)} - dispatchKeyEvent KeyEvent { action=ACTION_DOWN, keyCode=KEYCODE_DPAD_DOWN, scanCode=108, metaState=0, flags=0x8, repeatCount=0, eventTime=681614079, downTime=681614079, deviceId=4, source=0x301 }
12-10 17:22:11.547 I/AudioTrack( 2975): set(): streamType 1, sampleRate 44100, format 0x1, channelMask 0x3, frameCount 0, flags #4, notificationFrames 0, sessionId 0, transferType 0, uid -1, pid -1
12-10 17:22:11.551 I/AudioPolicyManager( 2659): getOutputForAttr() device 0x280002, samplingRate 44100, format 1, channelMask 3, flags 4
12-10 17:22:11.558 D/SogouIME API( 3211): ==============num:32
12-10 17:22:11.558 D/SogouIME( 3211): mFocusedComponent:30   isHkbEnable:false
12-10 17:22:11.558 I/AudioPolicyManager( 2659): getNewOutputDevice() selected device 280002
12-10 17:22:11.559 D/SogouIME( 3211): =====configKeyboard=======是否有硬件盘:false     硬件盘是否不再隐藏：false
12-10 17:22:11.570 I/AudioMixer( 2659): setParameter(VOLUME, VOLUME0: 0000)
12-10 17:22:11.570 I/AudioMixer( 2659): setParameter(VOLUME, VOLUME1: 0000)
12-10 17:22:11.570 I/AudioMixer( 2659): Platform is: matrix
12-10 17:22:11.570 I/AudioMixer( 2659): Creating resampler: format(0x1) channels(2) trackSampleRate(44100) devSampleRate(48000) quality(0)
12-10 17:22:11.571 D/AudioMixer( 2659): process__validate, lfe mask:0x3, track name :2
12-10 17:22:11.571 D/AudioMixer( 2659): process__validate, lfe mask:0x3, track name :1
12-10 17:22:11.571 D/AudioMixer( 2659): process__validate, start set paramete [hasLFE=0]
12-10 17:22:11.654 D/AudioMixer( 2659): process__validate, lfe mask:0x3, track name :1
12-10 17:22:11.654 D/AudioMixer( 2659): process__validate, start set paramete [hasLFE=0]
12-10 17:22:11.738 I/power   ( 2975): acquire_wake_lock lock=1 id='KeyEvents'
12-10 17:22:11.739 D/MitvPhoneWindowManager( 2975):  keyCode 20
12-10 17:22:11.739 D/WindowManager( 2975): interceptKeyTq keycode=20 interactive=true keyguardActive=false policyFlags=22000000
12-10 17:22:11.739 I/power   ( 2975): release_wake_lock id='KeyEvents'
12-10 17:22:11.739 D/WindowManager( 2975): interceptKeyTi keyCode=20 down=false repeatCount=0 keyguardOn=false mHomePressed=false canceled=false
12-10 17:22:11.739 I/MitvPhoneWindowManager( 2975): prepare dispatch key 20 deviceId=4 down=false to Window{c8ce847 u0 com.mitv.tvhome/com.mitv.tvhome.MainActivityUserMode} win attr=WM.LayoutParams{(0,0)(fillxfill) sim=#110 ty=1 fl=#83810100 fmt=-3 wanim=0x103045b vsysui=0x600 needsMenuKey=2}
12-10 17:22:11.741 D/SogouIME( 3211): [onKeyUp] keycode = 20 model = MiTV4A build_id:Build_146117_20170811
12-10 17:22:11.741 D/AudioManager( 3249): preDispatchKeyEvent 20repeat count: 0
12-10 17:22:11.742 W/UserMode( 3249): android.provider.Settings$SettingNotFoundException: user_mode
12-10 17:22:11.743 D/MainActivity( 3249): {com.mitv.tvhome.MainActivity(SourceFile:1)} - dispatchKeyEvent KeyEvent { action=ACTION_UP, keyCode=KEYCODE_DPAD_DOWN, scanCode=108, metaState=0, flags=0x8, repeatCount=0, eventTime=681614280, downTime=681614079, deviceId=4, source=0x301 }
12-10 17:22:11.761 I/power   ( 2659): acquire_wake_lock lock=1 id='ApmOutput'
12-10 17:22:11.762 I/AudioPolicyManager( 2659): getNewOutputDevice() selected device 280002
12-10 17:22:11.762 I/power   ( 2659): release_wake_lock id='ApmOutput'
12-10 17:22:12.037 I/lbplayer( 3915): [main]:ServiceDOWN:mainServer is running
12-10 17:22:12.088 I/power   ( 2975): acquire_wake_lock lock=1 id='KeyEvents'
12-10 17:22:12.088 D/WindowManager( 2975): interceptKeyTq keycode=22 interactive=true keyguardActive=false policyFlags=22000000
12-10 17:22:12.089 I/power   ( 2975): release_wake_lock id='KeyEvents'
12-10 17:22:12.089 D/PowerManagerService( 2975): checkScreenSaverTimeoutLocked come 240000 reason=userActivity
12-10 17:22:12.089 D/WindowManager( 2975): interceptKeyTi keyCode=22 down=true repeatCount=0 keyguardOn=false mHomePressed=false canceled=false
12-10 17:22:12.090 I/MitvPhoneWindowManager( 2975): prepare dispatch key 22 deviceId=4 down=true to Window{c8ce847 u0 com.mitv.tvhome/com.mitv.tvhome.MainActivityUserMode} win attr=WM.LayoutParams{(0,0)(fillxfill) sim=#110 ty=1 fl=#83810100 fmt=-3 wanim=0x103045b vsysui=0x600 needsMenuKey=2}
12-10 17:22:12.091 D/SogouIME( 3211): [onKeyDown] keycode = 22 model = MiTV4A build_id:Build_146117_20170811 true
12-10 17:22:12.091 D/AudioManager( 3249): preDispatchKeyEvent 22repeat count: 0
12-10 17:22:12.091 W/UserMode( 3249): android.provider.Settings$SettingNotFoundException: user_mode
12-10 17:22:12.092 D/MainActivity( 3249): {com.mitv.tvhome.MainActivity(SourceFile:1)} - dispatchKeyEvent KeyEvent { action=ACTION_DOWN, keyCode=KEYCODE_DPAD_RIGHT, scanCode=106, metaState=0, flags=0x8, repeatCount=0, eventTime=681614629, downTime=681614629, deviceId=4, source=0x301 }
12-10 17:22:12.096 I/AudioTrack( 2975): set(): streamType 1, sampleRate 44100, format 0x1, channelMask 0x3, frameCount 0, flags #4, notificationFrames 0, sessionId 0, transferType 0, uid -1, pid -1
12-10 17:22:12.097 I/AudioPolicyManager( 2659): getOutputForAttr() device 0x280002, samplingRate 44100, format 1, channelMask 3, flags 4
12-10 17:22:12.104 I/AudioPolicyManager( 2659): getNewOutputDevice() selected device 280002
12-10 17:22:12.110 D/SogouIME API( 3211): ==============num:32
12-10 17:22:12.110 D/SogouIME( 3211): mFocusedComponent:30   isHkbEnable:false
12-10 17:22:12.111 D/SogouIME( 3211): =====configKeyboard=======是否有硬件盘:false     硬件盘是否不再隐藏：false
12-10 17:22:12.124 I/AudioMixer( 2659): setParameter(VOLUME, VOLUME0: 0000)
12-10 17:22:12.124 I/AudioMixer( 2659): setParameter(VOLUME, VOLUME1: 0000)
12-10 17:22:12.124 I/AudioMixer( 2659): Platform is: matrix
12-10 17:22:12.124 I/AudioMixer( 2659): Creating resampler: format(0x1) channels(2) trackSampleRate(44100) devSampleRate(48000) quality(0)
12-10 17:22:12.124 D/AudioMixer( 2659): process__validate, lfe mask:0x3, track name :2
12-10 17:22:12.124 D/AudioMixer( 2659): process__validate, lfe mask:0x3, track name :1
12-10 17:22:12.124 D/AudioMixer( 2659): process__validate, start set paramete [hasLFE=0]
12-10 17:22:12.209 D/AudioMixer( 2659): process__validate, lfe mask:0x3, track name :1
12-10 17:22:12.209 D/AudioMixer( 2659): process__validate, start set paramete [hasLFE=0]
12-10 17:22:12.258 I/power   ( 2975): acquire_wake_lock lock=1 id='KeyEvents'
12-10 17:22:12.259 D/MitvPhoneWindowManager( 2975):  keyCode 22
12-10 17:22:12.259 D/WindowManager( 2975): interceptKeyTq keycode=22 interactive=true keyguardActive=false policyFlags=22000000
12-10 17:22:12.259 I/power   ( 2975): release_wake_lock id='KeyEvents'
12-10 17:22:12.259 D/WindowManager( 2975): interceptKeyTi keyCode=22 down=false repeatCount=0 keyguardOn=false mHomePressed=false canceled=false
12-10 17:22:12.259 I/MitvPhoneWindowManager( 2975): prepare dispatch key 22 deviceId=4 down=false to Window{c8ce847 u0 com.mitv.tvhome/com.mitv.tvhome.MainActivityUserMode} win attr=WM.LayoutParams{(0,0)(fillxfill) sim=#110 ty=1 fl=#83810100 fmt=-3 wanim=0x103045b vsysui=0x600 needsMenuKey=2}
12-10 17:22:12.260 D/SogouIME( 3211): [onKeyUp] keycode = 22 model = MiTV4A build_id:Build_146117_20170811
12-10 17:22:12.266 D/AudioManager( 3249): preDispatchKeyEvent 22repeat count: 0
12-10 17:22:12.267 W/UserMode( 3249): android.provider.Settings$SettingNotFoundException: user_mode
12-10 17:22:12.268 D/MainActivity( 3249): {com.mitv.tvhome.MainActivity(SourceFile:1)} - dispatchKeyEvent KeyEvent { action=ACTION_UP, keyCode=KEYCODE_DPAD_RIGHT, scanCode=106, metaState=0, flags=0x8, repeatCount=0, eventTime=681614800, downTime=681614629, deviceId=4, source=0x301 }
12-10 17:22:12.316 I/power   ( 2659): acquire_wake_lock lock=1 id='ApmOutput'
12-10 17:22:12.316 I/AudioPolicyManager( 2659): getNewOutputDevice() selected device 280002
12-10 17:22:12.317 I/power   ( 2659): release_wake_lock id='ApmOutput'
12-10 17:22:12.436 I/MiTv-Impl-tv2_55-amlogic-SoundRecorder( 3417): onPeriodicNotification, mCount = 5321, mRecordTimeInSecond = -1, mRecorder = android.media.AudioRecord@84b965d
12-10 17:22:12.482 D/WifiStateMachine( 2975):  ConnectedState !CMD_RSSI_POLL  rt=681615023/681615023 2 0 "security_department_xiedongyue" 48:7d:2e:4a:24:aa rssi=-43 f=2412 sc=60 link=72 tx=33.1, 0.0, 0.0  rx=35.9 bcn=0 [on:0 tx:0 rx:0 period:3000] from screen [on:0 period:-283265150] gl hn rssi=-38 ag=0 hr ticks 0,0,0 ls-=0 [56,56,60,60,65] brc=0 lrc=0 offload-stopped
12-10 17:22:12.483 D/WifiStateMachine( 2975):  L2ConnectedState !CMD_RSSI_POLL  rt=681615024/681615024 2 0 "security_department_xiedongyue" 48:7d:2e:4a:24:aa rssi=-43 f=2412 sc=60 link=72 tx=33.1, 0.0, 0.0  rx=35.9 bcn=0 [on:0 tx:0 rx:0 period:1] from screen [on:0 period:-283265149] gl hn rssi=-38 ag=0 hr ticks 0,0,0 ls-=0 [56,56,60,60,65] brc=0 lrc=0 offload-stopped
12-10 17:22:12.484 I/wpa_supplicant( 3774): [CTRL_IFACE]wlan0: SIGNAL_POLL
12-10 17:22:12.495 D/MiTVNetworkController(29402): action onReceive is : android.net.wifi.RSSI_CHANGED, mitv.network.ethernet.action.ETHERNET_STATE_CHANGED
12-10 17:22:12.495 D/MiTVNetworkController(29402): updateWifiIcons mWifiConnected:true, mWifiLevel:3 mEthernetConnected false
12-10 17:22:12.495 D/NetworkStateManager(29402): changeNetworkState, type:2, flag:0, level:3, lable:security_department_xiedongyue
12-10 17:22:12.496 D/NetworkStateView(29402): changeNetworkState type:2, flag:0, level:3, label:security_department_xiedongyue, last_lable:null
12-10 17:22:12.510 I/SafeEnvPerception(24643): onStartCommand
12-10 17:22:12.929 I/hook    (25375): getting:192.168.1.122
12-10 17:22:12.929 I/hook    (25375): ai_flags:4
12-10 17:22:12.945 I/hook    (25375): getting:192.168.1.122
12-10 17:22:12.945 I/hook    (25375): ai_flags:4
12-10 17:22:12.964 I/hook    (25375): getting:192.168.1.122
12-10 17:22:12.964 I/hook    (25375): ai_flags:4
12-10 17:22:12.968 I/hook    (25375): getting:192.168.1.122
