12-10 17:23:48.668 D/XRAY-NET(29892): [pool-7-thread-1(5033): null:-1] - output:headerParam(String key, String value): Content-Type; application/json; charset=UTF-8
12-10 17:23:48.669 D/XRAY-NET(29892): [pool-7-thread-1(5033): null:-1] - output:headerParam(String key, String value): User-Agent; {"batvn":"4.1.8","appkey":"284471ab78dad815","appvn":"3.11.2.3850","apiType":"sync","ndkVN":"4.0.0"}
12-10 17:23:48.670 D/XRAY-NET(29892): [pool-7-thread-1(5033): null:-1] - output:outHost(String host): qapm.baidu.com
12-10 17:23:48.671 D/XRAY-NET(29892): [pool-7-thread-1(5033): null:-1] - output:headerParam(String key, String value): Host; qapm.baidu.com
12-10 17:23:48.672 D/XRAY-NET(29892): [pool-7-thread-1(5033): null:-1] - output:headerParam(String key, String value): Connection; Keep-Alive
12-10 17:23:48.672 D/XRAY-NET(29892): [pool-7-thread-1(5033): null:-1] - output:headerParam(String key, String value): Accept-Encoding; gzip
12-10 17:23:48.673 D/XRAY-NET(29892): [pool-7-thread-1(5033): null:-1] - output:headerParam(String key, String value): Content-Length; 118
12-10 17:23:48.674 D/XRAY-NET(29892): [pool-7-thread-1(5033): null:-1] - output:setAStreamBufferFormat
12-10 17:23:48.674 D/XRAY-NET(29892): [pool-7-thread-1(5033): null:-1] - output:getAStreamBufferFormat
12-10 17:23:48.675 D/XRAY-NET(29892): [pool-7-thread-1(5033): null:-1] - output:streamContent(String content)["284471ab78dad815","3.11.2.3850","4.1.8",2,"4b1692b7ab865623cb23a9ff74681f4f","88f816b0-b7d1-4bce-95ce-4678ab1f0c28"]
12-10 17:23:48.676 D/XRAY-NET(29892): [pool-7-thread-1(5033): null:-1] - output:streamBytes(int bytes): 403
12-10 17:23:48.677 D/XRAY-NET(29892): [pool-7-thread-1(5033): null:-1] - output:newStreamBuffer
12-10 17:23:48.677 D/XRAY-NET(29892): [pool-7-thread-1(5033): null:-1] - output:setAStreamBufferFormat
12-10 17:23:48.731 D/XRAY-NET(29892): [pool-7-thread-1(5033): null:-1] - input:streamCustomRead
12-10 17:23:48.731 D/XRAY-NET(29892): [pool-7-thread-1(5033): null:-1] - input:customRead
12-10 17:23:48.732 D/XRAY-NET(29892): [pool-7-thread-1(5033): null:-1] - input:inStatusCode: 200
12-10 17:23:48.733 D/XRAY-NET(29892): [pool-7-thread-1(5033): null:-1] - url = https://qapm.baidu.com/api/mobile/sync
12-10 17:23:48.734 D/XRAY-NET(29892): [pool-7-thread-1(5033): null:-1] - input: setAStreamBufferFormat(AStreamBufferFormat impl)
12-10 17:23:48.734 D/XRAY-NET(29892): [pool-7-thread-1(5033): null:-1] - input: setAStreamBufferFormat()
12-10 17:23:48.735 D/XRAY-NET(29892): [pool-7-thread-1(5033): null:-1] - input:headerParam(String key, String value)
12-10 17:23:48.736 D/XRAY-NET(29892): [pool-7-thread-1(5033): null:-1] - input:contentType(String contentType): application/octet-stream
12-10 17:23:48.737 D/XRAY-NET(29892): [pool-7-thread-1(5033): null:-1] - content-type found:application/octet-stream
12-10 17:23:48.738 D/XRAY-NET(29892): [pool-7-thread-1(5033): null:-1] - input:headerParam(String key, String value)
12-10 17:23:48.739 D/XRAY-NET(29892): [pool-7-thread-1(5033): null:-1] - input:headerParam(String key, String value)
12-10 17:23:48.740 D/XRAY-NET(29892): [pool-7-thread-1(5033): null:-1] - input:headerParam(String key, String value)
12-10 17:23:48.741 D/XRAY-NET(29892): [pool-7-thread-1(5033): null:-1] - input:headerParam(String key, String value)
12-10 17:23:48.741 D/XRAY-NET(29892): [pool-7-thread-1(5033): null:-1] - input:headerParam(String key, String value)
12-10 17:23:48.742 D/XRAY-NET(29892): [pool-7-thread-1(5033): null:-1] - input:headerParam(String key, String value)
12-10 17:23:48.743 D/XRAY-NET(29892): [pool-7-thread-1(5033): null:-1] - input:getRequestMethod(): POST
12-10 17:23:48.746 D/XRAY-NET(29892): [pool-7-thread-1(5033): null:-1] - input:streamBytes(int bytes): 241
12-10 17:23:48.747 D/XRAY-NET(29892): [pool-7-thread-1(5033): null:-1] - input inSaveData! byteReceived = 241; var2 = -1
12-10 17:23:48.747 E/XRAY-NET(29892): [pool-7-thread-1(5033): null:-1] - header里的起始时间为0 ！
12-10 17:23:48.748 D/XRAY-NET(29892): [pool-7-thread-1(5033): null:-1] - input:newStreamBuffer()
12-10 17:23:48.749 D/XRAY-NET(29892): [pool-7-thread-1(5033): null:-1] - input: setAStreamBufferFormat(AStreamBufferFormat impl)
12-10 17:23:48.750 D/XRAY    (29892): [pool-7-thread-1(5033): null:-1] - apm upload appLife successed.
12-10 17:23:48.797 D/WifiStateMachine( 2975):  ConnectedState !CMD_RSSI_POLL  rt=681711338/681711338 2 0 "security_department_xiedongyue" 48:7d:2e:4a:24:aa rssi=-42 f=2412 sc=60 link=72 tx=345.3, 0.0, 0.0  rx=282.1 bcn=0 [on:0 tx:0 rx:0 period:2993] from screen [on:0 period:-283168835] gl hn rssi=-37 ag=0 hr ticks 0,0,0 ls-=0 [56,56,60,60,65] brc=0 lrc=0 offload-stopped
12-10 17:23:48.800 D/WifiStateMachine( 2975):  L2ConnectedState !CMD_RSSI_POLL  rt=681711341/681711341 2 0 "security_department_xiedongyue" 48:7d:2e:4a:24:aa rssi=-42 f=2412 sc=60 link=72 tx=345.3, 0.0, 0.0  rx=282.1 bcn=0 [on:0 tx:0 rx:0 period:3] from screen [on:0 period:-283168832] gl hn rssi=-37 ag=0 hr ticks 0,0,0 ls-=0 [56,56,60,60,65] brc=0 lrc=0 offload-stopped
12-10 17:23:48.801 I/wpa_supplicant( 3774): [CTRL_IFACE]wlan0: SIGNAL_POLL
12-10 17:23:48.806 D/MiTVNetworkController(29402): action onReceive is : android.net.wifi.RSSI_CHANGED, mitv.network.ethernet.action.ETHERNET_STATE_CHANGED
12-10 17:23:48.806 D/MiTVNetworkController(29402): updateWifiIcons mWifiConnected:true, mWifiLevel:3 mEthernetConnected false
12-10 17:23:48.806 D/NetworkStateManager(29402): changeNetworkState, type:2, flag:0, level:3, lable:security_department_xiedongyue
12-10 17:23:48.807 D/NetworkStateView(29402): changeNetworkState type:2, flag:0, level:3, label:security_department_xiedongyue, last_lable:null
12-10 17:23:48.846 I/art     (29655): Waiting for a blocking GC DisableMovingGc
12-10 17:23:48.852 I/art     (29655): WaitForGcToComplete blocked for 6.140ms for cause DisableMovingGc
12-10 17:23:48.853 I/art     (29655): Starting a blocking GC DisableMovingGc
12-10 17:23:48.856 I/SafeEnvPerception(29655): onStartCommand
12-10 17:23:48.876 I/SILOG_ShiledWrapper(29672): process 100059 not init 11 times
12-10 17:23:48.879 I/SILOG_ShiledWrapper(29672): trash 100059 not init 11times
12-10 17:23:48.880 I/SILOG_ShiledWrapper(29672): 100060 not init 12
12-10 17:23:48.919 I/SILOG_ShiledWrapper(29672): 100009 not init : 12
12-10 17:23:49.412 I/SILOG_ShiledWrapper(29672): process 100059 not init 12 times
12-10 17:23:49.421 I/SILOG_ShiledWrapper(29672): 100060 not init 13
12-10 17:23:49.423 I/SILOG_ShiledWrapper(29672): trash 100059 not init 12times
12-10 17:23:49.431 I/MiTv-Impl-tv2_55-amlogic-SoundRecorder( 3417): onPeriodicNotification, mCount = 5418, mRecordTimeInSecond = -1, mRecorder = android.media.AudioRecord@84b965d
12-10 17:23:49.440 I/        ( 2663): sensord didn't find fd
12-10 17:23:49.460 I/SILOG_ShiledWrapper(29672): 100009 not init : 13
12-10 17:23:49.777 D/report  (29892): load cache-begin
12-10 17:23:49.780 D/report  (29892): pushCache:349
12-10 17:23:49.782 D/report  (29892): pushCache:331
12-10 17:23:49.785 D/report  (29892): pushCache:288
12-10 17:23:49.786 D/report  (29892): pushCache:288
12-10 17:23:49.789 D/report  (29892): submit_string
12-10 17:23:49.879 E/XRAY    (29892): [PullConfigThread(5031): null:-1] - TCP连接失败
12-10 17:23:49.884 D/XRAY    (29892): [PullConfigThread(5031): null:-1] - 堆栈信息是：java.net.SocketTimeoutException
12-10 17:23:49.884 D/XRAY    (29892): failed to connect to /192.168.101.141 (port 8888) after 8000ms
12-10 17:23:49.884 D/XRAY    (29892): 
12-10 17:23:49.884 D/XRAY    (29892): libcore.io.IoBridge.connectErrno(IoBridge.java:169)
12-10 17:23:49.884 D/XRAY    (29892): libcore.io.IoBridge.connect(IoBridge.java:122)
12-10 17:23:49.884 D/XRAY    (29892): java.net.PlainSocketImpl.connect(PlainSocketImpl.java:183)
12-10 17:23:49.884 D/XRAY    (29892): java.net.PlainSocketImpl.connect(PlainSocketImpl.java:452)
12-10 17:23:49.884 D/XRAY    (29892): com.baidu.xray.agent.socket.b.b.connect(Unknown Source)
12-10 17:23:49.884 D/XRAY    (29892): java.net.Socket.connect(Socket.java:884)
12-10 17:23:49.884 D/XRAY    (29892): com.android.okhttp.internal.Platform.connectSocket(Platform.java:117)
12-10 17:23:49.884 D/XRAY    (29892): com.android.okhttp.internal.http.SocketConnector.connectRawSocket(SocketConnector.java:160)
12-10 17:23:49.884 D/XRAY    (29892): com.android.okhttp.internal.http.SocketConnector.connectTls(SocketConnector.java:79)
12-10 17:23:49.884 D/XRAY    (29892): com.android.okhttp.Connection.connect(Connection.java:143)
12-10 17:23:49.884 D/XRAY    (29892): com.android.okhttp.Connection.connectAndSetOwner(Connection.java:185)
12-10 17:23:49.884 D/XRAY    (29892): com.android.okhttp.OkHttpClient$1.connectAndSetOwner(OkHttpClient.java:128)
12-10 17:23:49.884 D/XRAY    (29892): com.android.okhttp.internal.http.HttpEngine.nextConnection(HttpEngine.java:341)
12-10 17:23:49.884 D/XRAY    (29892): com.android.okhttp.internal.http.HttpEngine.connect(HttpEngine.java:330)
12-10 17:23:49.884 D/XRAY    (29892): com.android.okhttp.internal.http.HttpEngine.sendRequest(HttpEngine.java:248)
12-10 17:23:49.884 D/XRAY    (29892): com.android.okhttp.internal.huc.HttpURLConnectionImpl.execute(HttpURLConnectionImpl.java:437)
12-10 17:23:49.884 D/XRAY    (29892): com.android.okhttp.internal.huc.HttpURLConnectionImpl.connect(HttpURLConnectionImpl.java:114)
12-10 17:23:49.884 D/XRAY    (29892): com.android.okhttp.internal.huc.HttpURLConnectionImpl.getOutputStream(HttpURLConnectionImpl.java:245)
12-10 17:23:49.884 D/XRAY    (29892): com.android.okhttp.internal.huc.DelegatingHttpsURLConnection.getOutputStream(DelegatingHttpsURLConnection.java:218)
12-10 17:23:49.884 D/XRAY    (29892): com.android.okhttp.internal.huc.HttpsURLConnectionImpl.getOutputStream(HttpsURLConnectionImpl.java)
12-10 17:23:49.884 D/XRAY    (29892): com.baidu.xray.agent.c.a.b(Unknown Source)
12-10 17:23:49.884 D/XRAY    (29892): com.baidu.xray.agent.c.a.a(Unknown Source)
12-10 17:23:49.884 D/XRAY    (29892): com.baidu.xray.agent.c.a.run(Unknown Source)
12-10 17:23:49.885 E/XRAY    (29892): [PullConfigThread(5031): null:-1] - aps error 保存数据成功：
12-10 17:23:49.885 E/XRAY    (29892): ["3fca6c88-e071-4f1c-9351-832c81779b15",1575969829883,"http:\/\/192.168.101.141",0,-1014,"java.net.SocketTimeoutException\nfailed to connect to \/192.168.101.141 (port 8888) after 8000ms\n\nlibcore.io.IoBridge.connectErrno(IoBridge.java:169)\nlibcore.io.IoBridge.connect(IoBridge.java:122)\njava.net.PlainSocketImpl.connect(PlainSocketImpl.java:183)\njava.net.PlainSocketImpl.connect(PlainSocketImpl.java:452)\ncom.baidu.xray.agent.socket.b.b.connect(Unknown Source)\njava.net.Socket.connect(Socket.java:884)\ncom.android.okhttp.internal.Platform.connectSocket(Platform.java:117)\ncom.android.okhttp.internal.http.SocketConnector.connectRawSocket(SocketConnector.java:160)\ncom.android.okhttp.internal.http.SocketConnector.connectTls(SocketConnector.java:79)\ncom.android.okhttp.Connection.connect(Connection.java:143)\ncom.android.okhttp.Connection.connectAndSetOwner(Connection.java:185)\ncom.android.okhttp.OkHttpClient$1.connectAndSetOwner(OkHttpClient.java:128)\ncom.android.okhttp.internal.http.HttpEngine.nextConnection(HttpEngine.java:341)\ncom.android.okhttp.internal.http.HttpEngine.connect(HttpEngine.java:330)\ncom.android.okhttp.internal.http.HttpEngine.sendRequest(HttpEngine.java:248)\ncom.android.okhttp.internal.huc.HttpURLConnectionImpl.execute(HttpURLConnectionImpl.java:437)\ncom.android.okhttp.internal.huc.HttpURLConnectionImpl.connect(HttpURLConnectionImpl.java:114)\ncom.android.okhttp.internal.huc.HttpURLConnectionImpl.getOutputStream(HttpURLConnectionImpl.java:245)\ncom.android.okhttp.internal.huc.DelegatingHttpsURLConnection.getOutputStream(DelegatingHttpsURLConnection.java:218)\ncom.android.okhttp.internal.huc.HttpsURLConnectionImpl.getOutputStream(HttpsURLConnectionImpl.java)\ncom.baidu.xray.agent.c.a.b(Unknown Source)\ncom.baidu.xray.agent.c.a.a(Unknown Source)\ncom.baidu.xray.agent.c.a.run(Unknown Source)","","",""]
12-10 17:23:49.886 I/hook    (29892): getting:qapm.baidu.com
12-10 17:23:49.886 I/hook    (29892): ai_flags:4
12-10 17:23:49.887 D/XRAY    (29892): [PullConfigThread(5031): null:-1] - XraySocketImplFactory23->createSocketImpl
12-10 17:23:49.888 D/XRAY    (29892): [PullConfigThread(5031): null:-1] - connect3:1575969829888
12-10 17:23:49.935 D/XRAY    (29892): [PullConfigThread(5031): null:-1] - PlainSocketImpl:host = qapm.baidu.com
12-10 17:23:49.935 D/XRAY    (29892):  ip = 220.181.107.169
12-10 17:23:49.936 D/XRAY    (29892): [PullConfigThread(5031): null:-1] - XraySocketImplFactory23->createSocketImpl
12-10 17:23:49.937 I/hook    (29892): getting:qapm.baidu.com
12-10 17:23:49.937 I/hook    (29892): ai_flags:4
12-10 17:23:49.952 I/SILOG_ShiledWrapper(29672): process 100059 not init 13 times
12-10 17:23:49.963 I/SILOG_ShiledWrapper(29672): trash 100059 not init 13times
12-10 17:23:49.964 I/SILOG_ShiledWrapper(29672): 100060 not init 14
12-10 17:23:49.980 D/XRAY    (29892): [PullConfigThread(5031): null:-1] - XrayOpenSSLSocketImplWrapper ssl time：44; increase:44
12-10 17:23:49.984 D/XRAY    (29892): [PullConfigThread(5031): null:-1] - XrayOpenSSLSocketImplWrapper ssl time：44; increase:0
12-10 17:23:49.985 D/XRAY    (29892): [PullConfigThread(5031): null:-1] - XrayOpenSSLSocketImplWrapper->new InputStream here
12-10 17:23:49.985 D/XRAY-NET(29892): [PullConfigThread(5031): null:-1] - input:newStreamBuffer()
12-10 17:23:49.986 D/XRAY    (29892): [PullConfigThread(5031): null:-1] - XrayOpenSSLSocketImplWrapper ssl time：44; increase:0
12-10 17:23:49.986 D/XRAY    (29892): [PullConfigThread(5031): null:-1] - XrayOpenSSLSocketImplWrapper->new OutputStream here
12-10 17:23:49.987 D/XRAY-NET(29892): [PullConfigThread(5031): null:-1] - output:newStreamBuffer
12-10 17:23:49.988 D/XRAY-NET(29892): [PullConfigThread(5031): null:-1] - output:streamCustomWrite
12-10 17:23:49.989 D/XRAY-NET(29892): [PullConfigThread(5031): null:-1] - output:customWrite
12-10 17:23:49.989 D/XRAY-NET(29892): [PullConfigThread(5031): null:-1] - output:getMethodPath: POST； path = /api/mobile/pull-conf
12-10 17:23:49.990 D/XRAY    (29892): [PullConfigThread(5031): null:-1] - create connection stats
12-10 17:23:49.991 D/XRAY-NET(29892): [PullConfigThread(5031): null:-1] - output:setAStreamBufferFormat
12-10 17:23:49.991 D/XRAY-NET(29892): [PullConfigThread(5031): null:-1] - output:getAStreamBufferFormat
12-10 17:23:49.991 D/XRAY-NET(29892): [PullConfigThread(5031): null:-1] - output:contentType(String contentType): application/json
12-10 17:23:49.992 D/XRAY-NET(29892): [PullConfigThread(5031): null:-1] - output:headerParam(String key, String value): Content-Type; application/json
12-10 17:23:49.992 D/XRAY-NET(29892): [PullConfigThread(5031): null:-1] - output:headerParam(String key, String value): User-Agent; Dalvik/2.1.0 (Linux; U; Android 6.0.1; MiTV4A Build/MHC19J)
12-10 17:23:49.993 D/XRAY-NET(29892): [PullConfigThread(5031): null:-1] - output:outHost(String host): qapm.baidu.com
12-10 17:23:49.994 D/XRAY-NET(29892): [PullConfigThread(5031): null:-1] - output:headerParam(String key, String value): Host; qapm.baidu.com
12-10 17:23:49.994 D/XRAY-NET(29892): [PullConfigThread(5031): null:-1] - output:headerParam(String key, String value): Connection; Keep-Alive
12-10 17:23:49.995 D/XRAY-NET(29892): [PullConfigThread(5031): null:-1] - output:headerParam(String key, String value): Accept-Encoding; gzip
12-10 17:23:49.995 D/XRAY-NET(29892): [PullConfigThread(5031): null:-1] - output:headerParam(String key, String value): Content-Length; 63
12-10 17:23:49.996 D/XRAY-NET(29892): [PullConfigThread(5031): null:-1] - output:setAStreamBufferFormat
12-10 17:23:49.996 D/XRAY-NET(29892): [PullConfigThread(5031): null:-1] - output:getAStreamBufferFormat
12-10 17:23:49.996 D/XRAY-NET(29892): [PullConfigThread(5031): null:-1] - output:streamContent(String content)["284471ab78dad815","3.11.2.3850","1111111111111111111","N\/A"]
12-10 17:23:49.997 D/XRAY-NET(29892): [PullConfigThread(5031): null:-1] - output:streamBytes(int bytes): 296
12-10 17:23:49.997 D/XRAY-NET(29892): [PullConfigThread(5031): null:-1] - output:newStreamBuffer
12-10 17:23:49.998 D/XRAY-NET(29892): [PullConfigThread(5031): null:-1] - output:setAStreamBufferFormat
12-10 17:23:50.006 I/SILOG_ShiledWrapper(29672): 100009 not init : 14
12-10 17:23:50.108 D/XRAY-NET(29892): [PullConfigThread(5031): null:-1] - input:streamCustomRead
12-10 17:23:50.109 D/XRAY-NET(29892): [PullConfigThread(5031): null:-1] - input:customRead
12-10 17:23:50.109 D/XRAY-NET(29892): [PullConfigThread(5031): null:-1] - input:inStatusCode: 200
12-10 17:23:50.110 D/XRAY-NET(29892): [PullConfigThread(5031): null:-1] - url = https://qapm.baidu.com/api/mobile/pull-conf
12-10 17:23:50.111 D/XRAY-NET(29892): [PullConfigThread(5031): null:-1] - input: setAStreamBufferFormat(AStreamBufferFormat impl)
12-10 17:23:50.111 D/XRAY-NET(29892): [PullConfigThread(5031): null:-1] - input: setAStreamBufferFormat()
12-10 17:23:50.111 D/XRAY-NET(29892): [PullConfigThread(5031): null:-1] - input:headerParam(String key, String value)
12-10 17:23:50.112 D/XRAY-NET(29892): [PullConfigThread(5031): null:-1] - input:headerParam(String key, String value)
12-10 17:23:50.112 D/XRAY-NET(29892): [PullConfigThread(5031): null:-1] - input:contentType(String contentType): application/json; charset=UTF-8
12-10 17:23:50.112 D/XRAY-NET(29892): [PullConfigThread(5031): null:-1] - content-type found:application/json; charset=UTF-8
12-10 17:23:50.113 D/XRAY-NET(29892): [PullConfigThread(5031): null:-1] - input:headerParam(String key, String value)
12-10 17:23:50.113 D/XRAY-NET(29892): [PullConfigThread(5031): null:-1] - input:headerParam(String key, String value)
12-10 17:23:50.113 D/XRAY-NET(29892): [PullConfigThread(5031): null:-1] - input:headerParam(String key, String value)
12-10 17:23:50.114 D/XRAY-NET(29892): [PullConfigThread(5031): null:-1] - input:headerParam(String key, String value)
12-10 17:23:50.114 D/XRAY-NET(29892): [PullConfigThread(5031): null:-1] - input:headerParam(String key, String value)
12-10 17:23:50.115 D/XRAY-NET(29892): [PullConfigThread(5031): null:-1] - input:headerParam(String key, String value)
12-10 17:23:50.115 D/XRAY-NET(29892): [PullConfigThread(5031): null:-1] - input:getRequestMethod(): POST
12-10 17:23:50.115 D/XRAY-NET(29892): [PullConfigThread(5031): null:-1] - input: setAStreamBufferFormat(AStreamBufferFormat impl)
12-10 17:23:50.116 D/XRAY-NET(29892): [PullConfigThread(5031): null:-1] - input: setAStreamBufferFormat()
12-10 17:23:50.116 D/XRAY-NET(29892): [PullConfigThread(5031): null:-1] - input:streamContent(String content): �-��
12-10 17:23:50.116 D/XRAY-NET(29892): 1D�e�Ev�nbjk��#�X�hr ��n8o^3<��1;�
12-10 17:23:50.116 D/XRAY-NET(29892): ���R��
12-10 17:23:50.116 D/XRAY-NET(29892): �˟��v���a�!5��v"S
12-10 17:23:50.116 D/XRAY-NET(29892): T�5l�Mȃ�pC��o}�)6;�����^�mg��?g����
12-10 17:23:50.116 D/XRAY-NET(29892): [PullConfigThread(5031): null:-1] - input:streamBytes(int bytes): 375
12-10 17:23:50.117 D/XRAY-NET(29892): [PullConfigThread(5031): null:-1] - input inSaveData! byteReceived = 375; var2 = -1
12-10 17:23:50.117 E/XRAY-NET(29892): [PullConfigThread(5031): null:-1] - header里的起始时间为0 ！
12-10 17:23:50.117 D/XRAY-NET(29892): [PullConfigThread(5031): null:-1] - input:newStreamBuffer()
12-10 17:23:50.118 D/XRAY-NET(29892): [PullConfigThread(5031): null:-1] - input: setAStreamBufferFormat(AStreamBufferFormat impl)
12-10 17:23:50.121 D/XRAY    (29892): [PullConfigThread(5031): null:-1] - responseResult:{"code":0,"msg":"Success","requestId":"14302750711176911882121017","retData":[60,1,1,1,1,0,0,0,0,10000,0,0,"","",0,0,0,[],0],"exec":6.668}
12-10 17:23:50.122 D/XRAY    (29892): [PullConfigThread(5031): null:-1] - responseResultConfig:{"code":0,"msg":"Success","requestId":"14302750711176911882121017","retData":[60,1,1,1,1,0,0,0,0,10000,0,0,"","",0,0,0,[],0],"exec":6.668}
12-10 17:23:50.122 D/XRAY    (29892): [PullConfigThread(5031): null:-1] - 拉取配置成功!!
12-10 17:23:50.124 D/XRAY    (29892): [PullConfigThread(5031): null:-1] - interval = 60; web = 1; net = 1; behavior = 1; openQapm = 1; JSON = 0; bitmap = 0; sqlite = 0; logPeriod= 0; sampling = 10000; isHit = 0; strategy = 0; regular = ; slowSqlite = 0; battery = 0; video = 0; autoCrash = 0
12-10 17:23:50.124 D/XRAY    (29892): [PullConfigThread(5031): null:-1] - domainToFilter = 
12-10 17:23:50.125 D/XRAY    (29892): [PullConfigThread(5031): null:-1] - sampling:10000 res:2875
12-10 17:23:50.145 V/report  (29892): thread_end
12-10 17:23:50.146 V/report  (29892): thread_starting
12-10 17:23:50.146 V/report  (29892): thread_start
12-10 17:23:50.148 I/hook    (29892): getting:ota.baidu.com
12-10 17:23:50.148 I/hook    (29892): ai_flags:4
12-10 17:23:50.149 I/hook    (29892): getting:ota.baidu.com
12-10 17:23:50.149 I/hook    (29892): ai_flags:1024
12-10 17:23:50.149 W/Switch  (29892): service not connected
12-10 17:23:50.149 I/hook    (29892): safehttp enabled
12-10 17:23:50.149 I/DnsHelper(29892): method get called, url:ota.baidu.com
12-10 17:23:50.152 V/BDHttpDns(29892): Hosts for httpdns request is (ota.baidu.com) 
12-10 17:23:50.153 V/BDHttpDns(29892): Httpdns request request for host(ota.baidu.com) is in processing，will exclude it.
12-10 17:23:50.153 V/BDHttpDns(29892): Sync resolve successful, host(ota.baidu.com) ipv4List([180.97.104.211]) ipv6List([]) resolveType(RESOLVE_FROM_DNS_CACHE)
12-10 17:23:50.154 I/DnsHelper(29892): result:180.97.104.211
12-10 17:23:50.154 I/DnsHelper(29892): get finish
12-10 17:23:50.154 I/hook    (29892): result:0
12-10 17:23:50.154 I/System.out(29892): lookupHostByName() using ota.baidu.com/180.97.104.211 DNS result addresses is /180.97.104.211 
12-10 17:23:50.155 D/XRAY    (29892): [pool-2-thread-1(5021): null:-1] - IP address:180.97.104.211
12-10 17:23:50.155 D/XRAY    (29892): [pool-2-thread-1(5021): null:-1] - 此处设置当前threadId = 5021
12-10 17:23:50.156 I/hook    (29892): getting:192.168.101.141
12-10 17:23:50.156 I/hook    (29892): ai_flags:4
12-10 17:23:50.157 D/XRAY    (29892): [pool-2-thread-1(5021): null:-1] - XraySocketImplFactory23->createSocketImpl
12-10 17:23:50.157 D/XRAY    (29892): [pool-2-thread-1(5021): null:-1] - connect3:1575969830157
12-10 17:23:50.439 I/MiTv-Impl-tv2_55-amlogic-SoundRecorder( 3417): onPeriodicNotification, mCount = 5419, mRecordTimeInSecond = -1, mRecorder = android.media.AudioRecord@84b965d
12-10 17:23:50.496 I/SILOG_ShiledWrapper(29672): process 100059 not init 14 times
12-10 17:23:50.506 I/SILOG_ShiledWrapper(29672): 100060 not init 15
12-10 17:23:50.507 I/SILOG_ShiledWrapper(29672): trash 100059 not init 14times
12-10 17:23:50.544 I/SILOG_ShiledWrapper(29672): 100009 not init : 15
12-10 17:23:51.037 I/SILOG_ShiledWrapper(29672): process 100059 not init 15 times
12-10 17:23:51.041 I/SILOG_ShiledWrapper(29672): 100060 not init 16
12-10 17:23:51.044 I/SILOG_ShiledWrapper(29672): trash 100059 not init 15times
12-10 17:23:51.086 I/SILOG_ShiledWrapper(29672): 100009 not init : 16
12-10 17:23:51.436 I/MiTv-Impl-tv2_55-amlogic-SoundRecorder( 3417): onPeriodicNotification, mCount = 5420, mRecordTimeInSecond = -1, mRecorder = android.media.AudioRecord@84b965d
12-10 17:23:51.443 E/XRAY    (29990): [PullConfigThread(5026): null:-1] - TCP连接失败
12-10 17:23:51.456 D/XRAY    (29990): [PullConfigThread(5026): null:-1] - 堆栈信息是：java.net.SocketTimeoutException
12-10 17:23:51.456 D/XRAY    (29990): failed to connect to /192.168.101.141 (port 8888) after 8000ms
12-10 17:23:51.456 D/XRAY    (29990): 
12-10 17:23:51.456 D/XRAY    (29990): libcore.io.IoBridge.connectErrno(IoBridge.java:169)
12-10 17:23:51.456 D/XRAY    (29990): libcore.io.IoBridge.connect(IoBridge.java:122)
12-10 17:23:51.456 D/XRAY    (29990): java.net.PlainSocketImpl.connect(PlainSocketImpl.java:183)
12-10 17:23:51.456 D/XRAY    (29990): java.net.PlainSocketImpl.connect(PlainSocketImpl.java:452)
12-10 17:23:51.456 D/XRAY    (29990): com.baidu.xray.agent.socket.b.b.connect(Unknown Source)
12-10 17:23:51.456 D/XRAY    (29990): java.net.Socket.connect(Socket.java:884)
12-10 17:23:51.456 D/XRAY    (29990): com.android.okhttp.internal.Platform.connectSocket(Platform.java:117)
12-10 17:23:51.456 D/XRAY    (29990): com.android.okhttp.internal.http.SocketConnector.connectRawSocket(SocketConnector.java:160)
12-10 17:23:51.456 D/XRAY    (29990): com.android.okhttp.internal.http.SocketConnector.connectTls(SocketConnector.java:79)
12-10 17:23:51.456 D/XRAY    (29990): com.android.okhttp.Connection.connect(Connection.java:143)
12-10 17:23:51.456 D/XRAY    (29990): com.android.okhttp.Connection.connectAndSetOwner(Connection.java:185)
12-10 17:23:51.456 D/XRAY    (29990): com.android.okhttp.OkHttpClient$1.connectAndSetOwner(OkHttpClient.java:128)
12-10 17:23:51.456 D/XRAY    (29990): com.android.okhttp.internal.http.HttpEngine.nextConnection(HttpEngine.java:341)
12-10 17:23:51.456 D/XRAY    (29990): com.android.okhttp.internal.http.HttpEngine.connect(HttpEngine.java:330)
12-10 17:23:51.456 D/XRAY    (29990): com.android.okhttp.internal.http.HttpEngine.sendRequest(HttpEngine.java:248)
12-10 17:23:51.456 D/XRAY    (29990): com.android.okhttp.internal.huc.HttpURLConnectionImpl.execute(HttpURLConnectionImpl.java:437)
12-10 17:23:51.456 D/XRAY    (29990): com.android.okhttp.internal.huc.HttpURLConnectionImpl.connect(HttpURLConnectionImpl.java:114)
12-10 17:23:51.456 D/XRAY    (29990): com.android.okhttp.internal.huc.HttpURLConnectionImpl.getOutputStream(HttpURLConnectionImpl.java:245)
12-10 17:23:51.456 D/XRAY    (29990): com.android.okhttp.internal.huc.DelegatingHttpsURLConnection.getOutputStream(DelegatingHttpsURLConnection.java:218)
12-10 17:23:51.456 D/XRAY    (29990): com.android.okhttp.internal.huc.HttpsURLConnectionImpl.getOutputStream(HttpsURLConnectionImpl.java)
12-10 17:23:51.456 D/XRAY    (29990): com.baidu.xray.agent.c.a.b(Unknown Source)
12-10 17:23:51.456 D/XRAY    (29990): com.baidu.xray.agent.c.a.a(Unknown Source)
12-10 17:23:51.456 D/XRAY    (29990): com.baidu.xray.agent.c.a.run(Unknown Source)
12-10 17:23:51.458 E/XRAY    (29990): [PullConfigThread(5026): null:-1] - aps error 保存数据成功：
12-10 17:23:51.458 E/XRAY    (29990): ["25d006db-653d-44e7-9c2b-f3fc78d35ac7",1575969831449,"http:\/\/192.168.101.141",0,-1014,"java.net.SocketTimeoutException\nfailed to connect to \/192.168.101.141 (port 8888) after 8000ms\n\nlibcore.io.IoBridge.connectErrno(IoBridge.java:169)\nlibcore.io.IoBridge.connect(IoBridge.java:122)\njava.net.PlainSocketImpl.connect(PlainSocketImpl.java:183)\njava.net.PlainSocketImpl.connect(PlainSocketImpl.java:452)\ncom.baidu.xray.agent.socket.b.b.connect(Unknown Source)\njava.net.Socket.connect(Socket.java:884)\ncom.android.okhttp.internal.Platform.connectSocket(Platform.java:117)\ncom.android.okhttp.internal.http.SocketConnector.connectRawSocket(SocketConnector.java:160)\ncom.android.okhttp.internal.http.SocketConnector.connectTls(SocketConnector.java:79)\ncom.android.okhttp.Connection.connect(Connection.java:143)\ncom.android.okhttp.Connection.connectAndSetOwner(Connection.java:185)\ncom.android.okhttp.OkHttpClient$1.connectAndSetOwner(OkHttpClient.java:128)\ncom.android.okhttp.internal.http.HttpEngine.nextConnection(HttpEngine.java:341)\ncom.android.okhttp.internal.http.HttpEngine.connect(HttpEngine.java:330)\ncom.android.okhttp.internal.http.HttpEngine.sendRequest(HttpEngine.java:248)\ncom.android.okhttp.internal.huc.HttpURLConnectionImpl.execute(HttpURLConnectionImpl.java:437)\ncom.android.okhttp.internal.huc.HttpURLConnectionImpl.connect(HttpURLConnectionImpl.java:114)\ncom.android.okhttp.internal.huc.HttpURLConnectionImpl.getOutputStream(HttpURLConnectionImpl.java:245)\ncom.android.okhttp.internal.huc.DelegatingHttpsURLConnection.getOutputStream(DelegatingHttpsURLConnection.java:218)\ncom.android.okhttp.internal.huc.HttpsURLConnectionImpl.getOutputStream(HttpsURLConnectionImpl.java)\ncom.baidu.xray.agent.c.a.b(Unknown Source)\ncom.baidu.xray.agent.c.a.a(Unknown Source)\ncom.baidu.xray.agent.c.a.run(Unknown Source)","","",""]
12-10 17:23:51.460 I/hook    (29990): getting:qapm.baidu.com
12-10 17:23:51.460 I/hook    (29990): ai_flags:4
12-10 17:23:51.460 I/hook    (29990): getting:qapm.baidu.com
12-10 17:23:51.460 I/hook    (29990): ai_flags:1024
12-10 17:23:51.460 W/Switch  (29990): service not connected
12-10 17:23:51.460 I/hook    (29990): safehttp enabled
12-10 17:23:51.461 I/DnsHelper(29990): method get called, url:qapm.baidu.com
12-10 17:23:51.463 V/BDHttpDns(29990): Hosts for httpdns request is (qapm.baidu.com) 
12-10 17:23:51.464 I/hook    (29990): getting:qapm.baidu.com
12-10 17:23:51.464 I/hook    (29990): ai_flags:4
12-10 17:23:51.465 I/hook    (29990): getting:qapm.baidu.com
12-10 17:23:51.465 I/hook    (29990): ai_flags:1024
12-10 17:23:51.465 W/Switch  (29990): service not connected
12-10 17:23:51.465 I/hook    (29990): safehttp enabled
12-10 17:23:51.468 V/BDHttpDns(29990): Using BGPServerIp(180.76.76.200)
12-10 17:23:51.469 I/hook    (29990): getting:180.76.76.200
12-10 17:23:51.469 I/hook    (29990): ai_flags:4
12-10 17:23:51.470 D/XRAY    (29990): [pool-11-thread-4(5056): null:-1] - IP address:180.76.76.200
12-10 17:23:51.470 D/XRAY    (29990): [pool-11-thread-4(5056): null:-1] - 此处设置当前threadId = 5056
12-10 17:23:51.471 I/hook    (29990): getting:180.76.76.200
12-10 17:23:51.471 I/hook    (29990): ai_flags:4
12-10 17:23:51.471 I/System.out(29990): lookupHostByName() using qapm.baidu.com/220.181.107.169 DNS result addresses is /220.181.107.169 
12-10 17:23:51.472 V/BDHttpDns(29990): Dns resolve successful, host(qapm.baidu.com), ipv4List([220.181.107.169]), ipv6List([])
12-10 17:23:51.472 I/hook    (29990): getting:192.168.101.141
12-10 17:23:51.472 I/hook    (29990): ai_flags:4
12-10 17:23:51.472 V/BDHttpDns(29990): Set entry to DNS cache, host(qapm.baidu.com), ipv4List([220.181.107.169]), ipv6List([]), ttl(60)
12-10 17:23:51.472 V/BDHttpDns(29990): Sync resolve successful, host(qapm.baidu.com) ipList([220.181.107.169]) ipv6List([]) resolveType(RESOLVE_FROM_DNS)
12-10 17:23:51.472 I/DnsHelper(29990): result:220.181.107.169
12-10 17:23:51.472 I/DnsHelper(29990): get finish
12-10 17:23:51.472 I/hook    (29990): result:0
12-10 17:23:51.473 I/System.out(29990): lookupHostByName() using qapm.baidu.com/220.181.107.169 DNS result addresses is /220.181.107.169 
12-10 17:23:51.473 D/XRAY    (29990): [pool-11-thread-4(5056): null:-1] - XraySocketImplFactory23->createSocketImpl
12-10 17:23:51.473 D/XRAY    (29990): [PullConfigThread(5026): null:-1] - XraySocketImplFactory23->createSocketImpl
12-10 17:23:51.474 D/XRAY    (29990): [PullConfigThread(5026): null:-1] - connect3:1575969831473
12-10 17:23:51.474 D/XRAY    (29990): [pool-11-thread-4(5056): null:-1] - connect3:1575969831473
12-10 17:23:51.535 D/XRAY    (29990): [PullConfigThread(5026): null:-1] - PlainSocketImpl:host = qapm.baidu.com
12-10 17:23:51.535 D/XRAY    (29990):  ip = 220.181.107.169
12-10 17:23:51.536 D/XRAY    (29990): [PullConfigThread(5026): null:-1] - XraySocketImplFactory23->createSocketImpl
12-10 17:23:51.539 I/hook    (29990): getting:qapm.baidu.com
12-10 17:23:51.539 I/hook    (29990): ai_flags:4
12-10 17:23:51.571 I/SILOG_ShiledWrapper(29672): process 100059 not init 16 times
12-10 17:23:51.584 I/SILOG_ShiledWrapper(29672): 100060 not init 17
12-10 17:23:51.585 I/SILOG_ShiledWrapper(29672): trash 100059 not init 16times
12-10 17:23:51.621 I/SILOG_ShiledWrapper(29672): 100009 not init : 17
12-10 17:23:51.692 D/XRAY    (29990): [PullConfigThread(5026): null:-1] - XrayOpenSSLSocketImplWrapper ssl time：153; increase:153
12-10 17:23:51.694 D/XRAY    (29990): [PullConfigThread(5026): null:-1] - XrayOpenSSLSocketImplWrapper ssl time：153; increase:0
12-10 17:23:51.694 D/XRAY    (29990): [PullConfigThread(5026): null:-1] - XrayOpenSSLSocketImplWrapper->new InputStream here
12-10 17:23:51.695 D/XRAY-NET(29990): [PullConfigThread(5026): null:-1] - input:newStreamBuffer()
12-10 17:23:51.696 D/XRAY    (29990): [PullConfigThread(5026): null:-1] - XrayOpenSSLSocketImplWrapper ssl time：153; increase:0
12-10 17:23:51.696 D/XRAY    (29990): [PullConfigThread(5026): null:-1] - XrayOpenSSLSocketImplWrapper->new OutputStream here
12-10 17:23:51.697 D/XRAY-NET(29990): [PullConfigThread(5026): null:-1] - output:newStreamBuffer
12-10 17:23:51.699 D/XRAY-NET(29990): [PullConfigThread(5026): null:-1] - output:streamCustomWrite
12-10 17:23:51.700 D/XRAY-NET(29990): [PullConfigThread(5026): null:-1] - output:customWrite
12-10 17:23:51.700 D/XRAY-NET(29990): [PullConfigThread(5026): null:-1] - output:getMethodPath: POST； path = /api/mobile/pull-conf
12-10 17:23:51.701 D/XRAY    (29990): [PullConfigThread(5026): null:-1] - create connection stats
12-10 17:23:51.703 D/XRAY-NET(29990): [PullConfigThread(5026): null:-1] - output:setAStreamBufferFormat
12-10 17:23:51.703 D/XRAY-NET(29990): [PullConfigThread(5026): null:-1] - output:getAStreamBufferFormat
12-10 17:23:51.704 D/XRAY-NET(29990): [PullConfigThread(5026): null:-1] - output:contentType(String contentType): application/json
12-10 17:23:51.704 D/XRAY-NET(29990): [PullConfigThread(5026): null:-1] - output:headerParam(String key, String value): Content-Type; application/json
12-10 17:23:51.705 D/XRAY-NET(29990): [PullConfigThread(5026): null:-1] - output:headerParam(String key, String value): User-Agent; Dalvik/2.1.0 (Linux; U; Android 6.0.1; MiTV4A Build/MHC19J)
12-10 17:23:51.705 D/XRAY-NET(29990): [PullConfigThread(5026): null:-1] - output:outHost(String host): qapm.baidu.com
12-10 17:23:51.706 D/XRAY-NET(29990): [PullConfigThread(5026): null:-1] - output:headerParam(String key, String value): Host; qapm.baidu.com
12-10 17:23:51.706 D/XRAY-NET(29990): [PullConfigThread(5026): null:-1] - output:headerParam(String key, String value): Connection; Keep-Alive
12-10 17:23:51.706 D/XRAY-NET(29990): [PullConfigThread(5026): null:-1] - output:headerParam(String key, String value): Accept-Encoding; gzip
12-10 17:23:51.707 D/XRAY-NET(29990): [PullConfigThread(5026): null:-1] - output:headerParam(String key, String value): Content-Length; 63
12-10 17:23:51.708 D/XRAY-NET(29990): [PullConfigThread(5026): null:-1] - output:setAStreamBufferFormat
12-10 17:23:51.708 D/XRAY-NET(29990): [PullConfigThread(5026): null:-1] - output:getAStreamBufferFormat
12-10 17:23:51.710 D/XRAY-NET(29990): [PullConfigThread(5026): null:-1] - output:streamContent(String content)["284471ab78dad815","3.11.2.3850","1111111111111111111","N\/A"]
12-10 17:23:51.710 D/XRAY-NET(29990): [PullConfigThread(5026): null:-1] - output:streamBytes(int bytes): 296
12-10 17:23:51.711 D/XRAY-NET(29990): [PullConfigThread(5026): null:-1] - output:newStreamBuffer
12-10 17:23:51.711 D/XRAY-NET(29990): [PullConfigThread(5026): null:-1] - output:setAStreamBufferFormat
12-10 17:23:51.808 D/WifiStateMachine( 2975):  ConnectedState !CMD_RSSI_POLL  rt=681714348/681714348 2 0 "security_department_xiedongyue" 48:7d:2e:4a:24:aa rssi=-42 f=2412 sc=60 link=72 tx=319.1, 0.0, 0.0  rx=261.0 bcn=0 [on:0 tx:0 rx:0 period:3003] from screen [on:0 period:-283165824] gl hn rssi=-37 ag=0 hr ticks 0,0,0 ls-=0 [56,56,60,60,65] brc=0 lrc=0 offload-stopped
12-10 17:23:51.809 D/WifiStateMachine( 2975):  L2ConnectedState !CMD_RSSI_POLL  rt=681714349/681714349 2 0 "security_department_xiedongyue" 48:7d:2e:4a:24:aa rssi=-42 f=2412 sc=60 link=72 tx=319.1, 0.0, 0.0  rx=261.0 bcn=0 [on:0 tx:0 rx:0 period:1] from screen [on:0 period:-283165823] gl hn rssi=-37 ag=0 hr ticks 0,0,0 ls-=0 [56,56,60,60,65] brc=0 lrc=0 offload-stopped
12-10 17:23:51.811 I/wpa_supplicant( 3774): [CTRL_IFACE]wlan0: SIGNAL_POLL
12-10 17:23:51.819 D/MiTVNetworkController(29402): action onReceive is : android.net.wifi.RSSI_CHANGED, mitv.network.ethernet.action.ETHERNET_STATE_CHANGED
12-10 17:23:51.819 D/MiTVNetworkController(29402): updateWifiIcons mWifiConnected:true, mWifiLevel:3 mEthernetConnected false
12-10 17:23:51.819 D/NetworkStateManager(29402): changeNetworkState, type:2, flag:0, level:3, lable:security_department_xiedongyue
12-10 17:23:51.819 D/NetworkStateView(29402): changeNetworkState type:2, flag:0, level:3, label:security_department_xiedongyue, last_lable:null
12-10 17:23:51.821 D/XRAY-NET(29990): [PullConfigThread(5026): null:-1] - input:streamCustomRead
12-10 17:23:51.822 D/XRAY-NET(29990): [PullConfigThread(5026): null:-1] - input:customRead
12-10 17:23:51.822 D/XRAY-NET(29990): [PullConfigThread(5026): null:-1] - input:inStatusCode: 200
12-10 17:23:51.823 D/XRAY-NET(29990): [PullConfigThread(5026): null:-1] - url = https://qapm.baidu.com/api/mobile/pull-conf
12-10 17:23:51.825 D/XRAY-NET(29990): [PullConfigThread(5026): null:-1] - input: setAStreamBufferFormat(AStreamBufferFormat impl)
12-10 17:23:51.825 D/XRAY-NET(29990): [PullConfigThread(5026): null:-1] - input: setAStreamBufferFormat()
12-10 17:23:51.826 D/XRAY-NET(29990): [PullConfigThread(5026): null:-1] - input:headerParam(String key, String value)
12-10 17:23:51.827 D/XRAY-NET(29990): [PullConfigThread(5026): null:-1] - input:headerParam(String key, String value)
12-10 17:23:51.827 I/SafeEnvPerception(29655): onStartCommand
12-10 17:23:51.827 D/XRAY-NET(29990): [PullConfigThread(5026): null:-1] - input:contentType(String contentType): application/json; charset=UTF-8
12-10 17:23:51.828 D/XRAY-NET(29990): [PullConfigThread(5026): null:-1] - content-type found:application/json; charset=UTF-8
12-10 17:23:51.832 D/XRAY-NET(29990): [PullConfigThread(5026): null:-1] - input:headerParam(String key, String value)
12-10 17:23:51.832 D/XRAY-NET(29990): [PullConfigThread(5026): null:-1] - input:headerParam(String key, String value)
12-10 17:23:51.832 D/XRAY-NET(29990): [PullConfigThread(5026): null:-1] - input:headerParam(String key, String value)
12-10 17:23:51.833 D/XRAY-NET(29990): [PullConfigThread(5026): null:-1] - input:headerParam(String key, String value)
12-10 17:23:51.833 D/XRAY-NET(29990): [PullConfigThread(5026): null:-1] - input:headerParam(String key, String value)
12-10 17:23:51.834 D/XRAY-NET(29990): [PullConfigThread(5026): null:-1] - input:headerParam(String key, String value)
12-10 17:23:51.834 D/XRAY-NET(29990): [PullConfigThread(5026): null:-1] - input:getRequestMethod(): POST
12-10 17:23:51.834 D/XRAY-NET(29990): [PullConfigThread(5026): null:-1] - input: setAStreamBufferFormat(AStreamBufferFormat impl)
12-10 17:23:51.835 D/XRAY-NET(29990): [PullConfigThread(5026): null:-1] - input: setAStreamBufferFormat()
12-10 17:23:51.835 D/XRAY-NET(29990): [PullConfigThread(5026): null:-1] - input:streamContent(String content): �-��
12-10 17:23:51.835 D/XRAY-NET(29990): �0E��Ώ�Q3w��(�JiA(���=��p>H��U��wD�[J�3o{m��m�����z��؇F�J�应q�Ux��Zw<���f�Y`�%���C����w��
12-10 17:23:51.835 D/XRAY-NET(29990): [PullConfigThread(5026): null:-1] - input:streamBytes(int bytes): 377
12-10 17:23:51.836 D/XRAY-NET(29990): [PullConfigThread(5026): null:-1] - input inSaveData! byteReceived = 377; var2 = -1
12-10 17:23:51.836 E/XRAY-NET(29990): [PullConfigThread(5026): null:-1] - header里的起始时间为0 ！
12-10 17:23:51.836 D/XRAY-NET(29990): [PullConfigThread(5026): null:-1] - input:newStreamBuffer()
12-10 17:23:51.837 D/XRAY-NET(29990): [PullConfigThread(5026): null:-1] - input: setAStreamBufferFormat(AStreamBufferFormat impl)
12-10 17:23:51.840 D/XRAY    (29990): [PullConfigThread(5026): null:-1] - responseResult:{"code":0,"msg":"Success","requestId":"14319730731831682058121017","retData":[60,1,1,1,1,0,0,0,0,10000,0,0,"","",0,0,0,[],0],"exec":9.785}
12-10 17:23:51.841 D/XRAY    (29990): [PullConfigThread(5026): null:-1] - responseResultConfig:{"code":0,"msg":"Success","requestId":"14319730731831682058121017","retData":[60,1,1,1,1,0,0,0,0,10000,0,0,"","",0,0,0,[],0],"exec":9.785}
12-10 17:23:51.841 D/XRAY    (29990): [PullConfigThread(5026): null:-1] - 拉取配置成功!!
12-10 17:23:51.843 D/XRAY    (29990): [PullConfigThread(5026): null:-1] - interval = 60; web = 1; net = 1; behavior = 1; openQapm = 1; JSON = 0; bitmap = 0; sqlite = 0; logPeriod= 0; sampling = 10000; isHit = 0; strategy = 0; regular = ; slowSqlite = 0; battery = 0; video = 0; autoCrash = 0
12-10 17:23:51.844 D/XRAY    (29990): [PullConfigThread(5026): null:-1] - domainToFilter = 
12-10 17:23:51.845 D/XRAY    (29990): [PullConfigThread(5026): null:-1] - sampling:10000 res:5603
12-10 17:23:52.111 I/SILOG_ShiledWrapper(29672): process 100059 not init 17 times
12-10 17:23:52.125 I/SILOG_ShiledWrapper(29672): 100060 not init 18
12-10 17:23:52.127 I/SILOG_ShiledWrapper(29672): trash 100059 not init 17times
12-10 17:23:52.166 I/SILOG_ShiledWrapper(29672): 100009 not init : 18
12-10 17:23:52.435 I/MiTv-Impl-tv2_55-amlogic-SoundRecorder( 3417): onPeriodicNotification, mCount = 5421, mRecordTimeInSecond = -1, mRecorder = android.media.AudioRecord@84b965d
12-10 17:23:52.588 I/UsageStatsService( 2975): User[0] Flushing usage stats to disk
12-10 17:23:52.644 V/report  (29990): thread_end
12-10 17:23:52.651 I/power   ( 2975): acquire_wake_lock lock=1 id='KeyEvents'
12-10 17:23:52.651 I/power   ( 2975): release_wake_lock id='KeyEvents'
12-10 17:23:52.652 I/SILOG_ShiledWrapper(29672): process 100059 not init 18 times
12-10 17:23:52.673 I/SILOG_ShiledWrapper(29672): trash 100059 not init 18times
12-10 17:23:52.677 I/SILOG_ShiledWrapper(29672): 100060 not init 19
12-10 17:23:52.679 E/XRAY    (29990): [pool-12-thread-1(5051): null:-1] - TCP连接失败
12-10 17:23:52.690 D/XRAY    (29990): [pool-12-thread-1(5051): null:-1] - 堆栈信息是：java.net.SocketTimeoutException
12-10 17:23:52.690 D/XRAY    (29990): failed to connect to /192.168.101.141 (port 8888) after 6000ms
12-10 17:23:52.690 D/XRAY    (29990): 
12-10 17:23:52.690 D/XRAY    (29990): libcore.io.IoBridge.connectErrno(IoBridge.java:169)
12-10 17:23:52.690 D/XRAY    (29990): libcore.io.IoBridge.connect(IoBridge.java:122)
12-10 17:23:52.690 D/XRAY    (29990): java.net.PlainSocketImpl.connect(PlainSocketImpl.java:183)
12-10 17:23:52.690 D/XRAY    (29990): java.net.PlainSocketImpl.connect(PlainSocketImpl.java:452)
12-10 17:23:52.690 D/XRAY    (29990): com.baidu.xray.agent.socket.b.b.connect(Unknown Source)
12-10 17:23:52.690 D/XRAY    (29990): java.net.Socket.connect(Socket.java:884)
12-10 17:23:52.690 D/XRAY    (29990): com.android.okhttp.internal.Platform.connectSocket(Platform.java:117)
12-10 17:23:52.690 D/XRAY    (29990): com.android.okhttp.internal.http.SocketConnector.connectRawSocket(SocketConnector.java:160)
12-10 17:23:52.690 D/XRAY    (29990): com.android.okhttp.internal.http.SocketConnector.connectTls(SocketConnector.java:79)
12-10 17:23:52.690 D/XRAY    (29990): com.android.okhttp.Connection.connect(Connection.java:143)
12-10 17:23:52.690 D/XRAY    (29990): com.android.okhttp.Connection.connectAndSetOwner(Connection.java:185)
12-10 17:23:52.690 D/XRAY    (29990): com.android.okhttp.OkHttpClient$1.connectAndSetOwner(OkHttpClient.java:128)
12-10 17:23:52.690 D/XRAY    (29990): com.android.okhttp.internal.http.HttpEngine.nextConnection(HttpEngine.java:341)
12-10 17:23:52.690 D/XRAY    (29990): com.android.okhttp.internal.http.HttpEngine.connect(HttpEngine.java:330)
12-10 17:23:52.690 D/XRAY    (29990): com.android.okhttp.internal.http.HttpEngine.sendRequest(HttpEngine.java:248)
12-10 17:23:52.690 D/XRAY    (29990): com.android.okhttp.internal.huc.HttpURLConnectionImpl.execute(HttpURLConnectionImpl.java:437)
12-10 17:23:52.690 D/XRAY    (29990): com.android.okhttp.internal.huc.HttpURLConnectionImpl.connect(HttpURLConnectionImpl.java:114)
12-10 17:23:52.690 D/XRAY    (29990): com.android.okhttp.internal.huc.HttpURLConnectionImpl.getOutputStream(HttpURLConnectionImpl.java:245)
12-10 17:23:52.690 D/XRAY    (29990): com.android.okhttp.internal.huc.DelegatingHttpsURLConnection.getOutputStream(DelegatingHttpsURLConnection.java:218)
12-10 17:23:52.690 D/XRAY    (29990): com.android.okhttp.internal.huc.HttpsURLConnectionImpl.getOutputStream(HttpsURLConnectionImpl.java)
12-10 17:23:52.690 D/XRAY    (29990): com.baidu.xray.agent.f.b.b.getOutputStream(Unknown Source)
12-10 17:23:52.690 D/XRAY    (29990): com.baidu.security.d.b.a(HttpEngine.java:217)
12-10 17:23:52.690 D/XRAY    (29990): com.baidu.security.d.b.a(HttpEngine.java:268)
12-10 17:23:52.690 D/XRAY    (29990): com.baidu.security.d.c.a(HttpManager.java:79)
12-10 17:23:52.690 D/XRAY    (29990): com.baidu.security.e.b.a.a(SecurityCapalityHttpEngine.java:37)
12-10 17:23:52.690 D/XRAY    (29990): com.baidu.security.e.a.a(SecurityCapalityManager.java:84)
12-10 17:23:52.690 D/XRAY    (29990): com.baidu.security.e.a$1.run(SecurityCapalityManager.java:40)
12-10 17:23:52.690 D/XRAY    (29990): java.util.concurrent.ThreadPoolExecutor.runWorker(ThreadPoolExecutor.java:1113)
12-10 17:23:52.690 D/XRAY    (29990): java.util.concurrent.ThreadPoolExecutor$Worker.run(ThreadPoolExecutor.java:588)
12-10 17:23:52.690 D/XRAY    (29990): java.lang.Thread.run(Thread.java:818)
12-10 17:23:52.702 E/XRAY    (29990): [pool-12-thread-1(5051): null:-1] - aps error 保存数据成功：
12-10 17:23:52.702 E/XRAY    (29990): ["73a8d8b0-5ac9-434c-a347-3458585ed104",1575969832687,"http:\/\/192.168.101.141",0,-1014,"java.net.SocketTimeoutException\nfailed to connect to \/192.168.101.141 (port 8888) after 6000ms\n\nlibcore.io.IoBridge.connectErrno(IoBridge.java:169)\nlibcore.io.IoBridge.connect(IoBridge.java:122)\njava.net.PlainSocketImpl.connect(PlainSocketImpl.java:183)\njava.net.PlainSocketImpl.connect(PlainSocketImpl.java:452)\ncom.baidu.xray.agent.socket.b.b.connect(Unknown Source)\njava.net.Socket.connect(Socket.java:884)\ncom.android.okhttp.internal.Platform.connectSocket(Platform.java:117)\ncom.android.okhttp.internal.http.SocketConnector.connectRawSocket(SocketConnector.java:160)\ncom.android.okhttp.internal.http.SocketConnector.connectTls(SocketConnector.java:79)\ncom.android.okhttp.Connection.connect(Connection.java:143)\ncom.android.okhttp.Connection.connectAndSetOwner(Connection.java:185)\ncom.android.okhttp.OkHttpClient$1.connectAndSetOwner(OkHttpClient.java:128)\ncom.android.okhttp.internal.http.HttpEngine.nextConnection(HttpEngine.java:341)\ncom.android.okhttp.internal.http.HttpEngine.connect(HttpEngine.java:330)\ncom.android.okhttp.internal.http.HttpEngine.sendRequest(HttpEngine.java:248)\ncom.android.okhttp.internal.huc.HttpURLConnectionImpl.execute(HttpURLConnectionImpl.java:437)\ncom.android.okhttp.internal.huc.HttpURLConnectionImpl.connect(HttpURLConnectionImpl.java:114)\ncom.android.okhttp.internal.huc.HttpURLConnectionImpl.getOutputStream(HttpURLConnectionImpl.java:245)\ncom.android.okhttp.internal.huc.DelegatingHttpsURLConnection.getOutputStream(DelegatingHttpsURLConnection.java:218)\ncom.android.okhttp.internal.huc.HttpsURLConnectionImpl.getOutputStream(HttpsURLConnectionImpl.java)\ncom.baidu.xray.agent.f.b.b.getOutputStream(Unknown Source)\ncom.baidu.security.d.b.a(HttpEngine.java:217)\ncom.baidu.security.d.b.a(HttpEngine.java:268)\ncom.baidu.security.d.c.a(HttpManager.java:79)\ncom.baidu.security.e.b.a.a(SecurityCapalityHttpEngine.java:37)\ncom.baidu.security.e.a.a(SecurityCapalityManager.java:84)\ncom.baidu.security.e.a$1.run(SecurityCapalityManager.java:40)\njava.util.concurrent.ThreadPoolExecutor.runWorker(ThreadPoolExecutor.java:1113)\njava.util.concurrent.ThreadPoolExecutor$Worker.run(ThreadPoolExecutor.java:588)\njava.lang.Thread.run(Thread.java:818)","","",""]
12-10 17:23:52.704 I/hook    (29990): getting:msc.baidu.com
12-10 17:23:52.704 I/hook    (29990): ai_flags:4
12-10 17:23:52.704 I/hook    (29990): getting:msc.baidu.com
12-10 17:23:52.704 I/hook    (29990): ai_flags:1024
12-10 17:23:52.704 W/Switch  (29990): service not connected
12-10 17:23:52.704 I/hook    (29990): safehttp enabled
12-10 17:23:52.705 I/DnsHelper(29990): method get called, url:msc.baidu.com
12-10 17:23:52.706 V/BDHttpDns(29990): Hosts for httpdns request is (msc.baidu.com) 
12-10 17:23:52.706 V/BDHttpDns(29990): Httpdns request request for host(msc.baidu.com) is in processing，will exclude it.
12-10 17:23:52.707 V/BDHttpDns(29990): Sync resolve successful, host(msc.baidu.com) ipv4List([220.181.107.218]) ipv6List([]) resolveType(RESOLVE_FROM_DNS_CACHE)
12-10 17:23:52.707 I/DnsHelper(29990): result:220.181.107.218
12-10 17:23:52.707 I/DnsHelper(29990): get finish
12-10 17:23:52.707 I/hook    (29990): result:0
12-10 17:23:52.707 I/System.out(29990): lookupHostByName() using msc.baidu.com/220.181.107.218 DNS result addresses is /220.181.107.218 
12-10 17:23:52.708 D/XRAY    (29990): [pool-12-thread-1(5051): null:-1] - XraySocketImplFactory23->createSocketImpl
12-10 17:23:52.710 D/XRAY    (29990): [pool-12-thread-1(5051): null:-1] - connect3:1575969832709
12-10 17:23:52.718 D/XRAY    (29990): [pool-5-thread-1(5057): null:-1] - getCpuRate cost time = 12 --------- cpuRate: 0
12-10 17:23:52.767 D/XRAY    (29990): [pool-12-thread-1(5051): null:-1] - PlainSocketImpl:host = msc.baidu.com
12-10 17:23:52.767 D/XRAY    (29990):  ip = 220.181.107.218
12-10 17:23:52.769 D/XRAY    (29990): [pool-12-thread-1(5051): null:-1] - XraySocketImplFactory23->createSocketImpl
12-10 17:23:52.770 I/hook    (29990): getting:msc.baidu.com
12-10 17:23:52.770 I/hook    (29990): ai_flags:4
12-10 17:23:52.789 I/SILOG_ShiledWrapper(29672): 100009 not init : 19
12-10 17:23:52.809 E/XRAY    (29892): [OkHttp http://www.baidu.com/...(5069): null:-1] - TCP连接失败
12-10 17:23:52.810 E/XRAY    (29892): [OkHttp http://www.baidu.com/...(5068): null:-1] - TCP连接失败
12-10 17:23:52.820 D/XRAY    (29892): [OkHttp http://www.baidu.com/...(5069): null:-1] - 堆栈信息是：java.net.SocketTimeoutException
12-10 17:23:52.820 D/XRAY    (29892): failed to connect to /192.168.101.141 (port 8888) after 10000ms
12-10 17:23:52.820 D/XRAY    (29892): 
12-10 17:23:52.820 D/XRAY    (29892): libcore.io.IoBridge.connectErrno(IoBridge.java:169)
